Component: ARM Compiler 5.06 (build 20) Tool: armlink [4d35a3]

==============================================================================

Section Cross References

    main.o(i.main) refers to delay.o(i.delay_init) for delay_init
    main.o(i.main) refers to i2c_soft.o(i.IIC_Init) for IIC_Init
    main.o(i.main) refers to my_bmp180.o(i.BMP180_init) for BMP180_init
    main.o(i.main) refers to delay.o(i.delay_ms) for delay_ms
    main.o(i.main) refers to msb.o(i.HW_msb_init_Sensor) for HW_msb_init_Sensor
    main.o(i.main) refers to my_bmp180.o(i.BMP180_Routing) for BMP180_Routing
    main.o(i.main) refers to my_bmp180.o(i.BMP180_ResetAlt) for BMP180_ResetAlt
    main.o(i.main) refers to my_bmp180.o(i.BMP180_read) for BMP180_read
    main.o(i.main) refers to msb.o(i.mb_update) for mb_update
    main.o(i.main) refers to aeabi_sdiv.o(.text) for __aeabi_idivmod
    main.o(i.main) refers to delay.o(i.delay_us) for delay_us
    main.o(i.main) refers to msb.o(i.HW_msb_send_IT) for HW_msb_send_IT
    main.o(i.main) refers to my_bmp180.o(.bss) for BMP180_DATA
    main.o(i.main) refers to stm32f0xx_it.o(.data) for HW_MSB_DATA
    stm32f0xx_it.o(i.USART1_IRQHandler) refers to stm32f0xx_usart.o(i.USART_GetITStatus) for USART_GetITStatus
    stm32f0xx_it.o(i.USART1_IRQHandler) refers to stm32f0xx_usart.o(i.USART_ReceiveData) for USART_ReceiveData
    stm32f0xx_it.o(i.USART1_IRQHandler) refers to stm32f0xx_it.o(.data) for HW_MSB_DATA
    startup_stm32f030.o(STACK) refers (Special) to heapauxi.o(.text) for __use_two_region_memory
    startup_stm32f030.o(HEAP) refers (Special) to heapauxi.o(.text) for __use_two_region_memory
    startup_stm32f030.o(RESET) refers (Special) to heapauxi.o(.text) for __use_two_region_memory
    startup_stm32f030.o(RESET) refers to startup_stm32f030.o(STACK) for __initial_sp
    startup_stm32f030.o(RESET) refers to startup_stm32f030.o(.text) for Reset_Handler
    startup_stm32f030.o(RESET) refers to stm32f0xx_it.o(i.NMI_Handler) for NMI_Handler
    startup_stm32f030.o(RESET) refers to stm32f0xx_it.o(i.HardFault_Handler) for HardFault_Handler
    startup_stm32f030.o(RESET) refers to stm32f0xx_it.o(i.SVC_Handler) for SVC_Handler
    startup_stm32f030.o(RESET) refers to stm32f0xx_it.o(i.PendSV_Handler) for PendSV_Handler
    startup_stm32f030.o(RESET) refers to stm32f0xx_it.o(i.SysTick_Handler) for SysTick_Handler
    startup_stm32f030.o(RESET) refers to stm32f0xx_it.o(i.USART1_IRQHandler) for USART1_IRQHandler
    startup_stm32f030.o(.text) refers (Special) to heapauxi.o(.text) for __use_two_region_memory
    startup_stm32f030.o(.text) refers to startup_stm32f030.o(STACK) for __initial_sp
    startup_stm32f030.o(.text) refers to system_stm32f0xx.o(i.SystemInit) for SystemInit
    startup_stm32f030.o(.text) refers to __main.o(!!!main) for __main
    startup_stm32f030.o(.text) refers to startup_stm32f030.o(HEAP) for Heap_Mem
    system_stm32f0xx.o(i.SystemCoreClockUpdate) refers to aeabi_sdiv.o(.text) for __aeabi_uidivmod
    system_stm32f0xx.o(i.SystemCoreClockUpdate) refers to system_stm32f0xx.o(.data) for SystemCoreClock
    system_stm32f0xx.o(i.SystemInit) refers to system_stm32f0xx.o(i.SetSysClock) for SetSysClock
    stm32f0xx_adc.o(i.ADC_DeInit) refers to stm32f0xx_rcc.o(i.RCC_APB2PeriphResetCmd) for RCC_APB2PeriphResetCmd
    stm32f0xx_can.o(i.CAN_DeInit) refers to stm32f0xx_rcc.o(i.RCC_APB1PeriphResetCmd) for RCC_APB1PeriphResetCmd
    stm32f0xx_can.o(i.CAN_GetITStatus) refers to stm32f0xx_can.o(i.CheckITStatus) for CheckITStatus
    stm32f0xx_cec.o(i.CEC_DeInit) refers to stm32f0xx_rcc.o(i.RCC_APB1PeriphResetCmd) for RCC_APB1PeriphResetCmd
    stm32f0xx_crs.o(i.CRS_DeInit) refers to stm32f0xx_rcc.o(i.RCC_APB1PeriphResetCmd) for RCC_APB1PeriphResetCmd
    stm32f0xx_dac.o(i.DAC_DeInit) refers to stm32f0xx_rcc.o(i.RCC_APB1PeriphResetCmd) for RCC_APB1PeriphResetCmd
    stm32f0xx_flash.o(i.FLASH_EraseAllPages) refers to stm32f0xx_flash.o(i.FLASH_WaitForLastOperation) for FLASH_WaitForLastOperation
    stm32f0xx_flash.o(i.FLASH_ErasePage) refers to stm32f0xx_flash.o(i.FLASH_WaitForLastOperation) for FLASH_WaitForLastOperation
    stm32f0xx_flash.o(i.FLASH_OB_BOOT0Config) refers to stm32f0xx_flash.o(i.FLASH_WaitForLastOperation) for FLASH_WaitForLastOperation
    stm32f0xx_flash.o(i.FLASH_OB_BOOT0SWConfig) refers to stm32f0xx_flash.o(i.FLASH_WaitForLastOperation) for FLASH_WaitForLastOperation
    stm32f0xx_flash.o(i.FLASH_OB_BOOTConfig) refers to stm32f0xx_flash.o(i.FLASH_WaitForLastOperation) for FLASH_WaitForLastOperation
    stm32f0xx_flash.o(i.FLASH_OB_EnableWRP) refers to stm32f0xx_flash.o(i.FLASH_WaitForLastOperation) for FLASH_WaitForLastOperation
    stm32f0xx_flash.o(i.FLASH_OB_Erase) refers to stm32f0xx_flash.o(i.FLASH_OB_GetRDP) for FLASH_OB_GetRDP
    stm32f0xx_flash.o(i.FLASH_OB_Erase) refers to stm32f0xx_flash.o(i.FLASH_WaitForLastOperation) for FLASH_WaitForLastOperation
[...]
    Removing bmp280.o(i.bmp280_get_standby_durn), (68 bytes).
    Removing bmp280.o(i.bmp280_init), (64 bytes).
    Removing bmp280.o(i.bmp280_read_pressure_temperature), (64 bytes).
    Removing bmp280.o(i.bmp280_read_register), (60 bytes).
    Removing bmp280.o(i.bmp280_read_uncomp_pressure), (80 bytes).
    Removing bmp280.o(i.bmp280_read_uncomp_pressure_temperature), (108 bytes).
    Removing bmp280.o(i.bmp280_read_uncomp_temperature), (80 bytes).
    Removing bmp280.o(i.bmp280_set_filter), (100 bytes).
    Removing bmp280.o(i.bmp280_set_oversamp_pressure), (108 bytes).
    Removing bmp280.o(i.bmp280_set_oversamp_temperature), (108 bytes).
    Removing bmp280.o(i.bmp280_set_power_mode), (92 bytes).
    Removing bmp280.o(i.bmp280_set_soft_rst), (56 bytes).
    Removing bmp280.o(i.bmp280_set_spi3), (100 bytes).
    Removing bmp280.o(i.bmp280_set_standby_durn), (104 bytes).
    Removing bmp280.o(i.bmp280_set_work_mode), (248 bytes).
    Removing bmp280.o(i.bmp280_write_register), (60 bytes).
    Removing bmp280.o(.data), (4 bytes).
    Removing bmp280_support.o(i.bmp280_data_readout_template), (132 bytes).
    Removing bmp280_support.o(.bss), (44 bytes).
    Removing delay.o(.rev16_text), (4 bytes).
    Removing delay.o(.revsh_text), (4 bytes).
    Removing i2c_soft.o(.rev16_text), (4 bytes).
    Removing i2c_soft.o(.revsh_text), (4 bytes).
    Removing i2c_soft.o(i.I2C_ReadOneByte), (70 bytes).
    Removing i2c_soft.o(i.IICreadByte), (22 bytes).
    Removing i2c_soft.o(i.IICwriteBit), (64 bytes).
    Removing i2c_soft.o(i.IICwriteBits), (106 bytes).
    Removing i2c_soft.o(i.READ_SDA_Status), (2 bytes).
    Removing led.o(.rev16_text), (4 bytes).
    Removing led.o(.revsh_text), (4 bytes).
    Removing led.o(i.led_init), (44 bytes).
    Removing my_bmp180.o(.rev16_text), (4 bytes).
    Removing my_bmp180.o(.revsh_text), (4 bytes).
    Removing my_bmp180.o(i.BMP180_getAlt), (12 bytes).
    Removing my_bmp180.o(i.BMP180_getTemperat), (12 bytes).
    Removing my_bmp180.o(i.MY_BMP180_Routing), (40 bytes).
    Removing my_bmp180.o(i.MY_BMP180_init), (156 bytes).
    Removing msb.o(.rev16_text), (4 bytes).
    Removing msb.o(.revsh_text), (4 bytes).
    Removing tinyekf.o(i.accum), (88 bytes).
    Removing tinyekf.o(i.add), (60 bytes).
    Removing tinyekf.o(i.choldc1), (216 bytes).
    Removing tinyekf.o(i.choldcsl), (256 bytes).
    Removing tinyekf.o(i.cholsl), (386 bytes).
    Removing tinyekf.o(i.ekf_init), (94 bytes).
    Removing tinyekf.o(i.ekf_step), (310 bytes).
    Removing tinyekf.o(i.mat_addeye), (60 bytes).
    Removing tinyekf.o(i.mulmat), (156 bytes).
    Removing tinyekf.o(i.mulvec), (110 bytes).
    Removing tinyekf.o(i.negate), (58 bytes).
    Removing tinyekf.o(i.sub), (60 bytes).
    Removing tinyekf.o(i.transpose), (52 bytes).
    Removing tinyekf.o(i.unpack), (162 bytes).
    Removing tinyekf.o(i.zeros), (30 bytes).
    Removing my_kf.o(.rev16_text), (4 bytes).
    Removing my_kf.o(.revsh_text), (4 bytes).
    Removing my_kf.o(i.my_kf), (148 bytes).
    Removing my_kf.o(i.my_kf_init), (2 bytes).
    Removing my_kf.o(.data), (24 bytes).
    Removing bmp280.o(i.__ARM_common_switch8), (28 bytes).

653 unused section(s) (total 28512 bytes) removed from the image.

==============================================================================

Image Symbol Table

    Local Symbols

    Symbol Name                              Value     Ov Type        Size  Object(Section)

    ../clib/angel/boardlib.s                 0x00000000   Number         0  boardinit2.o ABSOLUTE
    ../clib/angel/boardlib.s                 0x00000000   Number         0  boardinit3.o ABSOLUTE
    ../clib/angel/boardlib.s                 0x00000000   Number         0  boardinit1.o ABSOLUTE
    ../clib/angel/boardlib.s                 0x00000000   Number         0  boardshut.o ABSOLUTE
    ../clib/angel/handlers.s                 0x00000000   Number         0  __scatter_copy.o ABSOLUTE
    ../clib/angel/handlers.s                 0x00000000   Number         0  __scatter_zi.o ABSOLUTE
    ../clib/angel/kernel.s                   0x00000000   Number         0  __rtentry4.o ABSOLUTE
    ../clib/angel/kernel.s                   0x00000000   Number         0  __rtentry2.o ABSOLUTE
    ../clib/angel/kernel.s                   0x00000000   Number         0  rtexit2.o ABSOLUTE
    ../clib/angel/kernel.s                   0x00000000   Number         0  rtexit.o ABSOLUTE
    ../clib/angel/kernel.s                   0x00000000   Number         0  __rtentry.o ABSOLUTE
    ../clib/angel/rt.s                       0x00000000   Number         0  rt_errno_addr_intlibspace.o ABSOLUTE
    ../clib/angel/rt.s                       0x00000000   Number         0  rt_raise.o ABSOLUTE
    ../clib/angel/rt.s                       0x00000000   Number         0  aeabi_idiv0.o ABSOLUTE
    ../clib/angel/rt.s                       0x00000000   Number         0  aeabi_idiv0_sigfpe.o ABSOLUTE
    ../clib/angel/rt.s                       0x00000000   Number         0  rt_errno_addr.o ABSOLUTE
    ../clib/angel/rt.s                       0x00000000   Number         0  aeabi_ldiv0_sigfpe.o ABSOLUTE
    ../clib/angel/rt.s                       0x00000000   Number         0  aeabi_ldiv0.o ABSOLUTE
    ../clib/angel/rt.s                       0x00000000   Number         0  rt_div0.o ABSOLUTE
    ../clib/angel/scatterp.s                 0x00000000   Number         0  __scatter.o ABSOLUTE
    ../clib/angel/startup.s                  0x00000000   Number         0  __main.o ABSOLUTE
    ../clib/angel/sys.s                      0x00000000   Number         0  indicate_semi.o ABSOLUTE
    ../clib/angel/sys.s                      0x00000000   Number         0  use_no_semi.o ABSOLUTE
    ../clib/angel/sys.s                      0x00000000   Number         0  libspace.o ABSOLUTE
    ../clib/angel/sys.s                      0x00000000   Number         0  sys_stackheap_outer.o ABSOLUTE
    ../clib/angel/sys.s                      0x00000000   Number         0  tempstk.o ABSOLUTE
    ../clib/angel/sysapp.c                   0x00000000   Number         0  sys_wrch.o ABSOLUTE
    ../clib/angel/sysapp.c                   0x00000000   Number         0  sys_exit.o ABSOLUTE
    ../clib/angel/sysapp.c                   0x00000000   Number         0  sys_command.o ABSOLUTE
    ../clib/armsys.c                         0x00000000   Number         0  no_argv.o ABSOLUTE
    ../clib/armsys.c                         0x00000000   Number         0  argv_veneer.o ABSOLUTE
    ../clib/armsys.c                         0x00000000   Number         0  _get_argv_nomalloc.o ABSOLUTE
    ../clib/division.c                       0x00000000   Number         0  llsdiv.o ABSOLUTE
    ../clib/division.c                       0x00000000   Number         0  lludiv.o ABSOLUTE
    ../clib/division.s                       0x00000000   Number         0  aeabi_sdiv_div0.o ABSOLUTE
    ../clib/division.s                       0x00000000   Number         0  aeabi_sdiv.o ABSOLUTE
    ../clib/fenv.c                           0x00000000   Number         0  _rserrno.o ABSOLUTE
    ../clib/heapalloc.c                      0x00000000   Number         0  hrguard.o ABSOLUTE
    ../clib/heapaux.c                        0x00000000   Number         0  heapauxi.o ABSOLUTE
    ../clib/libinit.s                        0x00000000   Number         0  libinit2.o ABSOLUTE
    ../clib/libinit.s                        0x00000000   Number         0  libinit.o ABSOLUTE
    ../clib/libinit.s                        0x00000000   Number         0  libshutdown.o ABSOLUTE
    ../clib/libinit.s                        0x00000000   Number         0  libshutdown2.o ABSOLUTE
    ../clib/longlong.c                       0x00000000   Number         0  llmul.o ABSOLUTE
    ../clib/memcpset.c                       0x00000000   Number         0  rt_memclr.o ABSOLUTE
    ../clib/signal.c                         0x00000000   Number         0  defsig_rtmem_formal.o ABSOLUTE
    ../clib/signal.c                         0x00000000   Number         0  defsig_fpe_formal.o ABSOLUTE
    ../clib/signal.c                         0x00000000   Number         0  defsig_stak_inner.o ABSOLUTE
    ../clib/signal.c                         0x00000000   Number         0  defsig_fpe_outer.o ABSOLUTE
    ../clib/signal.c                         0x00000000   Number         0  defsig_pvfn_inner.o ABSOLUTE
    ../clib/signal.c                         0x00000000   Number         0  defsig_other.o ABSOLUTE
    ../clib/signal.c                         0x00000000   Number         0  defsig_cppl_inner.o ABSOLUTE
    ../clib/signal.c                         0x00000000   Number         0  defsig_segv_inner.o ABSOLUTE
    ../clib/signal.c                         0x00000000   Number         0  defsig_exit.o ABSOLUTE
    ../clib/signal.c                         0x00000000   Number         0  defsig_fpe_inner.o ABSOLUTE
    ../clib/signal.c                         0x00000000   Number         0  __raise.o ABSOLUTE
    ../clib/signal.c                         0x00000000   Number         0  defsig_general.o ABSOLUTE
    ../clib/signal.c                         0x00000000   Number         0  defsig_rtred_inner.o ABSOLUTE
    ../clib/signal.c                         0x00000000   Number         0  defsig_rtmem_inner.o ABSOLUTE
    ../clib/signal.c                         0x00000000   Number         0  defsig_rtmem_outer.o ABSOLUTE
    ../clib/signal.c                         0x00000000   Number         0  defsig_abrt_inner.o ABSOLUTE
    ../clib/signal.s                         0x00000000   Number         0  defsig.o ABSOLUTE
    ../clib/stdlib.c                         0x00000000   Number         0  exit.o ABSOLUTE
    ../fplib/cfplib/cmpret.c                 0x00000000   Number         0  cmpret.o ABSOLUTE
    ../fplib/cfplib/daddsub.c                0x00000000   Number         0  daddsub.o ABSOLUTE
    ../fplib/cfplib/dcmpin.c                 0x00000000   Number         0  dcmpin.o ABSOLUTE
    ../fplib/cfplib/ddiv.c                   0x00000000   Number         0  ddiv.o ABSOLUTE
    ../fplib/cfplib/dmul.c                   0x00000000   Number         0  dmul.o ABSOLUTE
    ../fplib/cfplib/dsqrt.c                  0x00000000   Number         0  dsqrt.o ABSOLUTE
    ../fplib/cfplib/f2d.c                    0x00000000   Number         0  f2d.o ABSOLUTE
    ../fplib/cfplib/fdiv.c                   0x00000000   Number         0  fdiv.o ABSOLUTE
    ../fplib/cfplib/ffix.c                   0x00000000   Number         0  dfixi.o ABSOLUTE
    ../fplib/cfplib/fflt.c                   0x00000000   Number         0  dflti.o ABSOLUTE
    ../fplib/cfplib/fflt.c                   0x00000000   Number         0  fflti.o ABSOLUTE
    ../fplib/cfplib/fpinit.c                 0x00000000   Number         0  fpinit.o ABSOLUTE
    ../fplib/cfplib/nan2.c                   0x00000000   Number         0  dnan2.o ABSOLUTE
    ../fplib/cfplib/retnan.c                 0x00000000   Number         0  retnan.o ABSOLUTE
    ../fplib/cfplib/scalbn.c                 0x00000000   Number         0  dscalbn.o ABSOLUTE
    ../fplib/deqf6m.s                        0x00000000   Number         0  deqf.o ABSOLUTE
    ../fplib/dleqf6m.s                       0x00000000   Number         0  dlef.o ABSOLUTE
    ../fplib/drleqf6m.s                      0x00000000   Number         0  drlef.o ABSOLUTE
    ../fplib/faddsub6m.s                     0x00000000   Number         0  faddsub.o ABSOLUTE
    ../fplib/usenofp.s                       0x00000000   Number         0  usenofp.o ABSOLUTE
    ../mathlib/dunder.c                      0x00000000   Number         0  dunder.o ABSOLUTE
    ../mathlib/fpclassify.c                  0x00000000   Number         0  fpclassify.o ABSOLUTE
    ../mathlib/poly.c                        0x00000000   Number         0  poly.o ABSOLUTE
    ../mathlib/pow.c                         0x00000000   Number         0  pow.o ABSOLUTE
    ../mathlib/pow.c                         0x00000000   Number         0  pow_x.o ABSOLUTE
    ../mathlib/qnan.c                        0x00000000   Number         0  qnan.o ABSOLUTE
    ../mathlib/sqrt.c                        0x00000000   Number         0  sqrt.o ABSOLUTE
    ../mathlib/sqrt.c                        0x00000000   Number         0  sqrt_x.o ABSOLUTE
    HW_DRIVER\\delay.c                       0x00000000   Number         0  delay.o ABSOLUTE
    HW_DRIVER\\i2c_soft.c                    0x00000000   Number         0  i2c_soft.o ABSOLUTE
    HW_DRIVER\\led.c                         0x00000000   Number         0  led.o ABSOLUTE
    HW_DRIVER\\msb.c                         0x00000000   Number         0  msb.o ABSOLUTE
    HW_DRIVER\\my_bmp180.c                   0x00000000   Number         0  my_bmp180.o ABSOLUTE
    HW_DRIVER\delay.c                        0x00000000   Number         0  delay.o ABSOLUTE
    HW_DRIVER\i2c_soft.c                     0x00000000   Number         0  i2c_soft.o ABSOLUTE
    HW_DRIVER\led.c                          0x00000000   Number         0  led.o ABSOLUTE
    HW_DRIVER\msb.c                          0x00000000   Number         0  msb.o ABSOLUTE
    HW_DRIVER\my_bmp180.c                    0x00000000   Number         0  my_bmp180.o ABSOLUTE
    STM32F0xx_StdPeriph_Lib_V1.5.0\Libraries\STM32F0xx_StdPeriph_Driver\src\stm32f0xx_adc.c 0x00000000   Number         0  stm32f0xx_adc.o ABSOLUTE
    STM32F0xx_StdPeriph_Lib_V1.5.0\Libraries\STM32F0xx_StdPeriph_Driver\src\stm32f0xx_can.c 0x00000000   Number         0  stm32f0xx_can.o ABSOLUTE
    STM32F0xx_StdPeriph_Lib_V1.5.0\Libraries\STM32F0xx_StdPeriph_Driver\src\stm32f0xx_cec.c 0x00000000   Number         0  stm32f0xx_cec.o ABSOLUTE
    STM32F0xx_StdPeriph_Lib_V1.5.0\Libraries\STM32F0xx_StdPeriph_Driver\src\stm32f0xx_comp.c 0x00000000   Number         0  stm32f0xx_comp.o ABSOLUTE
    STM32F0xx_StdPeriph_Lib_V1.5.0\Libraries\STM32F0xx_StdPeriph_Driver\src\stm32f0xx_crc.c 0x00000000   Number         0  stm32f0xx_crc.o ABSOLUTE
    STM32F0xx_StdPeriph_Lib_V1.5.0\Libraries\STM32F0xx_StdPeriph_Driver\src\stm32f0xx_crs.c 0x00000000   Number         0  stm32f0xx_crs.o ABSOLUTE
    STM32F0xx_StdPeriph_Lib_V1.5.0\Libraries\STM32F0xx_StdPeriph_Driver\src\stm32f0xx_dac.c 0x00000000   Number         0  stm32f0xx_dac.o ABSOLUTE
    STM32F0xx_StdPeriph_Lib_V1.5.0\Libraries\STM32F0xx_StdPeriph_Driver\src\stm32f0xx_dbgmcu.c 0x00000000   Number         0  stm32f0xx_dbgmcu.o ABSOLUTE
    STM32F0xx_StdPeriph_Lib_V1.5.0\Libraries\STM32F0xx_StdPeriph_Driver\src\stm32f0xx_dma.c 0x00000000   Number         0  stm32f0xx_dma.o ABSOLUTE
    STM32F0xx_StdPeriph_Lib_V1.5.0\Libraries\STM32F0xx_StdPeriph_Driver\src\stm32f0xx_exti.c 0x00000000   Number         0  stm32f0xx_exti.o ABSOLUTE
    STM32F0xx_StdPeriph_Lib_V1.5.0\Libraries\STM32F0xx_StdPeriph_Driver\src\stm32f0xx_flash.c 0x00000000   Number         0  stm32f0xx_flash.o ABSOLUTE
    STM32F0xx_StdPeriph_Lib_V1.5.0\Libraries\STM32F0xx_StdPeriph_Driver\src\stm32f0xx_gpio.c 0x00000000   Number         0  stm32f0xx_gpio.o ABSOLUTE
    STM32F0xx_StdPeriph_Lib_V1.5.0\Libraries\STM32F0xx_StdPeriph_Driver\src\stm32f0xx_i2c.c 0x00000000   Number         0  stm32f0xx_i2c.o ABSOLUTE
    STM32F0xx_StdPeriph_Lib_V1.5.0\Libraries\STM32F0xx_StdPeriph_Driver\src\stm32f0xx_iwdg.c 0x00000000   Number         0  stm32f0xx_iwdg.o ABSOLUTE
    STM32F0xx_StdPeriph_Lib_V1.5.0\Libraries\STM32F0xx_StdPeriph_Driver\src\stm32f0xx_misc.c 0x00000000   Number         0  stm32f0xx_misc.o ABSOLUTE
    STM32F0xx_StdPeriph_Lib_V1.5.0\Libraries\STM32F0xx_StdPeriph_Driver\src\stm32f0xx_pwr.c 0x00000000   Number         0  stm32f0xx_pwr.o ABSOLUTE
    STM32F0xx_StdPeriph_Lib_V1.5.0\Libraries\STM32F0xx_StdPeriph_Driver\src\stm32f0xx_rcc.c 0x00000000   Number         0  stm32f0xx_rcc.o ABSOLUTE
    STM32F0xx_StdPeriph_Lib_V1.5.0\Libraries\STM32F0xx_StdPeriph_Driver\src\stm32f0xx_rtc.c 0x00000000   Number         0  stm32f0xx_rtc.o ABSOLUTE
    STM32F0xx_StdPeriph_Lib_V1.5.0\Libraries\STM32F0xx_StdPeriph_Driver\src\stm32f0xx_spi.c 0x00000000   Number         0  stm32f0xx_spi.o ABSOLUTE
    STM32F0xx_StdPeriph_Lib_V1.5.0\Libraries\STM32F0xx_StdPeriph_Driver\src\stm32f0xx_syscfg.c 0x00000000   Number         0  stm32f0xx_syscfg.o ABSOLUTE
    STM32F0xx_StdPeriph_Lib_V1.5.0\Libraries\STM32F0xx_StdPeriph_Driver\src\stm32f0xx_tim.c 0x00000000   Number         0  stm32f0xx_tim.o ABSOLUTE
    STM32F0xx_StdPeriph_Lib_V1.5.0\Libraries\STM32F0xx_StdPeriph_Driver\src\stm32f0xx_usart.c 0x00000000   Number         0  stm32f0xx_usart.o ABSOLUTE
    STM32F0xx_StdPeriph_Lib_V1.5.0\Libraries\STM32F0xx_StdPeriph_Driver\src\stm32f0xx_wwdg.c 0x00000000   Number         0  stm32f0xx_wwdg.o ABSOLUTE
    STM32F0xx_StdPeriph_Lib_V1.5.0\\Libraries\\STM32F0xx_StdPeriph_Driver\\src\\stm32f0xx_adc.c 0x00000000   Number         0  stm32f0xx_adc.o ABSOLUTE
    STM32F0xx_StdPeriph_Lib_V1.5.0\\Libraries\\STM32F0xx_StdPeriph_Driver\\src\\stm32f0xx_can.c 0x00000000   Number         0  stm32f0xx_can.o ABSOLUTE
    STM32F0xx_StdPeriph_Lib_V1.5.0\\Libraries\\STM32F0xx_StdPeriph_Driver\\src\\stm32f0xx_cec.c 0x00000000   Number         0  stm32f0xx_cec.o ABSOLUTE
    STM32F0xx_StdPeriph_Lib_V1.5.0\\Libraries\\STM32F0xx_StdPeriph_Driver\\src\\stm32f0xx_comp.c 0x00000000   Number         0  stm32f0xx_comp.o ABSOLUTE
    STM32F0xx_StdPeriph_Lib_V1.5.0\\Libraries\\STM32F0xx_StdPeriph_Driver\\src\\stm32f0xx_crc.c 0x00000000   Number         0  stm32f0xx_crc.o ABSOLUTE
    STM32F0xx_StdPeriph_Lib_V1.5.0\\Libraries\\STM32F0xx_StdPeriph_Driver\\src\\stm32f0xx_crs.c 0x00000000   Number         0  stm32f0xx_crs.o ABSOLUTE
    STM32F0xx_StdPeriph_Lib_V1.5.0\\Libraries\\STM32F0xx_StdPeriph_Driver\\src\\stm32f0xx_dac.c 0x00000000   Number         0  stm32f0xx_dac.o ABSOLUTE
    STM32F0xx_StdPeriph_Lib_V1.5.0\\Libraries\\STM32F0xx_StdPeriph_Driver\\src\\stm32f0xx_dbgmcu.c 0x00000000   Number         0  stm32f0xx_dbgmcu.o ABSOLUTE
    STM32F0xx_StdPeriph_Lib_V1.5.0\\Libraries\\STM32F0xx_StdPeriph_Driver\\src\\stm32f0xx_dma.c 0x00000000   Number         0  stm32f0xx_dma.o ABSOLUTE
    STM32F0xx_StdPeriph_Lib_V1.5.0\\Libraries\\STM32F0xx_StdPeriph_Driver\\src\\stm32f0xx_exti.c 0x00000000   Number         0  stm32f0xx_exti.o ABSOLUTE
    STM32F0xx_StdPeriph_Lib_V1.5.0\\Libraries\\STM32F0xx_StdPeriph_Driver\\src\\stm32f0xx_flash.c 0x00000000   Number         0  stm32f0xx_flash.o ABSOLUTE
    STM32F0xx_StdPeriph_Lib_V1.5.0\\Libraries\\STM32F0xx_StdPeriph_Driver\\src\\stm32f0xx_gpio.c 0x00000000   Number         0  stm32f0xx_gpio.o ABSOLUTE
    STM32F0xx_StdPeriph_Lib_V1.5.0\\Libraries\\STM32F0xx_StdPeriph_Driver\\src\\stm32f0xx_i2c.c 0x00000000   Number         0  stm32f0xx_i2c.o ABSOLUTE
    STM32F0xx_StdPeriph_Lib_V1.5.0\\Libraries\\STM32F0xx_StdPeriph_Driver\\src\\stm32f0xx_iwdg.c 0x00000000   Number         0  stm32f0xx_iwdg.o ABSOLUTE
    STM32F0xx_StdPeriph_Lib_V1.5.0\\Libraries\\STM32F0xx_StdPeriph_Driver\\src\\stm32f0xx_misc.c 0x00000000   Number         0  stm32f0xx_misc.o ABSOLUTE
    STM32F0xx_StdPeriph_Lib_V1.5.0\\Libraries\\STM32F0xx_StdPeriph_Driver\\src\\stm32f0xx_pwr.c 0x00000000   Number         0  stm32f0xx_pwr.o ABSOLUTE
    STM32F0xx_StdPeriph_Lib_V1.5.0\\Libraries\\STM32F0xx_StdPeriph_Driver\\src\\stm32f0xx_rcc.c 0x00000000   Number         0  stm32f0xx_rcc.o ABSOLUTE
    STM32F0xx_StdPeriph_Lib_V1.5.0\\Libraries\\STM32F0xx_StdPeriph_Driver\\src\\stm32f0xx_rtc.c 0x00000000   Number         0  stm32f0xx_rtc.o ABSOLUTE
    STM32F0xx_StdPeriph_Lib_V1.5.0\\Libraries\\STM32F0xx_StdPeriph_Driver\\src\\stm32f0xx_spi.c 0x00000000   Number         0  stm32f0xx_spi.o ABSOLUTE
    STM32F0xx_StdPeriph_Lib_V1.5.0\\Libraries\\STM32F0xx_StdPeriph_Driver\\src\\stm32f0xx_syscfg.c 0x00000000   Number         0  stm32f0xx_syscfg.o ABSOLUTE
    STM32F0xx_StdPeriph_Lib_V1.5.0\\Libraries\\STM32F0xx_StdPeriph_Driver\\src\\stm32f0xx_tim.c 0x00000000   Number         0  stm32f0xx_tim.o ABSOLUTE
    STM32F0xx_StdPeriph_Lib_V1.5.0\\Libraries\\STM32F0xx_StdPeriph_Driver\\src\\stm32f0xx_usart.c 0x00000000   Number         0  stm32f0xx_usart.o ABSOLUTE
    STM32F0xx_StdPeriph_Lib_V1.5.0\\Libraries\\STM32F0xx_StdPeriph_Driver\\src\\stm32f0xx_wwdg.c 0x00000000   Number         0  stm32f0xx_wwdg.o ABSOLUTE
    cmsis\Source\Templates\arm\startup_stm32f030.s 0x00000000   Number         0  startup_stm32f030.o ABSOLUTE
    cmsis\Source\Templates\system_stm32f0xx.c 0x00000000   Number         0  system_stm32f0xx.o ABSOLUTE
    cmsis\\Source\\Templates\\system_stm32f0xx.c 0x00000000   Number         0  system_stm32f0xx.o ABSOLUTE
    dc.s                                     0x00000000   Number         0  dc.o ABSOLUTE
    filter\\my_kf.c                          0x00000000   Number         0  my_kf.o ABSOLUTE
    filter\my_kf.c                           0x00000000   Number         0  my_kf.o ABSOLUTE
    filter\tinyekf.c                         0x00000000   Number         0  tinyekf.o ABSOLUTE
    user\\main.c                             0x00000000   Number         0  main.o ABSOLUTE
    user\\stm32f0xx_it.c                     0x00000000   Number         0  stm32f0xx_it.o ABSOLUTE
    user\bmp280.c                            0x00000000   Number         0  bmp280.o ABSOLUTE
    user\bmp280_support.c                    0x00000000   Number         0  bmp280_support.o ABSOLUTE
    user\main.c                              0x00000000   Number         0  main.o ABSOLUTE
    user\stm32f0xx_it.c                      0x00000000   Number         0  stm32f0xx_it.o ABSOLUTE
    RESET                                    0x08000000   Section      180  startup_stm32f030.o(RESET)
    !!!main                                  0x080000b4   Section        8  __main.o(!!!main)
    !!!scatter                               0x080000bc   Section       60  __scatter.o(!!!scatter)
    !!handler_copy                           0x080000f8   Section       26  __scatter_copy.o(!!handler_copy)
    !!handler_zi                             0x08000114   Section       28  __scatter_zi.o(!!handler_zi)
    .ARM.Collect$$libinit$$00000000          0x08000130   Section        2  libinit.o(.ARM.Collect$$libinit$$00000000)
    .ARM.Collect$$libinit$$00000002          0x08000132   Section        0  libinit2.o(.ARM.Collect$$libinit$$00000002)
    .ARM.Collect$$libinit$$00000004          0x08000132   Section        0  libinit2.o(.ARM.Collect$$libinit$$00000004)
    .ARM.Collect$$libinit$$0000000A          0x08000132   Section        0  libinit2.o(.ARM.Collect$$libinit$$0000000A)
    .ARM.Collect$$libinit$$0000000C          0x08000132   Section        0  libinit2.o(.ARM.Collect$$libinit$$0000000C)
    .ARM.Collect$$libinit$$0000000E          0x08000132   Section        0  libinit2.o(.ARM.Collect$$libinit$$0000000E)
    .ARM.Collect$$libinit$$00000011          0x08000132   Section        0  libinit2.o(.ARM.Collect$$libinit$$00000011)
    .ARM.Collect$$libinit$$00000013          0x08000132   Section        0  libinit2.o(.ARM.Collect$$libinit$$00000013)
    .ARM.Collect$$libinit$$00000015          0x08000132   Section        0  libinit2.o(.ARM.Collect$$libinit$$00000015)
    .ARM.Collect$$libinit$$00000017          0x08000132   Section        0  libinit2.o(.ARM.Collect$$libinit$$00000017)
    .ARM.Collect$$libinit$$00000019          0x08000132   Section        0  libinit2.o(.ARM.Collect$$libinit$$00000019)
    .ARM.Collect$$libinit$$0000001B          0x08000132   Section        0  libinit2.o(.ARM.Collect$$libinit$$0000001B)
    .ARM.Collect$$libinit$$0000001D          0x08000132   Section        0  libinit2.o(.ARM.Collect$$libinit$$0000001D)
    .ARM.Collect$$libinit$$0000001F          0x08000132   Section        0  libinit2.o(.ARM.Collect$$libinit$$0000001F)
    .ARM.Collect$$libinit$$00000021          0x08000132   Section        0  libinit2.o(.ARM.Collect$$libinit$$00000021)
    .ARM.Collect$$libinit$$00000023          0x08000132   Section        0  libinit2.o(.ARM.Collect$$libinit$$00000023)
    .ARM.Collect$$libinit$$00000025          0x08000132   Section        0  libinit2.o(.ARM.Collect$$libinit$$00000025)
    .ARM.Collect$$libinit$$0000002C          0x08000132   Section        0  libinit2.o(.ARM.Collect$$libinit$$0000002C)
    .ARM.Collect$$libinit$$0000002E          0x08000132   Section        0  libinit2.o(.ARM.Collect$$libinit$$0000002E)
    .ARM.Collect$$libinit$$00000030          0x08000132   Section        0  libinit2.o(.ARM.Collect$$libinit$$00000030)
    .ARM.Collect$$libinit$$00000032          0x08000132   Section        0  libinit2.o(.ARM.Collect$$libinit$$00000032)
    .ARM.Collect$$libinit$$00000033          0x08000132   Section        2  libinit2.o(.ARM.Collect$$libinit$$00000033)
    .ARM.Collect$$libshutdown$$00000000      0x08000134   Section        2  libshutdown.o(.ARM.Collect$$libshutdown$$00000000)
    .ARM.Collect$$libshutdown$$00000002      0x08000136   Section        0  libshutdown2.o(.ARM.Collect$$libshutdown$$00000002)
    .ARM.Collect$$libshutdown$$00000004      0x08000136   Section        0  libshutdown2.o(.ARM.Collect$$libshutdown$$00000004)
    .ARM.Collect$$libshutdown$$00000007      0x08000136   Section        0  libshutdown2.o(.ARM.Collect$$libshutdown$$00000007)
    .ARM.Collect$$libshutdown$$0000000A      0x08000136   Section        0  libshutdown2.o(.ARM.Collect$$libshutdown$$0000000A)
    .ARM.Collect$$libshutdown$$0000000C      0x08000136   Section        0  libshutdown2.o(.ARM.Collect$$libshutdown$$0000000C)
    .ARM.Collect$$libshutdown$$0000000F      0x08000136   Section        0  libshutdown2.o(.ARM.Collect$$libshutdown$$0000000F)
    .ARM.Collect$$libshutdown$$00000010      0x08000136   Section        2  libshutdown2.o(.ARM.Collect$$libshutdown$$00000010)
    .ARM.Collect$$rtentry$$00000000          0x08000138   Section        0  __rtentry.o(.ARM.Collect$$rtentry$$00000000)
    .ARM.Collect$$rtentry$$00000002          0x08000138   Section        0  __rtentry2.o(.ARM.Collect$$rtentry$$00000002)
    .ARM.Collect$$rtentry$$00000004          0x08000138   Section        6  __rtentry4.o(.ARM.Collect$$rtentry$$00000004)
    .ARM.Collect$$rtentry$$00000009          0x0800013e   Section        0  __rtentry2.o(.ARM.Collect$$rtentry$$00000009)
    .ARM.Collect$$rtentry$$0000000A          0x0800013e   Section        4  __rtentry2.o(.ARM.Collect$$rtentry$$0000000A)
    .ARM.Collect$$rtentry$$0000000C          0x08000142   Section        0  __rtentry2.o(.ARM.Collect$$rtentry$$0000000C)
    .ARM.Collect$$rtentry$$0000000D          0x08000142   Section        8  __rtentry2.o(.ARM.Collect$$rtentry$$0000000D)
    .ARM.Collect$$rtexit$$00000000           0x0800014a   Section        2  rtexit.o(.ARM.Collect$$rtexit$$00000000)
    .ARM.Collect$$rtexit$$00000002           0x0800014c   Section        0  rtexit2.o(.ARM.Collect$$rtexit$$00000002)
    .ARM.Collect$$rtexit$$00000003           0x0800014c   Section        4  rtexit2.o(.ARM.Collect$$rtexit$$00000003)
    .ARM.Collect$$rtexit$$00000004           0x08000150   Section        6  rtexit2.o(.ARM.Collect$$rtexit$$00000004)
    .text                                    0x08000158   Section      116  startup_stm32f030.o(.text)
    .text                                    0x080001cc   Section      346  aeabi_sdiv.o(.text)
    .text                                    0x08000326   Section        0  heapauxi.o(.text)
    .text                                    0x0800032c   Section        0  daddsub.o(.text)
    _dadd1                                   0x0800032d   Thumb Code   290  daddsub.o(.text)
    _dsub1                                   0x0800044f   Thumb Code   470  daddsub.o(.text)
    .text                                    0x08000684   Section        0  ddiv.o(.text)
    .text                                    0x08000acc   Section        0  dfixi.o(.text)
    .text                                    0x08000b38   Section        0  dflti.o(.text)
    .text                                    0x08000b90   Section        0  dmul.o(.text)
    .text                                    0x08000dd8   Section        0  f2d.o(.text)
    .text                                    0x08000e2c   Section        0  fdiv.o(.text)
    .text                                    0x08000f8c   Section        0  fflti.o(.text)
    .text                                    0x08000fea   Section        0  _rserrno.o(.text)
    .text                                    0x08001000   Section        0  dcmpin.o(.text)
    .text                                    0x08001090   Section        0  dscalbn.o(.text)
    .text                                    0x080010f0   Section        0  dsqrt.o(.text)
    .text                                    0x080011f0   Section        8  rt_errno_addr_intlibspace.o(.text)
    .text                                    0x080011f8   Section        0  cmpret.o(.text)
    .text                                    0x08001228   Section        0  dnan2.o(.text)
    .text                                    0x0800123c   Section        8  libspace.o(.text)
    .text                                    0x08001244   Section       62  sys_stackheap_outer.o(.text)
    .text                                    0x08001282   Section        0  exit.o(.text)
    .text                                    0x08001292   Section        0  retnan.o(.text)
    .text                                    0x080012f0   Section        0  sys_exit.o(.text)
    .text                                    0x080012fc   Section        2  use_no_semi.o(.text)
    .text                                    0x080012fe   Section        0  indicate_semi.o(.text)
    i.BMP180_IS_Finish                       0x080012fe   Section        0  my_bmp180.o(i.BMP180_IS_Finish)
    i.BMP180_ResetAlt                        0x08001314   Section        0  my_bmp180.o(i.BMP180_ResetAlt)
    i.BMP180_Routing                         0x08001334   Section        0  my_bmp180.o(i.BMP180_Routing)
    i.BMP180_calcTruePressure                0x080013d8   Section        0  my_bmp180.o(i.BMP180_calcTruePressure)
    i.BMP180_calcTrueTemperature             0x0800155c   Section        0  my_bmp180.o(i.BMP180_calcTrueTemperature)
    i.BMP180_getAltitude                     0x080015d4   Section        0  my_bmp180.o(i.BMP180_getAltitude)
    i.BMP180_getCalData                      0x08001670   Section        0  my_bmp180.o(i.BMP180_getCalData)
    i.BMP180_getPress                        0x080017d4   Section        0  my_bmp180.o(i.BMP180_getPress)
    i.BMP180_getPressure                     0x080017e0   Section        0  my_bmp180.o(i.BMP180_getPressure)
    i.BMP180_getTemperature                  0x08001868   Section        0  my_bmp180.o(i.BMP180_getTemperature)
    i.BMP180_init                            0x08001884   Section        0  my_bmp180.o(i.BMP180_init)
    i.BMP180_newALT                          0x080018a4   Section        0  my_bmp180.o(i.BMP180_newALT)
    i.BMP180_newPressure                     0x080018f8   Section        0  my_bmp180.o(i.BMP180_newPressure)
    i.BMP180_newTemperature                  0x08001950   Section        0  my_bmp180.o(i.BMP180_newTemperature)
    i.BMP180_read                            0x080019a4   Section        0  my_bmp180.o(i.BMP180_read)
    i.BMP180_readmem                         0x080019e0   Section        0  my_bmp180.o(i.BMP180_readmem)
    i.BMP180_setLocalAbsAlt                  0x080019f8   Section        0  my_bmp180.o(i.BMP180_setLocalAbsAlt)
    i.BMP180_setLocalPressure                0x08001a18   Section        0  my_bmp180.o(i.BMP180_setLocalPressure)
    i.BMP180_setMode                         0x08001a38   Section        0  my_bmp180.o(i.BMP180_setMode)
    i.BMP180_writemem                        0x08001a44   Section        0  my_bmp180.o(i.BMP180_writemem)
    i.BMP_init                               0x08001a56   Section        0  my_bmp180.o(i.BMP_init)
    i.GPIO_Init                              0x08001a82   Section        0  stm32f0xx_gpio.o(i.GPIO_Init)
    i.GPIO_PinAFConfig                       0x08001b12   Section        0  stm32f0xx_gpio.o(i.GPIO_PinAFConfig)
    i.GPIO_ReadInputDataBit                  0x08001b56   Section        0  stm32f0xx_gpio.o(i.GPIO_ReadInputDataBit)
    i.GPIO_ResetBits                         0x08001b6a   Section        0  stm32f0xx_gpio.o(i.GPIO_ResetBits)
    i.GPIO_SetBits                           0x08001b6e   Section        0  stm32f0xx_gpio.o(i.GPIO_SetBits)
    i.HW_msb_init_Sensor                     0x08001b74   Section        0  msb.o(i.HW_msb_init_Sensor)
    i.HW_msb_send                            0x08001c0c   Section        0  msb.o(i.HW_msb_send)
    i.HW_msb_send_IT                         0x08001c2c   Section        0  msb.o(i.HW_msb_send_IT)
    i.HardFault_Handler                      0x08001c54   Section        0  stm32f0xx_it.o(i.HardFault_Handler)
    i.IIC_Ack                                0x08001c58   Section        0  i2c_soft.o(i.IIC_Ack)
    i.IIC_Init                               0x08001c94   Section        0  i2c_soft.o(i.IIC_Init)
    i.IIC_NAck                               0x08001cd2   Section        0  i2c_soft.o(i.IIC_NAck)
    i.IIC_Read_Byte                          0x08001d0e   Section        0  i2c_soft.o(i.IIC_Read_Byte)
    i.IIC_Send_Byte                          0x08001d6c   Section        0  i2c_soft.o(i.IIC_Send_Byte)
    i.IIC_Start                              0x08001dd6   Section        0  i2c_soft.o(i.IIC_Start)
    i.IIC_Stop                               0x08001e12   Section        0  i2c_soft.o(i.IIC_Stop)
    i.IIC_Wait_Ack                           0x08001e4e   Section        0  i2c_soft.o(i.IIC_Wait_Ack)
    i.IICreadBytes                           0x08001eaa   Section        0  i2c_soft.o(i.IICreadBytes)
    i.IICwriteByte                           0x08001f0c   Section        0  i2c_soft.o(i.IICwriteByte)
    i.IICwriteBytes                          0x08001f20   Section        0  i2c_soft.o(i.IICwriteBytes)
    i.NMI_Handler                            0x08001f64   Section        0  stm32f0xx_it.o(i.NMI_Handler)
    i.NVIC_Init                              0x08001f68   Section        0  stm32f0xx_misc.o(i.NVIC_Init)
    i.PendSV_Handler                         0x08001fd8   Section        0  stm32f0xx_it.o(i.PendSV_Handler)
    i.RCC_AHBPeriphClockCmd                  0x08001fdc   Section        0  stm32f0xx_rcc.o(i.RCC_AHBPeriphClockCmd)
    i.RCC_APB1PeriphResetCmd                 0x08001ffc   Section        0  stm32f0xx_rcc.o(i.RCC_APB1PeriphResetCmd)
    i.RCC_APB2PeriphClockCmd                 0x0800201c   Section        0  stm32f0xx_rcc.o(i.RCC_APB2PeriphClockCmd)
    i.RCC_APB2PeriphResetCmd                 0x0800203c   Section        0  stm32f0xx_rcc.o(i.RCC_APB2PeriphResetCmd)
    i.RCC_GetClocksFreq                      0x0800205c   Section        0  stm32f0xx_rcc.o(i.RCC_GetClocksFreq)
    i.SDA_IN                                 0x080022a4   Section        0  i2c_soft.o(i.SDA_IN)
    i.SDA_OUT                                0x080022c0   Section        0  i2c_soft.o(i.SDA_OUT)
    i.SVC_Handler                            0x080022da   Section        0  stm32f0xx_it.o(i.SVC_Handler)
    i.SetSysClock                            0x080022dc   Section        0  system_stm32f0xx.o(i.SetSysClock)
    SetSysClock                              0x080022dd   Thumb Code   206  system_stm32f0xx.o(i.SetSysClock)
    i.SysTick_Handler                        0x080023b4   Section        0  stm32f0xx_it.o(i.SysTick_Handler)
    i.SystemInit                             0x080023b8   Section        0  system_stm32f0xx.o(i.SystemInit)
    i.USART1_IRQHandler                      0x08002434   Section        0  stm32f0xx_it.o(i.USART1_IRQHandler)
    i.USART_Cmd                              0x08002464   Section        0  stm32f0xx_usart.o(i.USART_Cmd)
    i.USART_DeInit                           0x0800247c   Section        0  stm32f0xx_usart.o(i.USART_DeInit)
    i.USART_GetFlagStatus                    0x0800256c   Section        0  stm32f0xx_usart.o(i.USART_GetFlagStatus)
    i.USART_GetITStatus                      0x08002580   Section        0  stm32f0xx_usart.o(i.USART_GetITStatus)
    i.USART_HalfDuplexCmd                    0x080025ce   Section        0  stm32f0xx_usart.o(i.USART_HalfDuplexCmd)
    i.USART_ITConfig                         0x080025e6   Section        0  stm32f0xx_usart.o(i.USART_ITConfig)
    i.USART_Init                             0x08002628   Section        0  stm32f0xx_usart.o(i.USART_Init)
    i.USART_ReceiveData                      0x08002720   Section        0  stm32f0xx_usart.o(i.USART_ReceiveData)
    i.USART_SendData                         0x0800272a   Section        0  stm32f0xx_usart.o(i.USART_SendData)
    i.__ARM_fpclassify                       0x08002734   Section        0  fpclassify.o(i.__ARM_fpclassify)
    i.__kernel_poly                          0x08002760   Section        0  poly.o(i.__kernel_poly)
    i.__mathlib_dbl_divzero                  0x0800280c   Section        0  dunder.o(i.__mathlib_dbl_divzero)
    i.__mathlib_dbl_infnan2                  0x08002820   Section        0  dunder.o(i.__mathlib_dbl_infnan2)
    i.__mathlib_dbl_invalid                  0x08002828   Section        0  dunder.o(i.__mathlib_dbl_invalid)
    i.__mathlib_dbl_overflow                 0x08002838   Section        0  dunder.o(i.__mathlib_dbl_overflow)
    i.__mathlib_dbl_underflow                0x0800284c   Section        0  dunder.o(i.__mathlib_dbl_underflow)
    i.delay_init                             0x08002860   Section        0  delay.o(i.delay_init)
    i.delay_ms                               0x08002898   Section        0  delay.o(i.delay_ms)
    i.delay_us                               0x080028d8   Section        0  delay.o(i.delay_us)
    i.main                                   0x08002918   Section        0  main.o(i.main)
    i.mb_update                              0x080029b8   Section        0  msb.o(i.mb_update)
    i.pow                                    0x08002a04   Section        0  pow.o(i.pow)
    i.sqrt                                   0x08003400   Section        0  sqrt.o(i.sqrt)
    x$fpl$drleqf                             0x08003448   Section      104  drlef.o(x$fpl$drleqf)
    x$fpl$fadd                               0x080034b0   Section      140  faddsub.o(x$fpl$fadd)
    _fadd1                                   0x080034bd   Thumb Code     0  faddsub.o(x$fpl$fadd)
    x$fpl$frsb                               0x0800353c   Section       24  faddsub.o(x$fpl$frsb)
    x$fpl$fsub                               0x08003554   Section      208  faddsub.o(x$fpl$fsub)
    _fsub1                                   0x08003561   Thumb Code     0  faddsub.o(x$fpl$fsub)
    .constdata                               0x08003624   Section      128  ddiv.o(.constdata)
    x$fpl$usenofp                            0x08003624   Section        0  usenofp.o(x$fpl$usenofp)
    ddiv_reciptbl                            0x08003624   Data         128  ddiv.o(.constdata)
    .constdata                               0x080036a4   Section       64  fdiv.o(.constdata)
    fdiv_tab                                 0x080036a4   Data          64  fdiv.o(.constdata)
    .constdata                               0x080036e8   Section      136  pow.o(.constdata)
    bp                                       0x080036e8   Data          16  pow.o(.constdata)
    dp_h                                     0x080036f8   Data          16  pow.o(.constdata)
    dp_l                                     0x08003708   Data          16  pow.o(.constdata)
    L                                        0x08003718   Data          48  pow.o(.constdata)
    P                                        0x08003748   Data          40  pow.o(.constdata)
    .constdata                               0x08003770   Section        8  qnan.o(.constdata)
    .data                                    0x20000000   Section        4  stm32f0xx_it.o(.data)
    .data                                    0x20000004   Section       16  stm32f0xx_rcc.o(.data)
    APBAHBPrescTable                         0x20000004   Data          16  stm32f0xx_rcc.o(.data)
    .data                                    0x20000014   Section        4  delay.o(.data)
    fac_us                                   0x20000014   Data           1  delay.o(.data)
    fac_ms                                   0x20000016   Data           2  delay.o(.data)
    .data                                    0x20000018   Section       72  my_bmp180.o(.data)
    .data                                    0x20000060   Section       11  msb.o(.data)
    .bss                                     0x2000006c   Section      188  my_bmp180.o(.bss)
    .bss                                     0x20000128   Section      158  msb.o(.bss)
    .bss                                     0x200001c8   Section       96  libspace.o(.bss)
    HEAP                                     0x20000228   Section      512  startup_stm32f030.o(HEAP)
    Heap_Mem                                 0x20000228   Data         512  startup_stm32f030.o(HEAP)
    STACK                                    0x20000428   Section     1024  startup_stm32f030.o(STACK)
    Stack_Mem                                0x20000428   Data        1024  startup_stm32f030.o(STACK)
    __initial_sp                             0x20000828   Data           0  startup_stm32f030.o(STACK)

    Global Symbols

    Symbol Name                              Value     Ov Type        Size  Object(Section)

    BuildAttributes$$THM_ISAv3M$S$PE$A:L22$X:L11$S22$IEEE1$IW$USESV6$~STKCKD$USESV7$~SHL$OTIME$ROPI$IEEEX$EBA8$UX$STANDARDLIB$REQ8$PRES8$EABIv2 0x00000000   Number         0  anon$$obj.o ABSOLUTE
    __ARM_use_no_argv                        0x00000000   Number         0  main.o ABSOLUTE
    __ARM_exceptions_init                     - Undefined Weak Reference
    __alloca_initialize                       - Undefined Weak Reference
    __arm_preinit_                            - Undefined Weak Reference
    __cpp_initialize__aeabi_                  - Undefined Weak Reference
    __cxa_finalize                            - Undefined Weak Reference
    __rt_locale                               - Undefined Weak Reference
    __sigvec_lookup                           - Undefined Weak Reference
    _atexit_init                              - Undefined Weak Reference
    _call_atexit_fns                          - Undefined Weak Reference
    _clock_init                               - Undefined Weak Reference
    _fp_trap_init                             - Undefined Weak Reference
    _fp_trap_shutdown                         - Undefined Weak Reference
    _get_lc_collate                           - Undefined Weak Reference
    _get_lc_ctype                             - Undefined Weak Reference
    _get_lc_monetary                          - Undefined Weak Reference
    _get_lc_numeric                           - Undefined Weak Reference
    _get_lc_time                              - Undefined Weak Reference
    _getenv_init                              - Undefined Weak Reference
    _handle_redirection                       - Undefined Weak Reference
    _init_alloc                               - Undefined Weak Reference
    _init_user_alloc                          - Undefined Weak Reference
    _initio                                   - Undefined Weak Reference
    _rand_init                                - Undefined Weak Reference
    _signal_finish                            - Undefined Weak Reference
    _signal_init                              - Undefined Weak Reference
    _terminate_alloc                          - Undefined Weak Reference
    _terminate_user_alloc                     - Undefined Weak Reference
    _terminateio                              - Undefined Weak Reference
    __Vectors_Size                           0x000000b4   Number         0  startup_stm32f030.o ABSOLUTE
    __Vectors                                0x08000000   Data           4  startup_stm32f030.o(RESET)
    __Vectors_End                            0x080000b4   Data           0  startup_stm32f030.o(RESET)
    __main                                   0x080000b5   Thumb Code     8  __main.o(!!!main)
    __scatterload                            0x080000bd   Thumb Code     0  __scatter.o(!!!scatter)
    __scatterload_rt2                        0x080000bd   Thumb Code    52  __scatter.o(!!!scatter)
    __scatterload_rt2_thumb_only             0x080000bd   Thumb Code     0  __scatter.o(!!!scatter)
    __scatterload_null                       0x080000cd   Thumb Code     0  __scatter.o(!!!scatter)
    __scatterload_copy                       0x080000f9   Thumb Code    26  __scatter_copy.o(!!handler_copy)
    __scatterload_zeroinit                   0x08000115   Thumb Code    28  __scatter_zi.o(!!handler_zi)
    __rt_lib_init                            0x08000131   Thumb Code     0  libinit.o(.ARM.Collect$$libinit$$00000000)
    __rt_lib_init_alloca_1                   0x08000133   Thumb Code     0  libinit2.o(.ARM.Collect$$libinit$$0000002E)
    __rt_lib_init_argv_1                     0x08000133   Thumb Code     0  libinit2.o(.ARM.Collect$$libinit$$0000002C)
    __rt_lib_init_atexit_1                   0x08000133   Thumb Code     0  libinit2.o(.ARM.Collect$$libinit$$0000001B)
    __rt_lib_init_clock_1                    0x08000133   Thumb Code     0  libinit2.o(.ARM.Collect$$libinit$$00000021)
    __rt_lib_init_cpp_1                      0x08000133   Thumb Code     0  libinit2.o(.ARM.Collect$$libinit$$00000032)
    __rt_lib_init_exceptions_1               0x08000133   Thumb Code     0  libinit2.o(.ARM.Collect$$libinit$$00000030)
    __rt_lib_init_fp_1                       0x08000133   Thumb Code     0  libinit2.o(.ARM.Collect$$libinit$$00000002)
    __rt_lib_init_fp_trap_1                  0x08000133   Thumb Code     0  libinit2.o(.ARM.Collect$$libinit$$0000001F)
    __rt_lib_init_getenv_1                   0x08000133   Thumb Code     0  libinit2.o(.ARM.Collect$$libinit$$00000023)
    __rt_lib_init_heap_1                     0x08000133   Thumb Code     0  libinit2.o(.ARM.Collect$$libinit$$0000000A)
    __rt_lib_init_lc_collate_1               0x08000133   Thumb Code     0  libinit2.o(.ARM.Collect$$libinit$$00000011)
    __rt_lib_init_lc_ctype_1                 0x08000133   Thumb Code     0  libinit2.o(.ARM.Collect$$libinit$$00000013)
    __rt_lib_init_lc_monetary_1              0x08000133   Thumb Code     0  libinit2.o(.ARM.Collect$$libinit$$00000015)
    __rt_lib_init_lc_numeric_1               0x08000133   Thumb Code     0  libinit2.o(.ARM.Collect$$libinit$$00000017)
    __rt_lib_init_lc_time_1                  0x08000133   Thumb Code     0  libinit2.o(.ARM.Collect$$libinit$$00000019)
    __rt_lib_init_preinit_1                  0x08000133   Thumb Code     0  libinit2.o(.ARM.Collect$$libinit$$00000004)
    __rt_lib_init_rand_1                     0x08000133   Thumb Code     0  libinit2.o(.ARM.Collect$$libinit$$0000000E)
    __rt_lib_init_return                     0x08000133   Thumb Code     0  libinit2.o(.ARM.Collect$$libinit$$00000033)
    __rt_lib_init_signal_1                   0x08000133   Thumb Code     0  libinit2.o(.ARM.Collect$$libinit$$0000001D)
    __rt_lib_init_stdio_1                    0x08000133   Thumb Code     0  libinit2.o(.ARM.Collect$$libinit$$00000025)
    __rt_lib_init_user_alloc_1               0x08000133   Thumb Code     0  libinit2.o(.ARM.Collect$$libinit$$0000000C)
    __rt_lib_shutdown                        0x08000135   Thumb Code     0  libshutdown.o(.ARM.Collect$$libshutdown$$00000000)
    __rt_lib_shutdown_cpp_1                  0x08000137   Thumb Code     0  libshutdown2.o(.ARM.Collect$$libshutdown$$00000002)
    __rt_lib_shutdown_fp_trap_1              0x08000137   Thumb Code     0  libshutdown2.o(.ARM.Collect$$libshutdown$$00000007)
    __rt_lib_shutdown_heap_1                 0x08000137   Thumb Code     0  libshutdown2.o(.ARM.Collect$$libshutdown$$0000000F)
    __rt_lib_shutdown_return                 0x08000137   Thumb Code     0  libshutdown2.o(.ARM.Collect$$libshutdown$$00000010)
    __rt_lib_shutdown_signal_1               0x08000137   Thumb Code     0  libshutdown2.o(.ARM.Collect$$libshutdown$$0000000A)
    __rt_lib_shutdown_stdio_1                0x08000137   Thumb Code     0  libshutdown2.o(.ARM.Collect$$libshutdown$$00000004)
    __rt_lib_shutdown_user_alloc_1           0x08000137   Thumb Code     0  libshutdown2.o(.ARM.Collect$$libshutdown$$0000000C)
    __rt_entry                               0x08000139   Thumb Code     0  __rtentry.o(.ARM.Collect$$rtentry$$00000000)
    __rt_entry_presh_1                       0x08000139   Thumb Code     0  __rtentry2.o(.ARM.Collect$$rtentry$$00000002)
    __rt_entry_sh                            0x08000139   Thumb Code     0  __rtentry4.o(.ARM.Collect$$rtentry$$00000004)
    __rt_entry_li                            0x0800013f   Thumb Code     0  __rtentry2.o(.ARM.Collect$$rtentry$$0000000A)
    __rt_entry_postsh_1                      0x0800013f   Thumb Code     0  __rtentry2.o(.ARM.Collect$$rtentry$$00000009)
    __rt_entry_main                          0x08000143   Thumb Code     0  __rtentry2.o(.ARM.Collect$$rtentry$$0000000D)
    __rt_entry_postli_1                      0x08000143   Thumb Code     0  __rtentry2.o(.ARM.Collect$$rtentry$$0000000C)
    __rt_exit                                0x0800014b   Thumb Code     0  rtexit.o(.ARM.Collect$$rtexit$$00000000)
    __rt_exit_ls                             0x0800014d   Thumb Code     0  rtexit2.o(.ARM.Collect$$rtexit$$00000003)
    __rt_exit_prels_1                        0x0800014d   Thumb Code     0  rtexit2.o(.ARM.Collect$$rtexit$$00000002)
    __rt_exit_exit                           0x08000151   Thumb Code     0  rtexit2.o(.ARM.Collect$$rtexit$$00000004)
    Reset_Handler                            0x08000159   Thumb Code    38  startup_stm32f030.o(.text)
    ADC1_IRQHandler                          0x08000189   Thumb Code     0  startup_stm32f030.o(.text)
    DMA1_Channel1_IRQHandler                 0x08000189   Thumb Code     0  startup_stm32f030.o(.text)
    DMA1_Channel2_3_IRQHandler               0x08000189   Thumb Code     0  startup_stm32f030.o(.text)
    DMA1_Channel4_5_IRQHandler               0x08000189   Thumb Code     0  startup_stm32f030.o(.text)
    EXTI0_1_IRQHandler                       0x08000189   Thumb Code     0  startup_stm32f030.o(.text)
    EXTI2_3_IRQHandler                       0x08000189   Thumb Code     0  startup_stm32f030.o(.text)
    EXTI4_15_IRQHandler                      0x08000189   Thumb Code     0  startup_stm32f030.o(.text)
    FLASH_IRQHandler                         0x08000189   Thumb Code     0  startup_stm32f030.o(.text)
    I2C1_IRQHandler                          0x08000189   Thumb Code     0  startup_stm32f030.o(.text)
    I2C2_IRQHandler                          0x08000189   Thumb Code     0  startup_stm32f030.o(.text)
    RCC_IRQHandler                           0x08000189   Thumb Code     0  startup_stm32f030.o(.text)
    RTC_IRQHandler                           0x08000189   Thumb Code     0  startup_stm32f030.o(.text)
    SPI1_IRQHandler                          0x08000189   Thumb Code     0  startup_stm32f030.o(.text)
    SPI2_IRQHandler                          0x08000189   Thumb Code     0  startup_stm32f030.o(.text)
    TIM14_IRQHandler                         0x08000189   Thumb Code     0  startup_stm32f030.o(.text)
    TIM15_IRQHandler                         0x08000189   Thumb Code     0  startup_stm32f030.o(.text)
    TIM16_IRQHandler                         0x08000189   Thumb Code     0  startup_stm32f030.o(.text)
    TIM17_IRQHandler                         0x08000189   Thumb Code     0  startup_stm32f030.o(.text)
    TIM1_BRK_UP_TRG_COM_IRQHandler           0x08000189   Thumb Code     0  startup_stm32f030.o(.text)
    TIM1_CC_IRQHandler                       0x08000189   Thumb Code     0  startup_stm32f030.o(.text)
    TIM3_IRQHandler                          0x08000189   Thumb Code     0  startup_stm32f030.o(.text)
    USART2_IRQHandler                        0x08000189   Thumb Code     0  startup_stm32f030.o(.text)
    WWDG_IRQHandler                          0x08000189   Thumb Code     0  startup_stm32f030.o(.text)
    __user_initial_stackheap                 0x0800018d   Thumb Code     0  startup_stm32f030.o(.text)
    __aeabi_uidiv                            0x080001cd   Thumb Code     0  aeabi_sdiv.o(.text)
    __aeabi_uidivmod                         0x080001cd   Thumb Code    20  aeabi_sdiv.o(.text)
    __aeabi_idiv                             0x080001e1   Thumb Code     0  aeabi_sdiv.o(.text)
    __aeabi_idivmod                          0x080001e1   Thumb Code   326  aeabi_sdiv.o(.text)
    __use_two_region_memory                  0x08000327   Thumb Code     2  heapauxi.o(.text)
    __rt_heap_escrow$2region                 0x08000329   Thumb Code     2  heapauxi.o(.text)
    __rt_heap_expand$2region                 0x0800032b   Thumb Code     2  heapauxi.o(.text)
    __aeabi_dadd                             0x08000625   Thumb Code     0  daddsub.o(.text)
    _dadd                                    0x08000625   Thumb Code    26  daddsub.o(.text)
    __aeabi_dsub                             0x0800063f   Thumb Code     0  daddsub.o(.text)
    _dsub                                    0x0800063f   Thumb Code    22  daddsub.o(.text)
    __aeabi_drsub                            0x08000655   Thumb Code     0  daddsub.o(.text)
    _drsb                                    0x08000655   Thumb Code    28  daddsub.o(.text)
    __aeabi_ddiv                             0x08000685   Thumb Code     0  ddiv.o(.text)
    _ddiv                                    0x08000685   Thumb Code  1072  ddiv.o(.text)
    _drdiv                                   0x08000ab5   Thumb Code    20  ddiv.o(.text)
    __aeabi_d2iz                             0x08000acd   Thumb Code     0  dfixi.o(.text)
    _dfix                                    0x08000acd   Thumb Code    98  dfixi.o(.text)
    __aeabi_i2d_normalise                    0x08000b39   Thumb Code    66  dflti.o(.text)
    __aeabi_i2d                              0x08000b7b   Thumb Code    16  dflti.o(.text)
    _dflt                                    0x08000b7b   Thumb Code     0  dflti.o(.text)
    __aeabi_ui2d                             0x08000b8b   Thumb Code     6  dflti.o(.text)
    _dfltu                                   0x08000b8b   Thumb Code     0  dflti.o(.text)
    __aeabi_dmul                             0x08000b91   Thumb Code     0  dmul.o(.text)
    _dmul                                    0x08000b91   Thumb Code   558  dmul.o(.text)
    __aeabi_f2d                              0x08000dd9   Thumb Code     0  f2d.o(.text)
    _f2d                                     0x08000dd9   Thumb Code    80  f2d.o(.text)
    __aeabi_fdiv                             0x08000e2d   Thumb Code     0  fdiv.o(.text)
    _fdiv                                    0x08000e2d   Thumb Code   334  fdiv.o(.text)
    _frdiv                                   0x08000f7b   Thumb Code     8  fdiv.o(.text)
    __aeabi_i2f_normalise                    0x08000f8d   Thumb Code    72  fflti.o(.text)
    __aeabi_i2f                              0x08000fd5   Thumb Code    16  fflti.o(.text)
    _fflt                                    0x08000fd5   Thumb Code     0  fflti.o(.text)
    __aeabi_ui2f                             0x08000fe5   Thumb Code     6  fflti.o(.text)
    _ffltu                                   0x08000fe5   Thumb Code     0  fflti.o(.text)
    __read_errno                             0x08000feb   Thumb Code    10  _rserrno.o(.text)
    __set_errno                              0x08000ff5   Thumb Code    12  _rserrno.o(.text)
    __fpl_dcmp_InfNaN                        0x08001001   Thumb Code   140  dcmpin.o(.text)
    __ARM_scalbn                             0x08001091   Thumb Code    84  dscalbn.o(.text)
    _dsqrt                                   0x080010f1   Thumb Code   248  dsqrt.o(.text)
    __aeabi_errno_addr                       0x080011f1   Thumb Code     8  rt_errno_addr_intlibspace.o(.text)
    __errno$intlibspace                      0x080011f1   Thumb Code     0  rt_errno_addr_intlibspace.o(.text)
    __rt_errno_addr$intlibspace              0x080011f1   Thumb Code     0  rt_errno_addr_intlibspace.o(.text)
    __fpl_cmpreturn                          0x080011f9   Thumb Code    46  cmpret.o(.text)
    __fpl_dcheck_NaN2                        0x08001229   Thumb Code    14  dnan2.o(.text)
    __user_libspace                          0x0800123d   Thumb Code     8  libspace.o(.text)
    __user_perproc_libspace                  0x0800123d   Thumb Code     0  libspace.o(.text)
    __user_perthread_libspace                0x0800123d   Thumb Code     0  libspace.o(.text)
    __user_setup_stackheap                   0x08001245   Thumb Code    62  sys_stackheap_outer.o(.text)
    exit                                     0x08001283   Thumb Code    16  exit.o(.text)
    __fpl_return_NaN                         0x08001293   Thumb Code    94  retnan.o(.text)
    _sys_exit                                0x080012f1   Thumb Code     8  sys_exit.o(.text)
    __I$use$semihosting                      0x080012fd   Thumb Code     0  use_no_semi.o(.text)
    __use_no_semihosting_swi                 0x080012fd   Thumb Code     2  use_no_semi.o(.text)
    BMP180_IS_Finish                         0x080012ff   Thumb Code    22  my_bmp180.o(i.BMP180_IS_Finish)
    __semihosting_library_function           0x080012ff   Thumb Code     0  indicate_semi.o(.text)
    BMP180_ResetAlt                          0x08001315   Thumb Code    22  my_bmp180.o(i.BMP180_ResetAlt)
    BMP180_Routing                           0x08001335   Thumb Code   146  my_bmp180.o(i.BMP180_Routing)
    BMP180_calcTruePressure                  0x080013d9   Thumb Code   336  my_bmp180.o(i.BMP180_calcTruePressure)
    BMP180_calcTrueTemperature               0x0800155d   Thumb Code    96  my_bmp180.o(i.BMP180_calcTrueTemperature)
    BMP180_getAltitude                       0x080015d5   Thumb Code   128  my_bmp180.o(i.BMP180_getAltitude)
    BMP180_getCalData                        0x08001671   Thumb Code   306  my_bmp180.o(i.BMP180_getCalData)
    BMP180_getPress                          0x080017d5   Thumb Code     8  my_bmp180.o(i.BMP180_getPress)
    BMP180_getPressure                       0x080017e1   Thumb Code   116  my_bmp180.o(i.BMP180_getPressure)
    BMP180_getTemperature                    0x08001869   Thumb Code    24  my_bmp180.o(i.BMP180_getTemperature)
    BMP180_init                              0x08001885   Thumb Code    24  my_bmp180.o(i.BMP180_init)
    BMP180_newALT                            0x080018a5   Thumb Code    76  my_bmp180.o(i.BMP180_newALT)
    BMP180_newPressure                       0x080018f9   Thumb Code    80  my_bmp180.o(i.BMP180_newPressure)
    BMP180_newTemperature                    0x08001951   Thumb Code    76  my_bmp180.o(i.BMP180_newTemperature)
    BMP180_read                              0x080019a5   Thumb Code    42  my_bmp180.o(i.BMP180_read)
    BMP180_readmem                           0x080019e1   Thumb Code    22  my_bmp180.o(i.BMP180_readmem)
    BMP180_setLocalAbsAlt                    0x080019f9   Thumb Code    24  my_bmp180.o(i.BMP180_setLocalAbsAlt)
    BMP180_setLocalPressure                  0x08001a19   Thumb Code    24  my_bmp180.o(i.BMP180_setLocalPressure)
    BMP180_setMode                           0x08001a39   Thumb Code     6  my_bmp180.o(i.BMP180_setMode)
    BMP180_writemem                          0x08001a45   Thumb Code    18  my_bmp180.o(i.BMP180_writemem)
    BMP_init                                 0x08001a57   Thumb Code    44  my_bmp180.o(i.BMP_init)
    GPIO_Init                                0x08001a83   Thumb Code   144  stm32f0xx_gpio.o(i.GPIO_Init)
    GPIO_PinAFConfig                         0x08001b13   Thumb Code    68  stm32f0xx_gpio.o(i.GPIO_PinAFConfig)
    GPIO_ReadInputDataBit                    0x08001b57   Thumb Code    20  stm32f0xx_gpio.o(i.GPIO_ReadInputDataBit)
    GPIO_ResetBits                           0x08001b6b   Thumb Code     4  stm32f0xx_gpio.o(i.GPIO_ResetBits)
    GPIO_SetBits                             0x08001b6f   Thumb Code     4  stm32f0xx_gpio.o(i.GPIO_SetBits)
    HW_msb_init_Sensor                       0x08001b75   Thumb Code   142  msb.o(i.HW_msb_init_Sensor)
    HW_msb_send                              0x08001c0d   Thumb Code    28  msb.o(i.HW_msb_send)
    HW_msb_send_IT                           0x08001c2d   Thumb Code    34  msb.o(i.HW_msb_send_IT)
    HardFault_Handler                        0x08001c55   Thumb Code     4  stm32f0xx_it.o(i.HardFault_Handler)
    IIC_Ack                                  0x08001c59   Thumb Code    60  i2c_soft.o(i.IIC_Ack)
    IIC_Init                                 0x08001c95   Thumb Code    62  i2c_soft.o(i.IIC_Init)
    IIC_NAck                                 0x08001cd3   Thumb Code    60  i2c_soft.o(i.IIC_NAck)
    IIC_Read_Byte                            0x08001d0f   Thumb Code    94  i2c_soft.o(i.IIC_Read_Byte)
    IIC_Send_Byte                            0x08001d6d   Thumb Code   106  i2c_soft.o(i.IIC_Send_Byte)
    IIC_Start                                0x08001dd7   Thumb Code    60  i2c_soft.o(i.IIC_Start)
    IIC_Stop                                 0x08001e13   Thumb Code    60  i2c_soft.o(i.IIC_Stop)
    IIC_Wait_Ack                             0x08001e4f   Thumb Code    92  i2c_soft.o(i.IIC_Wait_Ack)
    IICreadBytes                             0x08001eab   Thumb Code    98  i2c_soft.o(i.IICreadBytes)
    IICwriteByte                             0x08001f0d   Thumb Code    20  i2c_soft.o(i.IICwriteByte)
    IICwriteBytes                            0x08001f21   Thumb Code    68  i2c_soft.o(i.IICwriteBytes)
    NMI_Handler                              0x08001f65   Thumb Code     2  stm32f0xx_it.o(i.NMI_Handler)
    NVIC_Init                                0x08001f69   Thumb Code   106  stm32f0xx_misc.o(i.NVIC_Init)
    PendSV_Handler                           0x08001fd9   Thumb Code     2  stm32f0xx_it.o(i.PendSV_Handler)
    RCC_AHBPeriphClockCmd                    0x08001fdd   Thumb Code    28  stm32f0xx_rcc.o(i.RCC_AHBPeriphClockCmd)
    RCC_APB1PeriphResetCmd                   0x08001ffd   Thumb Code    28  stm32f0xx_rcc.o(i.RCC_APB1PeriphResetCmd)
    RCC_APB2PeriphClockCmd                   0x0800201d   Thumb Code    28  stm32f0xx_rcc.o(i.RCC_APB2PeriphClockCmd)
    RCC_APB2PeriphResetCmd                   0x0800203d   Thumb Code    28  stm32f0xx_rcc.o(i.RCC_APB2PeriphResetCmd)
    RCC_GetClocksFreq                        0x0800205d   Thumb Code   554  stm32f0xx_rcc.o(i.RCC_GetClocksFreq)
    SDA_IN                                   0x080022a5   Thumb Code    28  i2c_soft.o(i.SDA_IN)
    SDA_OUT                                  0x080022c1   Thumb Code    26  i2c_soft.o(i.SDA_OUT)
    SVC_Handler                              0x080022db   Thumb Code     2  stm32f0xx_it.o(i.SVC_Handler)
    SysTick_Handler                          0x080023b5   Thumb Code     2  stm32f0xx_it.o(i.SysTick_Handler)
    SystemInit                               0x080023b9   Thumb Code   110  system_stm32f0xx.o(i.SystemInit)
    USART1_IRQHandler                        0x08002435   Thumb Code    32  stm32f0xx_it.o(i.USART1_IRQHandler)
    USART_Cmd                                0x08002465   Thumb Code    24  stm32f0xx_usart.o(i.USART_Cmd)
    USART_DeInit                             0x0800247d   Thumb Code   206  stm32f0xx_usart.o(i.USART_DeInit)
    USART_GetFlagStatus                      0x0800256d   Thumb Code    20  stm32f0xx_usart.o(i.USART_GetFlagStatus)
    USART_GetITStatus                        0x08002581   Thumb Code    78  stm32f0xx_usart.o(i.USART_GetITStatus)
    USART_HalfDuplexCmd                      0x080025cf   Thumb Code    24  stm32f0xx_usart.o(i.USART_HalfDuplexCmd)
    USART_ITConfig                           0x080025e7   Thumb Code    66  stm32f0xx_usart.o(i.USART_ITConfig)
    USART_Init                               0x08002629   Thumb Code   226  stm32f0xx_usart.o(i.USART_Init)
    USART_ReceiveData                        0x08002721   Thumb Code    10  stm32f0xx_usart.o(i.USART_ReceiveData)
    USART_SendData                           0x0800272b   Thumb Code     8  stm32f0xx_usart.o(i.USART_SendData)
    __ARM_fpclassify                         0x08002735   Thumb Code    40  fpclassify.o(i.__ARM_fpclassify)
    __kernel_poly                            0x08002761   Thumb Code   172  poly.o(i.__kernel_poly)
    __mathlib_dbl_divzero                    0x0800280d   Thumb Code    16  dunder.o(i.__mathlib_dbl_divzero)
    __mathlib_dbl_infnan2                    0x08002821   Thumb Code     8  dunder.o(i.__mathlib_dbl_infnan2)
    __mathlib_dbl_invalid                    0x08002829   Thumb Code    16  dunder.o(i.__mathlib_dbl_invalid)
    __mathlib_dbl_overflow                   0x08002839   Thumb Code    16  dunder.o(i.__mathlib_dbl_overflow)
    __mathlib_dbl_underflow                  0x0800284d   Thumb Code    14  dunder.o(i.__mathlib_dbl_underflow)
    delay_init                               0x08002861   Thumb Code    42  delay.o(i.delay_init)
    delay_ms                                 0x08002899   Thumb Code    54  delay.o(i.delay_ms)
    delay_us                                 0x080028d9   Thumb Code    54  delay.o(i.delay_us)
    main                                     0x08002919   Thumb Code   152  main.o(i.main)
    mb_update                                0x080029b9   Thumb Code    66  msb.o(i.mb_update)
    pow                                      0x08002a05   Thumb Code  2548  pow.o(i.pow)
    sqrt                                     0x08003401   Thumb Code    66  sqrt.o(i.sqrt)
    __aeabi_cdrcmple                         0x08003449   Thumb Code     0  drlef.o(x$fpl$drleqf)
    _drcmple                                 0x08003449   Thumb Code   100  drlef.o(x$fpl$drleqf)
    __aeabi_fadd                             0x080034b1   Thumb Code     0  faddsub.o(x$fpl$fadd)
    _fadd                                    0x080034b1   Thumb Code   134  faddsub.o(x$fpl$fadd)
    __aeabi_frsub                            0x0800353d   Thumb Code     0  faddsub.o(x$fpl$frsb)
    _frsb                                    0x0800353d   Thumb Code    24  faddsub.o(x$fpl$frsb)
    __aeabi_fsub                             0x08003555   Thumb Code     0  faddsub.o(x$fpl$fsub)
    _fsub                                    0x08003555   Thumb Code   204  faddsub.o(x$fpl$fsub)
    __I$use$fp                               0x08003624   Number         0  usenofp.o(x$fpl$usenofp)
    __mathlib_zero                           0x08003770   Data           8  qnan.o(.constdata)
    Region$$Table$$Base                      0x08003778   Number         0  anon$$obj.o(Region$$Table)
    Region$$Table$$Limit                     0x08003798   Number         0  anon$$obj.o(Region$$Table)
    MSB_DATA                                 0x20000000   Data           1  stm32f0xx_it.o(.data)
    HW_MSB_STAT                              0x20000001   Data           1  stm32f0xx_it.o(.data)
    HW_MSB_DATA                              0x20000002   Data           1  stm32f0xx_it.o(.data)
    HW_MSB_ERROR                             0x20000003   Data           1  stm32f0xx_it.o(.data)
    err                                      0x20000018   Data           4  my_bmp180.o(.data)
    ac1                                      0x2000001c   Data           2  my_bmp180.o(.data)
    ac2                                      0x2000001e   Data           2  my_bmp180.o(.data)
    ac3                                      0x20000020   Data           2  my_bmp180.o(.data)
    b1                                       0x20000022   Data           2  my_bmp180.o(.data)
    b2                                       0x20000024   Data           2  my_bmp180.o(.data)
    mb                                       0x20000026   Data           2  my_bmp180.o(.data)
    mc                                       0x20000028   Data           2  my_bmp180.o(.data)
    md                                       0x2000002a   Data           2  my_bmp180.o(.data)
    ac4                                      0x2000002c   Data           2  my_bmp180.o(.data)
    ac5                                      0x2000002e   Data           2  my_bmp180.o(.data)
    ac6                                      0x20000030   Data           2  my_bmp180.o(.data)
    b5                                       0x20000034   Data           4  my_bmp180.o(.data)
    _buff                                    0x20000038   Data           3  my_bmp180.o(.data)
    _oss                                     0x2000003c   Data           2  my_bmp180.o(.data)
    _cm_Offset                               0x20000040   Data           4  my_bmp180.o(.data)
    _Pa_Offset                               0x20000044   Data           4  my_bmp180.o(.data)
    _param_datum                             0x20000048   Data           4  my_bmp180.o(.data)
    _param_centimeters                       0x2000004c   Data           4  my_bmp180.o(.data)
    BPM180_ST                                0x20000050   Data           1  my_bmp180.o(.data)
    last_Temperature                         0x20000054   Data           4  my_bmp180.o(.data)
    last_Pressure                            0x20000058   Data           4  my_bmp180.o(.data)
    last_Alt                                 0x2000005c   Data           4  my_bmp180.o(.data)
    MB_DATA_Update_Status                    0x20000060   Data           1  msb.o(.data)
    amount_order                             0x20000062   Data           2  msb.o(.data)
    amount_sensor                            0x20000064   Data           1  msb.o(.data)
    sensor_1                                 0x20000065   Data           6  msb.o(.data)
    BMP180_FIFO                              0x2000006c   Data          88  my_bmp180.o(.bss)
    BMP180_FIFOH                             0x200000c4   Data          84  my_bmp180.o(.bss)
    BMP180_DATA                              0x20000118   Data          16  my_bmp180.o(.bss)
    mb_data                                  0x20000128   Data          64  msb.o(.bss)
    sensor_decoder_data                      0x20000168   Data          64  msb.o(.bss)
    MB_DATA_115200                           0x200001a8   Data          30  msb.o(.bss)
    __libspace_start                         0x200001c8   Data          96  libspace.o(.bss)
    __temporary_stack_top$libspace           0x20000228   Data           0  libspace.o(.bss)



==============================================================================

Memory Map of the image

  Image Entry point : 0x080000b5

  Load Region LR_IROM1 (Base: 0x08000000, Size: 0x00003804, Max: 0x00004000, ABSOLUTE)

    Execution Region ER_IROM1 (Base: 0x08000000, Size: 0x00003798, Max: 0x00004000, ABSOLUTE)

    Base Addr    Size         Type   Attr      Idx    E Section Name        Object

    0x08000000   0x000000b4   Data   RO          200    RESET               startup_stm32f030.o
    0x080000b4   0x00000008   Code   RO         4570  * !!!main             c_p.l(__main.o)
    0x080000bc   0x0000003c   Code   RO         4832    !!!scatter          c_p.l(__scatter.o)
    0x080000f8   0x0000001a   Code   RO         4834    !!handler_copy      c_p.l(__scatter_copy.o)
    0x08000112   0x00000002   PAD
    0x08000114   0x0000001c   Code   RO         4836    !!handler_zi        c_p.l(__scatter_zi.o)
    0x08000130   0x00000002   Code   RO         4702    .ARM.Collect$$libinit$$00000000  c_p.l(libinit.o)
    0x08000132   0x00000000   Code   RO         4715    .ARM.Collect$$libinit$$00000002  c_p.l(libinit2.o)
    0x08000132   0x00000000   Code   RO         4717    .ARM.Collect$$libinit$$00000004  c_p.l(libinit2.o)
    0x08000132   0x00000000   Code   RO         4720    .ARM.Collect$$libinit$$0000000A  c_p.l(libinit2.o)
    0x08000132   0x00000000   Code   RO         4722    .ARM.Collect$$libinit$$0000000C  c_p.l(libinit2.o)
    0x08000132   0x00000000   Code   RO         4724    .ARM.Collect$$libinit$$0000000E  c_p.l(libinit2.o)
    0x08000132   0x00000000   Code   RO         4727    .ARM.Collect$$libinit$$00000011  c_p.l(libinit2.o)
    0x08000132   0x00000000   Code   RO         4729    .ARM.Collect$$libinit$$00000013  c_p.l(libinit2.o)
    0x08000132   0x00000000   Code   RO         4731    .ARM.Collect$$libinit$$00000015  c_p.l(libinit2.o)
    0x08000132   0x00000000   Code   RO         4733    .ARM.Collect$$libinit$$00000017  c_p.l(libinit2.o)
    0x08000132   0x00000000   Code   RO         4735    .ARM.Collect$$libinit$$00000019  c_p.l(libinit2.o)
    0x08000132   0x00000000   Code   RO         4737    .ARM.Collect$$libinit$$0000001B  c_p.l(libinit2.o)
    0x08000132   0x00000000   Code   RO         4739    .ARM.Collect$$libinit$$0000001D  c_p.l(libinit2.o)
    0x08000132   0x00000000   Code   RO         4741    .ARM.Collect$$libinit$$0000001F  c_p.l(libinit2.o)
    0x08000132   0x00000000   Code   RO         4743    .ARM.Collect$$libinit$$00000021  c_p.l(libinit2.o)
    0x08000132   0x00000000   Code   RO         4745    .ARM.Collect$$libinit$$00000023  c_p.l(libinit2.o)
    0x08000132   0x00000000   Code   RO         4747    .ARM.Collect$$libinit$$00000025  c_p.l(libinit2.o)
    0x08000132   0x00000000   Code   RO         4751    .ARM.Collect$$libinit$$0000002C  c_p.l(libinit2.o)
    0x08000132   0x00000000   Code   RO         4753    .ARM.Collect$$libinit$$0000002E  c_p.l(libinit2.o)
    0x08000132   0x00000000   Code   RO         4755    .ARM.Collect$$libinit$$00000030  c_p.l(libinit2.o)
    0x08000132   0x00000000   Code   RO         4757    .ARM.Collect$$libinit$$00000032  c_p.l(libinit2.o)
    0x08000132   0x00000002   Code   RO         4758    .ARM.Collect$$libinit$$00000033  c_p.l(libinit2.o)
    0x08000134   0x00000002   Code   RO         4789    .ARM.Collect$$libshutdown$$00000000  c_p.l(libshutdown.o)
    0x08000136   0x00000000   Code   RO         4815    .ARM.Collect$$libshutdown$$00000002  c_p.l(libshutdown2.o)
    0x08000136   0x00000000   Code   RO         4817    .ARM.Collect$$libshutdown$$00000004  c_p.l(libshutdown2.o)
    0x08000136   0x00000000   Code   RO         4820    .ARM.Collect$$libshutdown$$00000007  c_p.l(libshutdown2.o)
    0x08000136   0x00000000   Code   RO         4823    .ARM.Collect$$libshutdown$$0000000A  c_p.l(libshutdown2.o)
    0x08000136   0x00000000   Code   RO         4825    .ARM.Collect$$libshutdown$$0000000C  c_p.l(libshutdown2.o)
    0x08000136   0x00000000   Code   RO         4828    .ARM.Collect$$libshutdown$$0000000F  c_p.l(libshutdown2.o)
    0x08000136   0x00000002   Code   RO         4829    .ARM.Collect$$libshutdown$$00000010  c_p.l(libshutdown2.o)
    0x08000138   0x00000000   Code   RO         4618    .ARM.Collect$$rtentry$$00000000  c_p.l(__rtentry.o)
    0x08000138   0x00000000   Code   RO         4656    .ARM.Collect$$rtentry$$00000002  c_p.l(__rtentry2.o)
    0x08000138   0x00000006   Code   RO         4668    .ARM.Collect$$rtentry$$00000004  c_p.l(__rtentry4.o)
    0x0800013e   0x00000000   Code   RO         4658    .ARM.Collect$$rtentry$$00000009  c_p.l(__rtentry2.o)
    0x0800013e   0x00000004   Code   RO         4659    .ARM.Collect$$rtentry$$0000000A  c_p.l(__rtentry2.o)
    0x08000142   0x00000000   Code   RO         4661    .ARM.Collect$$rtentry$$0000000C  c_p.l(__rtentry2.o)
    0x08000142   0x00000008   Code   RO         4662    .ARM.Collect$$rtentry$$0000000D  c_p.l(__rtentry2.o)
    0x0800014a   0x00000002   Code   RO         4706    .ARM.Collect$$rtexit$$00000000  c_p.l(rtexit.o)
    0x0800014c   0x00000000   Code   RO         4762    .ARM.Collect$$rtexit$$00000002  c_p.l(rtexit2.o)
    0x0800014c   0x00000004   Code   RO         4763    .ARM.Collect$$rtexit$$00000003  c_p.l(rtexit2.o)
    0x08000150   0x00000006   Code   RO         4764    .ARM.Collect$$rtexit$$00000004  c_p.l(rtexit2.o)
    0x08000156   0x00000002   PAD
    0x08000158   0x00000074   Code   RO          201    .text               startup_stm32f030.o
    0x080001cc   0x0000015a   Code   RO         4564    .text               c_p.l(aeabi_sdiv.o)
    0x08000326   0x00000006   Code   RO         4568    .text               c_p.l(heapauxi.o)
    0x0800032c   0x00000358   Code   RO         4572    .text               fz_ps.l(daddsub.o)
    0x08000684   0x00000448   Code   RO         4574    .text               fz_ps.l(ddiv.o)
    0x08000acc   0x0000006c   Code   RO         4579    .text               fz_ps.l(dfixi.o)
    0x08000b38   0x00000058   Code   RO         4581    .text               fz_ps.l(dflti.o)
    0x08000b90   0x00000248   Code   RO         4585    .text               fz_ps.l(dmul.o)
    0x08000dd8   0x00000054   Code   RO         4587    .text               fz_ps.l(f2d.o)
    0x08000e2c   0x00000160   Code   RO         4595    .text               fz_ps.l(fdiv.o)
    0x08000f8c   0x0000005e   Code   RO         4598    .text               fz_ps.l(fflti.o)
    0x08000fea   0x00000016   Code   RO         4625    .text               c_p.l(_rserrno.o)
    0x08001000   0x00000090   Code   RO         4627    .text               fz_ps.l(dcmpin.o)
    0x08001090   0x00000060   Code   RO         4631    .text               fz_ps.l(dscalbn.o)
    0x080010f0   0x00000100   Code   RO         4633    .text               fz_ps.l(dsqrt.o)
    0x080011f0   0x00000008   Code   RO         4679    .text               c_p.l(rt_errno_addr_intlibspace.o)
    0x080011f8   0x0000002e   Code   RO         4681    .text               fz_ps.l(cmpret.o)
    0x08001226   0x00000002   PAD
    0x08001228   0x00000014   Code   RO         4683    .text               fz_ps.l(dnan2.o)
    0x0800123c   0x00000008   Code   RO         4685    .text               c_p.l(libspace.o)
    0x08001244   0x0000003e   Code   RO         4688    .text               c_p.l(sys_stackheap_outer.o)
    0x08001282   0x00000010   Code   RO         4691    .text               c_p.l(exit.o)
    0x08001292   0x0000005e   Code   RO         4703    .text               fz_ps.l(retnan.o)
    0x080012f0   0x0000000c   Code   RO         4759    .text               c_p.l(sys_exit.o)
    0x080012fc   0x00000002   Code   RO         4778    .text               c_p.l(use_no_semi.o)
    0x080012fe   0x00000000   Code   RO         4780    .text               c_p.l(indicate_semi.o)
    0x080012fe   0x00000016   Code   RO         4218    i.BMP180_IS_Finish  my_bmp180.o
    0x08001314   0x00000020   Code   RO         4219    i.BMP180_ResetAlt   my_bmp180.o
    0x08001334   0x000000a4   Code   RO         4220    i.BMP180_Routing    my_bmp180.o
    0x080013d8   0x00000184   Code   RO         4221    i.BMP180_calcTruePressure  my_bmp180.o
    0x0800155c   0x00000078   Code   RO         4222    i.BMP180_calcTrueTemperature  my_bmp180.o
    0x080015d4   0x0000009c   Code   RO         4224    i.BMP180_getAltitude  my_bmp180.o
    0x08001670   0x00000164   Code   RO         4225    i.BMP180_getCalData  my_bmp180.o
    0x080017d4   0x0000000c   Code   RO         4226    i.BMP180_getPress   my_bmp180.o
    0x080017e0   0x00000088   Code   RO         4227    i.BMP180_getPressure  my_bmp180.o
    0x08001868   0x0000001c   Code   RO         4229    i.BMP180_getTemperature  my_bmp180.o
    0x08001884   0x00000020   Code   RO         4230    i.BMP180_init       my_bmp180.o
    0x080018a4   0x00000054   Code   RO         4231    i.BMP180_newALT     my_bmp180.o
    0x080018f8   0x00000058   Code   RO         4232    i.BMP180_newPressure  my_bmp180.o
    0x08001950   0x00000054   Code   RO         4233    i.BMP180_newTemperature  my_bmp180.o
    0x080019a4   0x0000003c   Code   RO         4234    i.BMP180_read       my_bmp180.o
    0x080019e0   0x00000016   Code   RO         4235    i.BMP180_readmem    my_bmp180.o
    0x080019f6   0x00000002   PAD
    0x080019f8   0x00000020   Code   RO         4236    i.BMP180_setLocalAbsAlt  my_bmp180.o
    0x08001a18   0x00000020   Code   RO         4237    i.BMP180_setLocalPressure  my_bmp180.o
    0x08001a38   0x0000000c   Code   RO         4238    i.BMP180_setMode    my_bmp180.o
    0x08001a44   0x00000012   Code   RO         4239    i.BMP180_writemem   my_bmp180.o
    0x08001a56   0x0000002c   Code   RO         4240    i.BMP_init          my_bmp180.o
    0x08001a82   0x00000090   Code   RO         1508    i.GPIO_Init         stm32f0xx_gpio.o
    0x08001b12   0x00000044   Code   RO         1509    i.GPIO_PinAFConfig  stm32f0xx_gpio.o
    0x08001b56   0x00000014   Code   RO         1512    i.GPIO_ReadInputDataBit  stm32f0xx_gpio.o
    0x08001b6a   0x00000004   Code   RO         1515    i.GPIO_ResetBits    stm32f0xx_gpio.o
    0x08001b6e   0x00000004   Code   RO         1516    i.GPIO_SetBits      stm32f0xx_gpio.o
    0x08001b72   0x00000002   PAD
    0x08001b74   0x00000098   Code   RO         4393    i.HW_msb_init_Sensor  msb.o
    0x08001c0c   0x00000020   Code   RO         4394    i.HW_msb_send       msb.o
    0x08001c2c   0x00000028   Code   RO         4395    i.HW_msb_send_IT    msb.o
    0x08001c54   0x00000004   Code   RO          141    i.HardFault_Handler  stm32f0xx_it.o
    0x08001c58   0x0000003c   Code   RO         4071    i.IIC_Ack           i2c_soft.o
    0x08001c94   0x0000003e   Code   RO         4072    i.IIC_Init          i2c_soft.o
    0x08001cd2   0x0000003c   Code   RO         4073    i.IIC_NAck          i2c_soft.o
    0x08001d0e   0x0000005e   Code   RO         4074    i.IIC_Read_Byte     i2c_soft.o
    0x08001d6c   0x0000006a   Code   RO         4075    i.IIC_Send_Byte     i2c_soft.o
    0x08001dd6   0x0000003c   Code   RO         4076    i.IIC_Start         i2c_soft.o
    0x08001e12   0x0000003c   Code   RO         4077    i.IIC_Stop          i2c_soft.o
    0x08001e4e   0x0000005c   Code   RO         4078    i.IIC_Wait_Ack      i2c_soft.o
    0x08001eaa   0x00000062   Code   RO         4080    i.IICreadBytes      i2c_soft.o
    0x08001f0c   0x00000014   Code   RO         4083    i.IICwriteByte      i2c_soft.o
    0x08001f20   0x00000044   Code   RO         4084    i.IICwriteBytes     i2c_soft.o
    0x08001f64   0x00000002   Code   RO          142    i.NMI_Handler       stm32f0xx_it.o
    0x08001f66   0x00000002   PAD
    0x08001f68   0x00000070   Code   RO         1921    i.NVIC_Init         stm32f0xx_misc.o
    0x08001fd8   0x00000002   Code   RO          143    i.PendSV_Handler    stm32f0xx_it.o
    0x08001fda   0x00000002   PAD
    0x08001fdc   0x00000020   Code   RO         2028    i.RCC_AHBPeriphClockCmd  stm32f0xx_rcc.o
    0x08001ffc   0x00000020   Code   RO         2031    i.RCC_APB1PeriphResetCmd  stm32f0xx_rcc.o
    0x0800201c   0x00000020   Code   RO         2032    i.RCC_APB2PeriphClockCmd  stm32f0xx_rcc.o
    0x0800203c   0x00000020   Code   RO         2033    i.RCC_APB2PeriphResetCmd  stm32f0xx_rcc.o
    0x0800205c   0x00000248   Code   RO         2042    i.RCC_GetClocksFreq  stm32f0xx_rcc.o
    0x080022a4   0x0000001c   Code   RO         4086    i.SDA_IN            i2c_soft.o
    0x080022c0   0x0000001a   Code   RO         4087    i.SDA_OUT           i2c_soft.o
    0x080022da   0x00000002   Code   RO          144    i.SVC_Handler       stm32f0xx_it.o
    0x080022dc   0x000000d8   Code   RO          207    i.SetSysClock       system_stm32f0xx.o
    0x080023b4   0x00000002   Code   RO          145    i.SysTick_Handler   stm32f0xx_it.o
    0x080023b6   0x00000002   PAD
    0x080023b8   0x0000007c   Code   RO          209    i.SystemInit        system_stm32f0xx.o
    0x08002434   0x00000030   Code   RO          146    i.USART1_IRQHandler  stm32f0xx_it.o
    0x08002464   0x00000018   Code   RO         3468    i.USART_Cmd         stm32f0xx_usart.o
    0x0800247c   0x000000f0   Code   RO         3474    i.USART_DeInit      stm32f0xx_usart.o
    0x0800256c   0x00000014   Code   RO         3476    i.USART_GetFlagStatus  stm32f0xx_usart.o
    0x08002580   0x0000004e   Code   RO         3477    i.USART_GetITStatus  stm32f0xx_usart.o
    0x080025ce   0x00000018   Code   RO         3478    i.USART_HalfDuplexCmd  stm32f0xx_usart.o
    0x080025e6   0x00000042   Code   RO         3479    i.USART_ITConfig    stm32f0xx_usart.o
    0x08002628   0x000000f8   Code   RO         3480    i.USART_Init        stm32f0xx_usart.o
    0x08002720   0x0000000a   Code   RO         3492    i.USART_ReceiveData  stm32f0xx_usart.o
    0x0800272a   0x00000008   Code   RO         3497    i.USART_SendData    stm32f0xx_usart.o
    0x08002732   0x00000002   PAD
    0x08002734   0x0000002c   Code   RO         4650    i.__ARM_fpclassify  m_ps.l(fpclassify.o)
    0x08002760   0x000000ac   Code   RO         4652    i.__kernel_poly     m_ps.l(poly.o)
    0x0800280c   0x00000014   Code   RO         4636    i.__mathlib_dbl_divzero  m_ps.l(dunder.o)
    0x08002820   0x00000008   Code   RO         4638    i.__mathlib_dbl_infnan2  m_ps.l(dunder.o)
    0x08002828   0x00000010   Code   RO         4639    i.__mathlib_dbl_invalid  m_ps.l(dunder.o)
    0x08002838   0x00000014   Code   RO         4640    i.__mathlib_dbl_overflow  m_ps.l(dunder.o)
    0x0800284c   0x00000014   Code   RO         4642    i.__mathlib_dbl_underflow  m_ps.l(dunder.o)
    0x08002860   0x00000038   Code   RO         4033    i.delay_init        delay.o
    0x08002898   0x00000040   Code   RO         4034    i.delay_ms          delay.o
    0x080028d8   0x00000040   Code   RO         4035    i.delay_us          delay.o
    0x08002918   0x000000a0   Code   RO            3    i.main              main.o
    0x080029b8   0x0000004c   Code   RO         4396    i.mb_update         msb.o
    0x08002a04   0x000009fc   Code   RO         4601    i.pow               m_ps.l(pow.o)
    0x08003400   0x00000048   Code   RO         4611    i.sqrt              m_ps.l(sqrt.o)
    0x08003448   0x00000068   Code   RO         4629    x$fpl$drleqf        fz_ps.l(drlef.o)
    0x080034b0   0x0000008c   Code   RO         4589    x$fpl$fadd          fz_ps.l(faddsub.o)
    0x0800353c   0x00000018   Code   RO         4590    x$fpl$frsb          fz_ps.l(faddsub.o)
    0x08003554   0x000000d0   Code   RO         4591    x$fpl$fsub          fz_ps.l(faddsub.o)
    0x08003624   0x00000000   Code   RO         4635    x$fpl$usenofp       fz_ps.l(usenofp.o)
    0x08003624   0x00000080   Data   RO         4575    .constdata          fz_ps.l(ddiv.o)
    0x080036a4   0x00000040   Data   RO         4596    .constdata          fz_ps.l(fdiv.o)
    0x080036e4   0x00000004   PAD
    0x080036e8   0x00000088   Data   RO         4602    .constdata          m_ps.l(pow.o)
    0x08003770   0x00000008   Data   RO         4654    .constdata          m_ps.l(qnan.o)
    0x08003778   0x00000020   Data   RO         4830    Region$$Table       anon$$obj.o


    Execution Region RW_IRAM1 (Base: 0x20000000, Size: 0x00000828, Max: 0x00001000, ABSOLUTE)

    Base Addr    Size         Type   Attr      Idx    E Section Name        Object

    0x20000000   0x00000004   Data   RW          147    .data               stm32f0xx_it.o
    0x20000004   0x00000010   Data   RW         2068    .data               stm32f0xx_rcc.o
    0x20000014   0x00000004   Data   RW         4036    .data               delay.o
    0x20000018   0x00000048   Data   RW         4244    .data               my_bmp180.o
    0x20000060   0x0000000b   Data   RW         4398    .data               msb.o
    0x2000006b   0x00000001   PAD
    0x2000006c   0x000000bc   Zero   RW         4243    .bss                my_bmp180.o
    0x20000128   0x0000009e   Zero   RW         4397    .bss                msb.o
    0x200001c6   0x00000002   PAD
    0x200001c8   0x00000060   Zero   RW         4686    .bss                c_p.l(libspace.o)
    0x20000228   0x00000200   Zero   RW          199    HEAP                startup_stm32f030.o
    0x20000428   0x00000400   Zero   RW          198    STACK               startup_stm32f030.o


==============================================================================

Image component sizes


      Code (inc. data)   RO Data    RW Data    ZI Data      Debug   Object Name

       184         34          0          4          0       1471   delay.o
       834          0          0          0          0       6943   i2c_soft.o
       160          8          0          0          0     190831   main.o
       300         30          0         11        158       4073   msb.o
      1922        282          0         72        188      12363   my_bmp180.o
       116         56        180          0       1536        640   startup_stm32f030.o
       240          0          0          0          0       3795   stm32f0xx_gpio.o
        60         16          0          4          0       2871   stm32f0xx_it.o
       112          6          0          0          0       1064   stm32f0xx_misc.o
       712         46          0         16          0       4523   stm32f0xx_rcc.o
       718         56          0          0          0       7122   stm32f0xx_usart.o
       340         24          0          0          0       1325   system_stm32f0xx.o

    ----------------------------------------------------------------------
      5710        558        212        108       1884     237021   Object Totals
         0          0         32          0          0          0   (incl. Generated)
        12          0          0          1          2          0   (incl. Padding)

    ----------------------------------------------------------------------

      Code (inc. data)   RO Data    RW Data    ZI Data      Debug   Library Member Name

         8          0          0          0          0         68   __main.o
         0          0          0          0          0          0   __rtentry.o
        12          0          0          0          0          0   __rtentry2.o
         6          0          0          0          0          0   __rtentry4.o
        60          8          0          0          0          0   __scatter.o
        26          0          0          0          0          0   __scatter_copy.o
        28          0          0          0          0          0   __scatter_zi.o
        22          0          0          0          0         92   _rserrno.o
       346          0          0          0          0         92   aeabi_sdiv.o
        16          0          0          0          0         68   exit.o
         6          0          0          0          0        136   heapauxi.o
         0          0          0          0          0          0   indicate_semi.o
         2          0          0          0          0          0   libinit.o
         2          0          0          0          0          0   libinit2.o
         2          0          0          0          0          0   libshutdown.o
         2          0          0          0          0          0   libshutdown2.o
         8          4          0          0         96         68   libspace.o
         8          4          0          0          0         68   rt_errno_addr_intlibspace.o
         2          0          0          0          0          0   rtexit.o
        10          0          0          0          0          0   rtexit2.o
        12          4          0          0          0         60   sys_exit.o
        62          0          0          0          0         80   sys_stackheap_outer.o
         2          0          0          0          0         68   use_no_semi.o
        46          0          0          0          0         60   cmpret.o
       856         20          0          0          0        208   daddsub.o
       144          4          0          0          0         76   dcmpin.o
      1096         26        128          0          0        112   ddiv.o
       108         10          0          0          0         72   dfixi.o
        88          0          0          0          0         92   dflti.o
       584         26          0          0          0         84   dmul.o
        20          6          0          0          0         68   dnan2.o
       104          4          0          0          0        104   drlef.o
        96         12          0          0          0         72   dscalbn.o
       256          8          0          0          0         76   dsqrt.o
        84          4          0          0          0         60   f2d.o
       372          8          0          0          0        240   faddsub.o
       352         10         64          0          0         92   fdiv.o
        94          0          0          0          0         92   fflti.o
        94          0          0          0          0         68   retnan.o
         0          0          0          0          0          0   usenofp.o
        84         14          0          0          0        340   dunder.o
        44          4          0          0          0         60   fpclassify.o
       172          0          0          0          0         76   poly.o
      2556        196        136          0          0        240   pow.o
         0          0          8          0          0          0   qnan.o
        72          6          0          0          0         76   sqrt.o

    ----------------------------------------------------------------------
      7970        378        340          0         96       3168   Library Totals
         6          0          4          0          0          0   (incl. Padding)

    ----------------------------------------------------------------------

      Code (inc. data)   RO Data    RW Data    ZI Data      Debug   Library Name

       642         20          0          0         96        800   c_p.l
      4394        138        192          0          0       1576   fz_ps.l
      2928        220        144          0          0        792   m_ps.l

    ----------------------------------------------------------------------
      7970        378        340          0         96       3168   Library Totals

    ----------------------------------------------------------------------

==============================================================================


      Code (inc. data)   RO Data    RW Data    ZI Data      Debug   

     13680        936        552        108       1980     235781   Grand Totals
     13680        936        552        108       1980     235781   ELF Image Totals
     13680        936        552        108          0          0   ROM Totals

==============================================================================

    Total RO  Size (Code + RO Data)                14232 (  13.90kB)
    Total RW  Size (RW Data + ZI Data)              2088 (   2.04kB)
    Total ROM Size (Code + RO Data + RW Data)      14340 (  14.00kB)

==============================================================================

