Component: ARM Compiler 5.06 update 1 (build 61) Tool: armlink [4d35a8]

==============================================================================

Section Cross References

    main.o(i.main) refers to delay.o(i.delay_init) for delay_init
    main.o(i.main) refers to led.o(i.led_init) for led_init
    main.o(i.main) refers to led.o(i.LED_PWM) for LED_PWM
    main.o(i.main) refers to i2c_soft.o(i.IIC_Init) for IIC_Init
    main.o(i.main) refers to my_bmp180_v2.o(i.BMP180_init) for BMP180_init
    main.o(i.main) refers to delay.o(i.delay_ms) for delay_ms
    main.o(i.main) refers to msb.o(i.HW_msb_init_Sensor) for HW_msb_init_Sensor
    main.o(i.main) refers to delay.o(i.delay_us) for delay_us
    main.o(i.main) refers to msb.o(i.mb_update) for mb_update
    main.o(i.main) refers to msb.o(i.HW_msb_send_IT) for HW_msb_send_IT
    main.o(i.main) refers to stm32f0xx_usart.o(i.USART_Cmd) for USART_Cmd
    main.o(i.main) refers to my_bmp180_v2.o(i.filter) for filter
    main.o(i.main) refers to my_bmp180_v2.o(i.MY_ALT_CAL) for MY_ALT_CAL
    main.o(i.main) refers to fdiv.o(.text) for __aeabi_fdiv
    main.o(i.main) refers to ffixi.o(.text) for __aeabi_f2iz
    main.o(i.main) refers to stm32f0xx_it.o(.data) for HW_MSB_DATA
    main.o(i.main) refers to main.o(.data) for .data
    main.o(i.main) refers to my_bmp180_v2.o(.data) for my_A
    stm32f0xx_it.o(i.USART1_IRQHandler) refers to stm32f0xx_usart.o(i.USART_GetITStatus) for USART_GetITStatus
    stm32f0xx_it.o(i.USART1_IRQHandler) refers to stm32f0xx_usart.o(i.USART_ReceiveData) for USART_ReceiveData
    stm32f0xx_it.o(i.USART1_IRQHandler) refers to stm32f0xx_it.o(.data) for .data
    startup_stm32f030.o(STACK) refers (Special) to heapauxi.o(.text) for __use_two_region_memory
    startup_stm32f030.o(HEAP) refers (Special) to heapauxi.o(.text) for __use_two_region_memory
    startup_stm32f030.o(RESET) refers (Special) to heapauxi.o(.text) for __use_two_region_memory
    startup_stm32f030.o(RESET) refers to startup_stm32f030.o(STACK) for __initial_sp
    startup_stm32f030.o(RESET) refers to startup_stm32f030.o(.text) for Reset_Handler
    startup_stm32f030.o(RESET) refers to stm32f0xx_it.o(i.NMI_Handler) for NMI_Handler
    startup_stm32f030.o(RESET) refers to stm32f0xx_it.o(i.HardFault_Handler) for HardFault_Handler
    startup_stm32f030.o(RESET) refers to stm32f0xx_it.o(i.SVC_Handler) for SVC_Handler
    startup_stm32f030.o(RESET) refers to stm32f0xx_it.o(i.PendSV_Handler) for PendSV_Handler
    startup_stm32f030.o(RESET) refers to stm32f0xx_it.o(i.SysTick_Handler) for SysTick_Handler
    startup_stm32f030.o(RESET) refers to stm32f0xx_it.o(i.USART1_IRQHandler) for USART1_IRQHandler
    startup_stm32f030.o(.text) refers (Special) to heapauxi.o(.text) for __use_two_region_memory
    startup_stm32f030.o(.text) refers to startup_stm32f030.o(STACK) for __initial_sp
    startup_stm32f030.o(.text) refers to system_stm32f0xx.o(i.SystemInit) for SystemInit
    startup_stm32f030.o(.text) refers to __main.o(!!!main) for __main
    startup_stm32f030.o(.text) refers to startup_stm32f030.o(HEAP) for Heap_Mem
    system_stm32f0xx.o(i.SystemCoreClockUpdate) refers to aeabi_sdiv.o(.text) for __aeabi_uidivmod
    system_stm32f0xx.o(i.SystemCoreClockUpdate) refers to system_stm32f0xx.o(.data) for .data
    system_stm32f0xx.o(i.SystemInit) refers to system_stm32f0xx.o(i.SetSysClock) for SetSysClock
    stm32f0xx_adc.o(i.ADC_DeInit) refers to stm32f0xx_rcc.o(i.RCC_APB2PeriphResetCmd) for RCC_APB2PeriphResetCmd
    stm32f0xx_cec.o(i.CEC_DeInit) refers to stm32f0xx_rcc.o(i.RCC_APB1PeriphResetCmd) for RCC_APB1PeriphResetCmd
    stm32f0xx_crs.o(i.CRS_DeInit) refers to stm32f0xx_rcc.o(i.RCC_APB1PeriphResetCmd) for RCC_APB1PeriphResetCmd
    stm32f0xx_dac.o(i.DAC_DeInit) refers to stm32f0xx_rcc.o(i.RCC_APB1PeriphResetCmd) for RCC_APB1PeriphResetCmd
    stm32f0xx_flash.o(i.FLASH_EraseAllPages) refers to stm32f0xx_flash.o(i.FLASH_WaitForLastOperation) for FLASH_WaitForLastOperation
    stm32f0xx_flash.o(i.FLASH_ErasePage) refers to stm32f0xx_flash.o(i.FLASH_WaitForLastOperation) for FLASH_WaitForLastOperation
    stm32f0xx_flash.o(i.FLASH_OB_BOOT0Config) refers to stm32f0xx_flash.o(i.FLASH_WaitForLastOperation) for FLASH_WaitForLastOperation
    stm32f0xx_flash.o(i.FLASH_OB_BOOT0SWConfig) refers to stm32f0xx_flash.o(i.FLASH_WaitForLastOperation) for FLASH_WaitForLastOperation
    stm32f0xx_flash.o(i.FLASH_OB_BOOTConfig) refers to stm32f0xx_flash.o(i.FLASH_WaitForLastOperation) for FLASH_WaitForLastOperation
    stm32f0xx_flash.o(i.FLASH_OB_EnableWRP) refers to stm32f0xx_flash.o(i.FLASH_WaitForLastOperation) for FLASH_WaitForLastOperation
    stm32f0xx_flash.o(i.FLASH_OB_Erase) refers to stm32f0xx_flash.o(i.FLASH_OB_GetRDP) for FLASH_OB_GetRDP
    stm32f0xx_flash.o(i.FLASH_OB_Erase) refers to stm32f0xx_flash.o(i.FLASH_WaitForLastOperation) for FLASH_WaitForLastOperation
[...]
    Removing my_bmp180_v2.o(i.BMP180_read), (36 bytes).
    Removing my_bmp180_v2.o(.bss), (88 bytes).
    Removing my_bmp180_v2.o(.bss), (84 bytes).
    Removing my_bmp180_v2.o(.bss), (20 bytes).
    Removing my_bmp180_v2.o(.data), (4 bytes).
    Removing my_bmp180_v2.o(.data), (4 bytes).
    Removing my_bmp180_v2.o(.data), (1 bytes).
    Removing tinyekf.o(i.accum), (70 bytes).
    Removing tinyekf.o(i.add), (48 bytes).
    Removing tinyekf.o(i.choldc1), (194 bytes).
    Removing tinyekf.o(i.choldcsl), (236 bytes).
    Removing tinyekf.o(i.cholsl), (268 bytes).
    Removing tinyekf.o(i.ekf_init), (88 bytes).
    Removing tinyekf.o(i.ekf_step), (274 bytes).
    Removing tinyekf.o(i.mat_addeye), (52 bytes).
    Removing tinyekf.o(i.mulmat), (112 bytes).
    Removing tinyekf.o(i.mulvec), (82 bytes).
    Removing tinyekf.o(i.negate), (52 bytes).
    Removing tinyekf.o(i.sub), (48 bytes).
    Removing tinyekf.o(i.transpose), (56 bytes).
    Removing tinyekf.o(i.unpack), (98 bytes).
    Removing tinyekf.o(i.zeros), (26 bytes).
    Removing bmp280.o(i.__ARM_common_switch8), (26 bytes).

625 unused section(s) (total 20317 bytes) removed from the image.

==============================================================================

Image Symbol Table

    Local Symbols

    Symbol Name                              Value     Ov Type        Size  Object(Section)

    ../clib/angel/boardlib.s                 0x00000000   Number         0  boardinit1.o ABSOLUTE
    ../clib/angel/boardlib.s                 0x00000000   Number         0  boardinit2.o ABSOLUTE
    ../clib/angel/boardlib.s                 0x00000000   Number         0  boardinit3.o ABSOLUTE
    ../clib/angel/boardlib.s                 0x00000000   Number         0  boardshut.o ABSOLUTE
    ../clib/angel/handlers.s                 0x00000000   Number         0  __scatter_copy.o ABSOLUTE
    ../clib/angel/handlers.s                 0x00000000   Number         0  __scatter_zi.o ABSOLUTE
    ../clib/angel/kernel.s                   0x00000000   Number         0  __rtentry4.o ABSOLUTE
    ../clib/angel/kernel.s                   0x00000000   Number         0  __rtentry2.o ABSOLUTE
    ../clib/angel/kernel.s                   0x00000000   Number         0  rtexit2.o ABSOLUTE
    ../clib/angel/kernel.s                   0x00000000   Number         0  rtexit.o ABSOLUTE
    ../clib/angel/kernel.s                   0x00000000   Number         0  __rtentry.o ABSOLUTE
    ../clib/angel/rt.s                       0x00000000   Number         0  rt_div0.o ABSOLUTE
    ../clib/angel/rt.s                       0x00000000   Number         0  rt_errno_addr.o ABSOLUTE
    ../clib/angel/rt.s                       0x00000000   Number         0  aeabi_ldiv0.o ABSOLUTE
    ../clib/angel/rt.s                       0x00000000   Number         0  aeabi_ldiv0_sigfpe.o ABSOLUTE
    ../clib/angel/rt.s                       0x00000000   Number         0  rt_raise.o ABSOLUTE
    ../clib/angel/rt.s                       0x00000000   Number         0  rt_errno_addr_intlibspace.o ABSOLUTE
    ../clib/angel/rt.s                       0x00000000   Number         0  aeabi_idiv0_sigfpe.o ABSOLUTE
    ../clib/angel/rt.s                       0x00000000   Number         0  aeabi_idiv0.o ABSOLUTE
    ../clib/angel/scatterp.s                 0x00000000   Number         0  __scatter.o ABSOLUTE
    ../clib/angel/startup.s                  0x00000000   Number         0  __main.o ABSOLUTE
    ../clib/angel/sys.s                      0x00000000   Number         0  sys_stackheap_outer.o ABSOLUTE
    ../clib/angel/sys.s                      0x00000000   Number         0  use_no_semi.o ABSOLUTE
    ../clib/angel/sys.s                      0x00000000   Number         0  libspace.o ABSOLUTE
    ../clib/angel/sys.s                      0x00000000   Number         0  tempstk.o ABSOLUTE
    ../clib/angel/sys.s                      0x00000000   Number         0  indicate_semi.o ABSOLUTE
    ../clib/angel/sysapp.c                   0x00000000   Number         0  sys_wrch.o ABSOLUTE
    ../clib/angel/sysapp.c                   0x00000000   Number         0  sys_exit.o ABSOLUTE
    ../clib/angel/sysapp.c                   0x00000000   Number         0  sys_command.o ABSOLUTE
    ../clib/armsys.c                         0x00000000   Number         0  argv_veneer.o ABSOLUTE
    ../clib/armsys.c                         0x00000000   Number         0  no_argv.o ABSOLUTE
    ../clib/armsys.c                         0x00000000   Number         0  _get_argv_nomalloc.o ABSOLUTE
    ../clib/division.c                       0x00000000   Number         0  llsdiv.o ABSOLUTE
    ../clib/division.c                       0x00000000   Number         0  lludiv.o ABSOLUTE
    ../clib/division.s                       0x00000000   Number         0  aeabi_sdiv.o ABSOLUTE
    ../clib/division.s                       0x00000000   Number         0  aeabi_sdiv_div0.o ABSOLUTE
    ../clib/fenv.c                           0x00000000   Number         0  _rserrno.o ABSOLUTE
    ../clib/heapalloc.c                      0x00000000   Number         0  hrguard.o ABSOLUTE
    ../clib/heapaux.c                        0x00000000   Number         0  heapauxi.o ABSOLUTE
    ../clib/libinit.s                        0x00000000   Number         0  libshutdown.o ABSOLUTE
    ../clib/libinit.s                        0x00000000   Number         0  libshutdown2.o ABSOLUTE
    ../clib/libinit.s                        0x00000000   Number         0  libinit2.o ABSOLUTE
    ../clib/libinit.s                        0x00000000   Number         0  libinit.o ABSOLUTE
    ../clib/longlong.c                       0x00000000   Number         0  llmul.o ABSOLUTE
    ../clib/memcpset.c                       0x00000000   Number         0  rt_memclr.o ABSOLUTE
    ../clib/signal.c                         0x00000000   Number         0  defsig_rtmem_outer.o ABSOLUTE
    ../clib/signal.c                         0x00000000   Number         0  defsig_other.o ABSOLUTE
    ../clib/signal.c                         0x00000000   Number         0  defsig_general.o ABSOLUTE
    ../clib/signal.c                         0x00000000   Number         0  defsig_rtmem_formal.o ABSOLUTE
    ../clib/signal.c                         0x00000000   Number         0  defsig_stak_inner.o ABSOLUTE
    ../clib/signal.c                         0x00000000   Number         0  __raise.o ABSOLUTE
    ../clib/signal.c                         0x00000000   Number         0  defsig_pvfn_inner.o ABSOLUTE
    ../clib/signal.c                         0x00000000   Number         0  defsig_segv_inner.o ABSOLUTE
    ../clib/signal.c                         0x00000000   Number         0  defsig_fpe_outer.o ABSOLUTE
    ../clib/signal.c                         0x00000000   Number         0  defsig_fpe_formal.o ABSOLUTE
    ../clib/signal.c                         0x00000000   Number         0  defsig_fpe_inner.o ABSOLUTE
    ../clib/signal.c                         0x00000000   Number         0  defsig_abrt_inner.o ABSOLUTE
    ../clib/signal.c                         0x00000000   Number         0  defsig_rtred_inner.o ABSOLUTE
    ../clib/signal.c                         0x00000000   Number         0  defsig_exit.o ABSOLUTE
    ../clib/signal.c                         0x00000000   Number         0  defsig_rtmem_inner.o ABSOLUTE
    ../clib/signal.c                         0x00000000   Number         0  defsig_cppl_inner.o ABSOLUTE
    ../clib/signal.s                         0x00000000   Number         0  defsig.o ABSOLUTE
    ../clib/stdlib.c                         0x00000000   Number         0  exit.o ABSOLUTE
    ../fplib/cfplib/cmpret.c                 0x00000000   Number         0  cmpret.o ABSOLUTE
    ../fplib/cfplib/d2f.c                    0x00000000   Number         0  d2f.o ABSOLUTE
    ../fplib/cfplib/daddsub.c                0x00000000   Number         0  daddsub.o ABSOLUTE
    ../fplib/cfplib/dcmpin.c                 0x00000000   Number         0  dcmpin.o ABSOLUTE
    ../fplib/cfplib/ddiv.c                   0x00000000   Number         0  ddiv.o ABSOLUTE
    ../fplib/cfplib/dmul.c                   0x00000000   Number         0  dmul.o ABSOLUTE
    ../fplib/cfplib/dsqrt.c                  0x00000000   Number         0  dsqrt.o ABSOLUTE
    ../fplib/cfplib/f2d.c                    0x00000000   Number         0  f2d.o ABSOLUTE
    ../fplib/cfplib/fdiv.c                   0x00000000   Number         0  fdiv.o ABSOLUTE
    ../fplib/cfplib/ffix.c                   0x00000000   Number         0  ffixi.o ABSOLUTE
    ../fplib/cfplib/ffix.c                   0x00000000   Number         0  dfixi.o ABSOLUTE
    ../fplib/cfplib/fflt.c                   0x00000000   Number         0  fflti.o ABSOLUTE
    ../fplib/cfplib/fflt.c                   0x00000000   Number         0  dflti.o ABSOLUTE
    ../fplib/cfplib/fpinit.c                 0x00000000   Number         0  fpinit.o ABSOLUTE
    ../fplib/cfplib/nan2.c                   0x00000000   Number         0  dnan2.o ABSOLUTE
    ../fplib/cfplib/retnan.c                 0x00000000   Number         0  retnan.o ABSOLUTE
    ../fplib/cfplib/scalbn.c                 0x00000000   Number         0  dscalbn.o ABSOLUTE
    ../fplib/deqf6m.s                        0x00000000   Number         0  deqf.o ABSOLUTE
    ../fplib/dleqf6m.s                       0x00000000   Number         0  dlef.o ABSOLUTE
    ../fplib/drleqf6m.s                      0x00000000   Number         0  drlef.o ABSOLUTE
    ../fplib/faddsub6m.s                     0x00000000   Number         0  faddsub.o ABSOLUTE
    ../fplib/fmul6m.s                        0x00000000   Number         0  fmul.o ABSOLUTE
    ../fplib/usenofp.s                       0x00000000   Number         0  usenofp.o ABSOLUTE
    ../mathlib/dunder.c                      0x00000000   Number         0  dunder.o ABSOLUTE
    ../mathlib/fpclassify.c                  0x00000000   Number         0  fpclassify.o ABSOLUTE
    ../mathlib/log.c                         0x00000000   Number         0  log_x.o ABSOLUTE
    ../mathlib/log.c                         0x00000000   Number         0  log.o ABSOLUTE
    ../mathlib/poly.c                        0x00000000   Number         0  poly.o ABSOLUTE
    ../mathlib/pow.c                         0x00000000   Number         0  pow_x.o ABSOLUTE
    ../mathlib/pow.c                         0x00000000   Number         0  pow.o ABSOLUTE
    ../mathlib/qnan.c                        0x00000000   Number         0  qnan.o ABSOLUTE
    ../mathlib/sqrt.c                        0x00000000   Number         0  sqrt_x.o ABSOLUTE
    ../mathlib/sqrt.c                        0x00000000   Number         0  sqrt.o ABSOLUTE
    HW_DRIVER\\delay.c                       0x00000000   Number         0  delay.o ABSOLUTE
    HW_DRIVER\\i2c_soft.c                    0x00000000   Number         0  i2c_soft.o ABSOLUTE
    HW_DRIVER\\led.c                         0x00000000   Number         0  led.o ABSOLUTE
    HW_DRIVER\\msb.c                         0x00000000   Number         0  msb.o ABSOLUTE
    HW_DRIVER\\my_bmp180_v2.c                0x00000000   Number         0  my_bmp180_v2.o ABSOLUTE
    HW_DRIVER\delay.c                        0x00000000   Number         0  delay.o ABSOLUTE
    HW_DRIVER\i2c_soft.c                     0x00000000   Number         0  i2c_soft.o ABSOLUTE
    HW_DRIVER\led.c                          0x00000000   Number         0  led.o ABSOLUTE
    HW_DRIVER\msb.c                          0x00000000   Number         0  msb.o ABSOLUTE
    HW_DRIVER\my_bmp180_v2.c                 0x00000000   Number         0  my_bmp180_v2.o ABSOLUTE
    STM32F0xx_StdPeriph_Lib_V1.5.0\Libraries\STM32F0xx_StdPeriph_Driver\src\stm32f0xx_adc.c 0x00000000   Number         0  stm32f0xx_adc.o ABSOLUTE
    STM32F0xx_StdPeriph_Lib_V1.5.0\Libraries\STM32F0xx_StdPeriph_Driver\src\stm32f0xx_cec.c 0x00000000   Number         0  stm32f0xx_cec.o ABSOLUTE
    STM32F0xx_StdPeriph_Lib_V1.5.0\Libraries\STM32F0xx_StdPeriph_Driver\src\stm32f0xx_comp.c 0x00000000   Number         0  stm32f0xx_comp.o ABSOLUTE
    STM32F0xx_StdPeriph_Lib_V1.5.0\Libraries\STM32F0xx_StdPeriph_Driver\src\stm32f0xx_crc.c 0x00000000   Number         0  stm32f0xx_crc.o ABSOLUTE
    STM32F0xx_StdPeriph_Lib_V1.5.0\Libraries\STM32F0xx_StdPeriph_Driver\src\stm32f0xx_crs.c 0x00000000   Number         0  stm32f0xx_crs.o ABSOLUTE
    STM32F0xx_StdPeriph_Lib_V1.5.0\Libraries\STM32F0xx_StdPeriph_Driver\src\stm32f0xx_dac.c 0x00000000   Number         0  stm32f0xx_dac.o ABSOLUTE
    STM32F0xx_StdPeriph_Lib_V1.5.0\Libraries\STM32F0xx_StdPeriph_Driver\src\stm32f0xx_dbgmcu.c 0x00000000   Number         0  stm32f0xx_dbgmcu.o ABSOLUTE
    STM32F0xx_StdPeriph_Lib_V1.5.0\Libraries\STM32F0xx_StdPeriph_Driver\src\stm32f0xx_dma.c 0x00000000   Number         0  stm32f0xx_dma.o ABSOLUTE
    STM32F0xx_StdPeriph_Lib_V1.5.0\Libraries\STM32F0xx_StdPeriph_Driver\src\stm32f0xx_exti.c 0x00000000   Number         0  stm32f0xx_exti.o ABSOLUTE
    STM32F0xx_StdPeriph_Lib_V1.5.0\Libraries\STM32F0xx_StdPeriph_Driver\src\stm32f0xx_flash.c 0x00000000   Number         0  stm32f0xx_flash.o ABSOLUTE
    STM32F0xx_StdPeriph_Lib_V1.5.0\Libraries\STM32F0xx_StdPeriph_Driver\src\stm32f0xx_gpio.c 0x00000000   Number         0  stm32f0xx_gpio.o ABSOLUTE
    STM32F0xx_StdPeriph_Lib_V1.5.0\Libraries\STM32F0xx_StdPeriph_Driver\src\stm32f0xx_i2c.c 0x00000000   Number         0  stm32f0xx_i2c.o ABSOLUTE
    STM32F0xx_StdPeriph_Lib_V1.5.0\Libraries\STM32F0xx_StdPeriph_Driver\src\stm32f0xx_iwdg.c 0x00000000   Number         0  stm32f0xx_iwdg.o ABSOLUTE
    STM32F0xx_StdPeriph_Lib_V1.5.0\Libraries\STM32F0xx_StdPeriph_Driver\src\stm32f0xx_misc.c 0x00000000   Number         0  stm32f0xx_misc.o ABSOLUTE
    STM32F0xx_StdPeriph_Lib_V1.5.0\Libraries\STM32F0xx_StdPeriph_Driver\src\stm32f0xx_pwr.c 0x00000000   Number         0  stm32f0xx_pwr.o ABSOLUTE
    STM32F0xx_StdPeriph_Lib_V1.5.0\Libraries\STM32F0xx_StdPeriph_Driver\src\stm32f0xx_rcc.c 0x00000000   Number         0  stm32f0xx_rcc.o ABSOLUTE
    STM32F0xx_StdPeriph_Lib_V1.5.0\Libraries\STM32F0xx_StdPeriph_Driver\src\stm32f0xx_rtc.c 0x00000000   Number         0  stm32f0xx_rtc.o ABSOLUTE
    STM32F0xx_StdPeriph_Lib_V1.5.0\Libraries\STM32F0xx_StdPeriph_Driver\src\stm32f0xx_spi.c 0x00000000   Number         0  stm32f0xx_spi.o ABSOLUTE
    STM32F0xx_StdPeriph_Lib_V1.5.0\Libraries\STM32F0xx_StdPeriph_Driver\src\stm32f0xx_syscfg.c 0x00000000   Number         0  stm32f0xx_syscfg.o ABSOLUTE
    STM32F0xx_StdPeriph_Lib_V1.5.0\Libraries\STM32F0xx_StdPeriph_Driver\src\stm32f0xx_tim.c 0x00000000   Number         0  stm32f0xx_tim.o ABSOLUTE
    STM32F0xx_StdPeriph_Lib_V1.5.0\Libraries\STM32F0xx_StdPeriph_Driver\src\stm32f0xx_usart.c 0x00000000   Number         0  stm32f0xx_usart.o ABSOLUTE
    STM32F0xx_StdPeriph_Lib_V1.5.0\Libraries\STM32F0xx_StdPeriph_Driver\src\stm32f0xx_wwdg.c 0x00000000   Number         0  stm32f0xx_wwdg.o ABSOLUTE
    STM32F0xx_StdPeriph_Lib_V1.5.0\\Libraries\\STM32F0xx_StdPeriph_Driver\\src\\stm32f0xx_adc.c 0x00000000   Number         0  stm32f0xx_adc.o ABSOLUTE
    STM32F0xx_StdPeriph_Lib_V1.5.0\\Libraries\\STM32F0xx_StdPeriph_Driver\\src\\stm32f0xx_cec.c 0x00000000   Number         0  stm32f0xx_cec.o ABSOLUTE
    STM32F0xx_StdPeriph_Lib_V1.5.0\\Libraries\\STM32F0xx_StdPeriph_Driver\\src\\stm32f0xx_comp.c 0x00000000   Number         0  stm32f0xx_comp.o ABSOLUTE
    STM32F0xx_StdPeriph_Lib_V1.5.0\\Libraries\\STM32F0xx_StdPeriph_Driver\\src\\stm32f0xx_crc.c 0x00000000   Number         0  stm32f0xx_crc.o ABSOLUTE
    STM32F0xx_StdPeriph_Lib_V1.5.0\\Libraries\\STM32F0xx_StdPeriph_Driver\\src\\stm32f0xx_crs.c 0x00000000   Number         0  stm32f0xx_crs.o ABSOLUTE
    STM32F0xx_StdPeriph_Lib_V1.5.0\\Libraries\\STM32F0xx_StdPeriph_Driver\\src\\stm32f0xx_dac.c 0x00000000   Number         0  stm32f0xx_dac.o ABSOLUTE
    STM32F0xx_StdPeriph_Lib_V1.5.0\\Libraries\\STM32F0xx_StdPeriph_Driver\\src\\stm32f0xx_dbgmcu.c 0x00000000   Number         0  stm32f0xx_dbgmcu.o ABSOLUTE
    STM32F0xx_StdPeriph_Lib_V1.5.0\\Libraries\\STM32F0xx_StdPeriph_Driver\\src\\stm32f0xx_dma.c 0x00000000   Number         0  stm32f0xx_dma.o ABSOLUTE
    STM32F0xx_StdPeriph_Lib_V1.5.0\\Libraries\\STM32F0xx_StdPeriph_Driver\\src\\stm32f0xx_exti.c 0x00000000   Number         0  stm32f0xx_exti.o ABSOLUTE
    STM32F0xx_StdPeriph_Lib_V1.5.0\\Libraries\\STM32F0xx_StdPeriph_Driver\\src\\stm32f0xx_flash.c 0x00000000   Number         0  stm32f0xx_flash.o ABSOLUTE
    STM32F0xx_StdPeriph_Lib_V1.5.0\\Libraries\\STM32F0xx_StdPeriph_Driver\\src\\stm32f0xx_gpio.c 0x00000000   Number         0  stm32f0xx_gpio.o ABSOLUTE
    STM32F0xx_StdPeriph_Lib_V1.5.0\\Libraries\\STM32F0xx_StdPeriph_Driver\\src\\stm32f0xx_i2c.c 0x00000000   Number         0  stm32f0xx_i2c.o ABSOLUTE
    STM32F0xx_StdPeriph_Lib_V1.5.0\\Libraries\\STM32F0xx_StdPeriph_Driver\\src\\stm32f0xx_iwdg.c 0x00000000   Number         0  stm32f0xx_iwdg.o ABSOLUTE
    STM32F0xx_StdPeriph_Lib_V1.5.0\\Libraries\\STM32F0xx_StdPeriph_Driver\\src\\stm32f0xx_misc.c 0x00000000   Number         0  stm32f0xx_misc.o ABSOLUTE
    STM32F0xx_StdPeriph_Lib_V1.5.0\\Libraries\\STM32F0xx_StdPeriph_Driver\\src\\stm32f0xx_pwr.c 0x00000000   Number         0  stm32f0xx_pwr.o ABSOLUTE
    STM32F0xx_StdPeriph_Lib_V1.5.0\\Libraries\\STM32F0xx_StdPeriph_Driver\\src\\stm32f0xx_rcc.c 0x00000000   Number         0  stm32f0xx_rcc.o ABSOLUTE
    STM32F0xx_StdPeriph_Lib_V1.5.0\\Libraries\\STM32F0xx_StdPeriph_Driver\\src\\stm32f0xx_rtc.c 0x00000000   Number         0  stm32f0xx_rtc.o ABSOLUTE
    STM32F0xx_StdPeriph_Lib_V1.5.0\\Libraries\\STM32F0xx_StdPeriph_Driver\\src\\stm32f0xx_spi.c 0x00000000   Number         0  stm32f0xx_spi.o ABSOLUTE
    STM32F0xx_StdPeriph_Lib_V1.5.0\\Libraries\\STM32F0xx_StdPeriph_Driver\\src\\stm32f0xx_syscfg.c 0x00000000   Number         0  stm32f0xx_syscfg.o ABSOLUTE
    STM32F0xx_StdPeriph_Lib_V1.5.0\\Libraries\\STM32F0xx_StdPeriph_Driver\\src\\stm32f0xx_tim.c 0x00000000   Number         0  stm32f0xx_tim.o ABSOLUTE
    STM32F0xx_StdPeriph_Lib_V1.5.0\\Libraries\\STM32F0xx_StdPeriph_Driver\\src\\stm32f0xx_usart.c 0x00000000   Number         0  stm32f0xx_usart.o ABSOLUTE
    STM32F0xx_StdPeriph_Lib_V1.5.0\\Libraries\\STM32F0xx_StdPeriph_Driver\\src\\stm32f0xx_wwdg.c 0x00000000   Number         0  stm32f0xx_wwdg.o ABSOLUTE
    cmsis\Source\Templates\arm\startup_stm32f030.s 0x00000000   Number         0  startup_stm32f030.o ABSOLUTE
    cmsis\Source\Templates\system_stm32f0xx.c 0x00000000   Number         0  system_stm32f0xx.o ABSOLUTE
    cmsis\\Source\\Templates\\system_stm32f0xx.c 0x00000000   Number         0  system_stm32f0xx.o ABSOLUTE
    dc.s                                     0x00000000   Number         0  dc.o ABSOLUTE
    filter\tinyekf.c                         0x00000000   Number         0  tinyekf.o ABSOLUTE
    user\\main.c                             0x00000000   Number         0  main.o ABSOLUTE
    user\\stm32f0xx_it.c                     0x00000000   Number         0  stm32f0xx_it.o ABSOLUTE
    user\bmp280.c                            0x00000000   Number         0  bmp280.o ABSOLUTE
    user\bmp280_support.c                    0x00000000   Number         0  bmp280_support.o ABSOLUTE
    user\main.c                              0x00000000   Number         0  main.o ABSOLUTE
    user\stm32f0xx_it.c                      0x00000000   Number         0  stm32f0xx_it.o ABSOLUTE
    RESET                                    0x08000000   Section      180  startup_stm32f030.o(RESET)
    !!!main                                  0x080000b4   Section        8  __main.o(!!!main)
    !!!scatter                               0x080000bc   Section       60  __scatter.o(!!!scatter)
    !!handler_copy                           0x080000f8   Section       26  __scatter_copy.o(!!handler_copy)
    !!handler_zi                             0x08000114   Section       28  __scatter_zi.o(!!handler_zi)
    .ARM.Collect$$libinit$$00000000          0x08000130   Section        2  libinit.o(.ARM.Collect$$libinit$$00000000)
    .ARM.Collect$$libinit$$00000002          0x08000132   Section        0  libinit2.o(.ARM.Collect$$libinit$$00000002)
    .ARM.Collect$$libinit$$00000004          0x08000132   Section        0  libinit2.o(.ARM.Collect$$libinit$$00000004)
    .ARM.Collect$$libinit$$0000000A          0x08000132   Section        0  libinit2.o(.ARM.Collect$$libinit$$0000000A)
    .ARM.Collect$$libinit$$0000000C          0x08000132   Section        0  libinit2.o(.ARM.Collect$$libinit$$0000000C)
    .ARM.Collect$$libinit$$0000000E          0x08000132   Section        0  libinit2.o(.ARM.Collect$$libinit$$0000000E)
    .ARM.Collect$$libinit$$00000011          0x08000132   Section        0  libinit2.o(.ARM.Collect$$libinit$$00000011)
    .ARM.Collect$$libinit$$00000013          0x08000132   Section        0  libinit2.o(.ARM.Collect$$libinit$$00000013)
    .ARM.Collect$$libinit$$00000015          0x08000132   Section        0  libinit2.o(.ARM.Collect$$libinit$$00000015)
    .ARM.Collect$$libinit$$00000017          0x08000132   Section        0  libinit2.o(.ARM.Collect$$libinit$$00000017)
    .ARM.Collect$$libinit$$00000019          0x08000132   Section        0  libinit2.o(.ARM.Collect$$libinit$$00000019)
    .ARM.Collect$$libinit$$0000001B          0x08000132   Section        0  libinit2.o(.ARM.Collect$$libinit$$0000001B)
    .ARM.Collect$$libinit$$0000001D          0x08000132   Section        0  libinit2.o(.ARM.Collect$$libinit$$0000001D)
    .ARM.Collect$$libinit$$0000001F          0x08000132   Section        0  libinit2.o(.ARM.Collect$$libinit$$0000001F)
    .ARM.Collect$$libinit$$00000021          0x08000132   Section        0  libinit2.o(.ARM.Collect$$libinit$$00000021)
    .ARM.Collect$$libinit$$00000023          0x08000132   Section        0  libinit2.o(.ARM.Collect$$libinit$$00000023)
    .ARM.Collect$$libinit$$00000025          0x08000132   Section        0  libinit2.o(.ARM.Collect$$libinit$$00000025)
    .ARM.Collect$$libinit$$0000002C          0x08000132   Section        0  libinit2.o(.ARM.Collect$$libinit$$0000002C)
    .ARM.Collect$$libinit$$0000002E          0x08000132   Section        0  libinit2.o(.ARM.Collect$$libinit$$0000002E)
    .ARM.Collect$$libinit$$00000030          0x08000132   Section        0  libinit2.o(.ARM.Collect$$libinit$$00000030)
    .ARM.Collect$$libinit$$00000032          0x08000132   Section        0  libinit2.o(.ARM.Collect$$libinit$$00000032)
    .ARM.Collect$$libinit$$00000033          0x08000132   Section        2  libinit2.o(.ARM.Collect$$libinit$$00000033)
    .ARM.Collect$$libshutdown$$00000000      0x08000134   Section        2  libshutdown.o(.ARM.Collect$$libshutdown$$00000000)
    .ARM.Collect$$libshutdown$$00000002      0x08000136   Section        0  libshutdown2.o(.ARM.Collect$$libshutdown$$00000002)
    .ARM.Collect$$libshutdown$$00000004      0x08000136   Section        0  libshutdown2.o(.ARM.Collect$$libshutdown$$00000004)
    .ARM.Collect$$libshutdown$$00000007      0x08000136   Section        0  libshutdown2.o(.ARM.Collect$$libshutdown$$00000007)
    .ARM.Collect$$libshutdown$$0000000A      0x08000136   Section        0  libshutdown2.o(.ARM.Collect$$libshutdown$$0000000A)
    .ARM.Collect$$libshutdown$$0000000C      0x08000136   Section        0  libshutdown2.o(.ARM.Collect$$libshutdown$$0000000C)
    .ARM.Collect$$libshutdown$$0000000F      0x08000136   Section        0  libshutdown2.o(.ARM.Collect$$libshutdown$$0000000F)
    .ARM.Collect$$libshutdown$$00000010      0x08000136   Section        2  libshutdown2.o(.ARM.Collect$$libshutdown$$00000010)
    .ARM.Collect$$rtentry$$00000000          0x08000138   Section        0  __rtentry.o(.ARM.Collect$$rtentry$$00000000)
    .ARM.Collect$$rtentry$$00000002          0x08000138   Section        0  __rtentry2.o(.ARM.Collect$$rtentry$$00000002)
    .ARM.Collect$$rtentry$$00000004          0x08000138   Section        6  __rtentry4.o(.ARM.Collect$$rtentry$$00000004)
    .ARM.Collect$$rtentry$$00000009          0x0800013e   Section        0  __rtentry2.o(.ARM.Collect$$rtentry$$00000009)
    .ARM.Collect$$rtentry$$0000000A          0x0800013e   Section        4  __rtentry2.o(.ARM.Collect$$rtentry$$0000000A)
    .ARM.Collect$$rtentry$$0000000C          0x08000142   Section        0  __rtentry2.o(.ARM.Collect$$rtentry$$0000000C)
    .ARM.Collect$$rtentry$$0000000D          0x08000142   Section        8  __rtentry2.o(.ARM.Collect$$rtentry$$0000000D)
    .ARM.Collect$$rtexit$$00000000           0x0800014a   Section        2  rtexit.o(.ARM.Collect$$rtexit$$00000000)
    .ARM.Collect$$rtexit$$00000002           0x0800014c   Section        0  rtexit2.o(.ARM.Collect$$rtexit$$00000002)
    .ARM.Collect$$rtexit$$00000003           0x0800014c   Section        4  rtexit2.o(.ARM.Collect$$rtexit$$00000003)
    .ARM.Collect$$rtexit$$00000004           0x08000150   Section        6  rtexit2.o(.ARM.Collect$$rtexit$$00000004)
    .text                                    0x08000158   Section      116  startup_stm32f030.o(.text)
    .text                                    0x080001cc   Section      346  aeabi_sdiv.o(.text)
    .text                                    0x08000326   Section        0  heapauxi.o(.text)
    .text                                    0x0800032c   Section        0  d2f.o(.text)
    .text                                    0x080003a8   Section        0  daddsub.o(.text)
    _dadd1                                   0x080003a9   Thumb Code   290  daddsub.o(.text)
    _dsub1                                   0x080004cb   Thumb Code   470  daddsub.o(.text)
    .text                                    0x08000700   Section        0  ddiv.o(.text)
    .text                                    0x08000b48   Section        0  dflti.o(.text)
    .text                                    0x08000ba0   Section        0  dmul.o(.text)
    .text                                    0x08000de8   Section        0  dscalbn.o(.text)
    .text                                    0x08000e48   Section        0  f2d.o(.text)
    .text                                    0x08000e9c   Section        0  fdiv.o(.text)
    .text                                    0x08000ffc   Section        0  ffixi.o(.text)
    .text                                    0x08001048   Section        0  fflti.o(.text)
    .text                                    0x080010a6   Section        0  _rserrno.o(.text)
    .text                                    0x080010bc   Section        0  dcmpin.o(.text)
    .text                                    0x0800114c   Section        0  dsqrt.o(.text)
    .text                                    0x0800124c   Section        8  rt_errno_addr_intlibspace.o(.text)
    .text                                    0x08001254   Section        0  cmpret.o(.text)
    .text                                    0x08001284   Section        0  dnan2.o(.text)
    .text                                    0x08001298   Section        8  libspace.o(.text)
    .text                                    0x080012a0   Section       62  sys_stackheap_outer.o(.text)
    .text                                    0x080012de   Section        0  exit.o(.text)
    .text                                    0x080012ee   Section        0  retnan.o(.text)
    .text                                    0x0800134c   Section        0  sys_exit.o(.text)
    .text                                    0x08001358   Section        2  use_no_semi.o(.text)
    .text                                    0x0800135a   Section        0  indicate_semi.o(.text)
    i.BMP180_calcTrueTemperature             0x0800135c   Section        0  my_bmp180_v2.o(i.BMP180_calcTrueTemperature)
    i.BMP180_getCalData                      0x080013a8   Section        0  my_bmp180_v2.o(i.BMP180_getCalData)
    i.BMP180_init                            0x08001494   Section        0  my_bmp180_v2.o(i.BMP180_init)
    i.BMP180_readmem                         0x08001574   Section        0  my_bmp180_v2.o(i.BMP180_readmem)
    i.BMP180_setMode                         0x08001584   Section        0  my_bmp180_v2.o(i.BMP180_setMode)
    i.BMP180_writemem                        0x08001590   Section        0  my_bmp180_v2.o(i.BMP180_writemem)
    i.BMP_init                               0x0800159e   Section        0  my_bmp180_v2.o(i.BMP_init)
    i.GPIO_Init                              0x080015b2   Section        0  stm32f0xx_gpio.o(i.GPIO_Init)
    i.GPIO_PinAFConfig                       0x08001622   Section        0  stm32f0xx_gpio.o(i.GPIO_PinAFConfig)
    i.GPIO_ReadInputDataBit                  0x08001642   Section        0  stm32f0xx_gpio.o(i.GPIO_ReadInputDataBit)
    i.GPIO_ResetBits                         0x08001650   Section        0  stm32f0xx_gpio.o(i.GPIO_ResetBits)
    i.GPIO_SetBits                           0x08001654   Section        0  stm32f0xx_gpio.o(i.GPIO_SetBits)
    i.HW_msb_init_Sensor                     0x08001658   Section        0  msb.o(i.HW_msb_init_Sensor)
    i.HW_msb_send                            0x080016f0   Section        0  msb.o(i.HW_msb_send)
    i.HW_msb_send_IT                         0x08001710   Section        0  msb.o(i.HW_msb_send_IT)
    i.HardFault_Handler                      0x08001730   Section        0  stm32f0xx_it.o(i.HardFault_Handler)
    i.IIC_Ack                                0x08001732   Section        0  i2c_soft.o(i.IIC_Ack)
    i.IIC_Init                               0x0800176a   Section        0  i2c_soft.o(i.IIC_Init)
    i.IIC_NAck                               0x080017a0   Section        0  i2c_soft.o(i.IIC_NAck)
    i.IIC_Read_Byte                          0x080017d8   Section        0  i2c_soft.o(i.IIC_Read_Byte)
    i.IIC_Send_Byte                          0x08001832   Section        0  i2c_soft.o(i.IIC_Send_Byte)
    i.IIC_Start                              0x08001890   Section        0  i2c_soft.o(i.IIC_Start)
    i.IIC_Stop                               0x080018c8   Section        0  i2c_soft.o(i.IIC_Stop)
    i.IIC_Wait_Ack                           0x08001900   Section        0  i2c_soft.o(i.IIC_Wait_Ack)
    i.IICreadBytes                           0x08001958   Section        0  i2c_soft.o(i.IICreadBytes)
    i.IICwriteByte                           0x080019b8   Section        0  i2c_soft.o(i.IICwriteByte)
    i.IICwriteBytes                          0x080019c4   Section        0  i2c_soft.o(i.IICwriteBytes)
    i.LED_PWM                                0x08001a08   Section        0  led.o(i.LED_PWM)
    i.MY_ALT_CAL                             0x08001a24   Section        0  my_bmp180_v2.o(i.MY_ALT_CAL)
    i.MY_BMP180_Routing                      0x08001ab4   Section        0  my_bmp180_v2.o(i.MY_BMP180_Routing)
    i.NMI_Handler                            0x08001c14   Section        0  stm32f0xx_it.o(i.NMI_Handler)
    i.NVIC_Init                              0x08001c18   Section        0  stm32f0xx_misc.o(i.NVIC_Init)
    i.PendSV_Handler                         0x08001c68   Section        0  stm32f0xx_it.o(i.PendSV_Handler)
    i.RCC_AHBPeriphClockCmd                  0x08001c6c   Section        0  stm32f0xx_rcc.o(i.RCC_AHBPeriphClockCmd)
    i.RCC_APB1PeriphClockCmd                 0x08001c88   Section        0  stm32f0xx_rcc.o(i.RCC_APB1PeriphClockCmd)
    i.RCC_APB1PeriphResetCmd                 0x08001ca4   Section        0  stm32f0xx_rcc.o(i.RCC_APB1PeriphResetCmd)
    i.RCC_APB2PeriphClockCmd                 0x08001cc0   Section        0  stm32f0xx_rcc.o(i.RCC_APB2PeriphClockCmd)
    i.RCC_APB2PeriphResetCmd                 0x08001cdc   Section        0  stm32f0xx_rcc.o(i.RCC_APB2PeriphResetCmd)
    i.RCC_GetClocksFreq                      0x08001cf8   Section        0  stm32f0xx_rcc.o(i.RCC_GetClocksFreq)
    i.SDA_IN                                 0x08001e8c   Section        0  i2c_soft.o(i.SDA_IN)
    i.SDA_OUT                                0x08001ea6   Section        0  i2c_soft.o(i.SDA_OUT)
    i.SVC_Handler                            0x08001ebe   Section        0  stm32f0xx_it.o(i.SVC_Handler)
    i.SetSysClock                            0x08001ec0   Section        0  system_stm32f0xx.o(i.SetSysClock)
    SetSysClock                              0x08001ec1   Thumb Code   148  system_stm32f0xx.o(i.SetSysClock)
    i.SysTick_Handler                        0x08001f5c   Section        0  stm32f0xx_it.o(i.SysTick_Handler)
    i.SystemInit                             0x08001f60   Section        0  system_stm32f0xx.o(i.SystemInit)
    i.TIM_ARRPreloadConfig                   0x08001fc0   Section        0  stm32f0xx_tim.o(i.TIM_ARRPreloadConfig)
    i.TIM_Cmd                                0x08001fd6   Section        0  stm32f0xx_tim.o(i.TIM_Cmd)
    i.TIM_OC4Init                            0x08001ff0   Section        0  stm32f0xx_tim.o(i.TIM_OC4Init)
    i.TIM_OC4PreloadConfig                   0x0800205c   Section        0  stm32f0xx_tim.o(i.TIM_OC4PreloadConfig)
    i.TIM_TimeBaseInit                       0x08002070   Section        0  stm32f0xx_tim.o(i.TIM_TimeBaseInit)
    i.USART1_IRQHandler                      0x080020e4   Section        0  stm32f0xx_it.o(i.USART1_IRQHandler)
    i.USART_Cmd                              0x0800210c   Section        0  stm32f0xx_usart.o(i.USART_Cmd)
    i.USART_DeInit                           0x08002124   Section        0  stm32f0xx_usart.o(i.USART_DeInit)
    i.USART_GetFlagStatus                    0x08002210   Section        0  stm32f0xx_usart.o(i.USART_GetFlagStatus)
    i.USART_GetITStatus                      0x0800221e   Section        0  stm32f0xx_usart.o(i.USART_GetITStatus)
    i.USART_HalfDuplexCmd                    0x0800225a   Section        0  stm32f0xx_usart.o(i.USART_HalfDuplexCmd)
    i.USART_ITConfig                         0x08002270   Section        0  stm32f0xx_usart.o(i.USART_ITConfig)
    i.USART_Init                             0x080022a0   Section        0  stm32f0xx_usart.o(i.USART_Init)
    i.USART_ReceiveData                      0x08002350   Section        0  stm32f0xx_usart.o(i.USART_ReceiveData)
    i.USART_SendData                         0x08002358   Section        0  stm32f0xx_usart.o(i.USART_SendData)
    i.__ARM_fpclassify                       0x08002360   Section        0  fpclassify.o(i.__ARM_fpclassify)
    i.__kernel_poly                          0x0800238c   Section        0  poly.o(i.__kernel_poly)
    i.__mathlib_dbl_divzero                  0x08002438   Section        0  dunder.o(i.__mathlib_dbl_divzero)
    i.__mathlib_dbl_infnan                   0x0800244c   Section        0  dunder.o(i.__mathlib_dbl_infnan)
    i.__mathlib_dbl_infnan2                  0x08002456   Section        0  dunder.o(i.__mathlib_dbl_infnan2)
    i.__mathlib_dbl_invalid                  0x0800245e   Section        0  dunder.o(i.__mathlib_dbl_invalid)
    i.__mathlib_dbl_overflow                 0x08002470   Section        0  dunder.o(i.__mathlib_dbl_overflow)
    i.__mathlib_dbl_underflow                0x08002484   Section        0  dunder.o(i.__mathlib_dbl_underflow)
    i.delay_init                             0x08002498   Section        0  delay.o(i.delay_init)
    i.delay_ms                               0x080024bc   Section        0  delay.o(i.delay_ms)
    i.delay_us                               0x080024e8   Section        0  delay.o(i.delay_us)
    i.filter                                 0x08002514   Section        0  my_bmp180_v2.o(i.filter)
    i.led_init                               0x08002614   Section        0  led.o(i.led_init)
    i.log                                    0x080026b0   Section        0  log.o(i.log)
    i.main                                   0x08002a04   Section        0  main.o(i.main)
    i.mb_update                              0x08002b18   Section        0  msb.o(i.mb_update)
    i.pow                                    0x08002b4c   Section        0  pow.o(i.pow)
    i.sqrt                                   0x08003548   Section        0  sqrt.o(i.sqrt)
    x$fpl$deqf                               0x08003590   Section      100  deqf.o(x$fpl$deqf)
    x$fpl$drleqf                             0x080035f4   Section      104  drlef.o(x$fpl$drleqf)
    x$fpl$fadd                               0x0800365c   Section      140  faddsub.o(x$fpl$fadd)
    _fadd1                                   0x08003669   Thumb Code     0  faddsub.o(x$fpl$fadd)
    x$fpl$fmul                               0x080036e8   Section      176  fmul.o(x$fpl$fmul)
    x$fpl$frsb                               0x08003798   Section       24  faddsub.o(x$fpl$frsb)
    x$fpl$fsub                               0x080037b0   Section      208  faddsub.o(x$fpl$fsub)
    _fsub1                                   0x080037bd   Thumb Code     0  faddsub.o(x$fpl$fsub)
    .constdata                               0x08003880   Section      128  ddiv.o(.constdata)
    x$fpl$usenofp                            0x08003880   Section        0  usenofp.o(x$fpl$usenofp)
    ddiv_reciptbl                            0x08003880   Data         128  ddiv.o(.constdata)
    .constdata                               0x08003900   Section       64  fdiv.o(.constdata)
    fdiv_tab                                 0x08003900   Data          64  fdiv.o(.constdata)
    .constdata                               0x08003940   Section       56  log.o(.constdata)
    Lg2                                      0x08003940   Data          24  log.o(.constdata)
    Lg                                       0x08003958   Data          32  log.o(.constdata)
    .constdata                               0x08003978   Section      136  pow.o(.constdata)
    bp                                       0x08003978   Data          16  pow.o(.constdata)
    dp_h                                     0x08003988   Data          16  pow.o(.constdata)
    dp_l                                     0x08003998   Data          16  pow.o(.constdata)
    L                                        0x080039a8   Data          48  pow.o(.constdata)
    P                                        0x080039d8   Data          40  pow.o(.constdata)
    .constdata                               0x08003a00   Section        8  qnan.o(.constdata)
    .data                                    0x20000000   Section       12  main.o(.data)
    .data                                    0x2000000c   Section        1  stm32f0xx_it.o(.data)
    .data                                    0x2000000d   Section       16  stm32f0xx_rcc.o(.data)
    APBAHBPrescTable                         0x2000000d   Data          16  stm32f0xx_rcc.o(.data)
    .data                                    0x2000001e   Section        4  delay.o(.data)
    fac_us                                   0x2000001e   Data           1  delay.o(.data)
    fac_ms                                   0x20000020   Data           2  delay.o(.data)
    .data                                    0x20000022   Section        1  msb.o(.data)
    .data                                    0x20000024   Section       92  my_bmp180_v2.o(.data)
    .bss                                     0x20000080   Section       64  msb.o(.bss)
    .bss                                     0x200000c0   Section       48  my_bmp180_v2.o(.bss)
    .bss                                     0x200000f0   Section       96  libspace.o(.bss)
    HEAP                                     0x20000150   Section      512  startup_stm32f030.o(HEAP)
    Heap_Mem                                 0x20000150   Data         512  startup_stm32f030.o(HEAP)
    STACK                                    0x20000350   Section     1024  startup_stm32f030.o(STACK)
    Stack_Mem                                0x20000350   Data        1024  startup_stm32f030.o(STACK)
    __initial_sp                             0x20000750   Data           0  startup_stm32f030.o(STACK)

    Global Symbols

    Symbol Name                              Value     Ov Type        Size  Object(Section)

    BuildAttributes$$THM_ISAv3M$S$PE$A:L22$X:L11$S22$IEEE1$IW$USESV6$~STKCKD$USESV7$~SHL$OTIME$ROPI$IEEEX$EBA8$UX$STANDARDLIB$REQ8$PRES8$EABIv2 0x00000000   Number         0  anon$$obj.o ABSOLUTE
    __ARM_use_no_argv                        0x00000000   Number         0  main.o ABSOLUTE
    __ARM_exceptions_init                     - Undefined Weak Reference
    __alloca_initialize                       - Undefined Weak Reference
    __arm_preinit_                            - Undefined Weak Reference
    __cpp_initialize__aeabi_                  - Undefined Weak Reference
    __cxa_finalize                            - Undefined Weak Reference
    __rt_locale                               - Undefined Weak Reference
    __sigvec_lookup                           - Undefined Weak Reference
    _atexit_init                              - Undefined Weak Reference
    _call_atexit_fns                          - Undefined Weak Reference
    _clock_init                               - Undefined Weak Reference
    _fp_trap_init                             - Undefined Weak Reference
    _fp_trap_shutdown                         - Undefined Weak Reference
    _get_lc_collate                           - Undefined Weak Reference
    _get_lc_ctype                             - Undefined Weak Reference
    _get_lc_monetary                          - Undefined Weak Reference
    _get_lc_numeric                           - Undefined Weak Reference
    _get_lc_time                              - Undefined Weak Reference
    _getenv_init                              - Undefined Weak Reference
    _handle_redirection                       - Undefined Weak Reference
    _init_alloc                               - Undefined Weak Reference
    _init_user_alloc                          - Undefined Weak Reference
    _initio                                   - Undefined Weak Reference
    _rand_init                                - Undefined Weak Reference
    _signal_finish                            - Undefined Weak Reference
    _signal_init                              - Undefined Weak Reference
    _terminate_alloc                          - Undefined Weak Reference
    _terminate_user_alloc                     - Undefined Weak Reference
    _terminateio                              - Undefined Weak Reference
    __Vectors_Size                           0x000000b4   Number         0  startup_stm32f030.o ABSOLUTE
    __Vectors                                0x08000000   Data           4  startup_stm32f030.o(RESET)
    __Vectors_End                            0x080000b4   Data           0  startup_stm32f030.o(RESET)
    __main                                   0x080000b5   Thumb Code     8  __main.o(!!!main)
    __scatterload                            0x080000bd   Thumb Code     0  __scatter.o(!!!scatter)
    __scatterload_rt2                        0x080000bd   Thumb Code    52  __scatter.o(!!!scatter)
    __scatterload_rt2_thumb_only             0x080000bd   Thumb Code     0  __scatter.o(!!!scatter)
    __scatterload_null                       0x080000cd   Thumb Code     0  __scatter.o(!!!scatter)
    __scatterload_copy                       0x080000f9   Thumb Code    26  __scatter_copy.o(!!handler_copy)
    __scatterload_zeroinit                   0x08000115   Thumb Code    28  __scatter_zi.o(!!handler_zi)
    __rt_lib_init                            0x08000131   Thumb Code     0  libinit.o(.ARM.Collect$$libinit$$00000000)
    __rt_lib_init_alloca_1                   0x08000133   Thumb Code     0  libinit2.o(.ARM.Collect$$libinit$$0000002E)
    __rt_lib_init_argv_1                     0x08000133   Thumb Code     0  libinit2.o(.ARM.Collect$$libinit$$0000002C)
    __rt_lib_init_atexit_1                   0x08000133   Thumb Code     0  libinit2.o(.ARM.Collect$$libinit$$0000001B)
    __rt_lib_init_clock_1                    0x08000133   Thumb Code     0  libinit2.o(.ARM.Collect$$libinit$$00000021)
    __rt_lib_init_cpp_1                      0x08000133   Thumb Code     0  libinit2.o(.ARM.Collect$$libinit$$00000032)
    __rt_lib_init_exceptions_1               0x08000133   Thumb Code     0  libinit2.o(.ARM.Collect$$libinit$$00000030)
    __rt_lib_init_fp_1                       0x08000133   Thumb Code     0  libinit2.o(.ARM.Collect$$libinit$$00000002)
    __rt_lib_init_fp_trap_1                  0x08000133   Thumb Code     0  libinit2.o(.ARM.Collect$$libinit$$0000001F)
    __rt_lib_init_getenv_1                   0x08000133   Thumb Code     0  libinit2.o(.ARM.Collect$$libinit$$00000023)
    __rt_lib_init_heap_1                     0x08000133   Thumb Code     0  libinit2.o(.ARM.Collect$$libinit$$0000000A)
    __rt_lib_init_lc_collate_1               0x08000133   Thumb Code     0  libinit2.o(.ARM.Collect$$libinit$$00000011)
    __rt_lib_init_lc_ctype_1                 0x08000133   Thumb Code     0  libinit2.o(.ARM.Collect$$libinit$$00000013)
    __rt_lib_init_lc_monetary_1              0x08000133   Thumb Code     0  libinit2.o(.ARM.Collect$$libinit$$00000015)
    __rt_lib_init_lc_numeric_1               0x08000133   Thumb Code     0  libinit2.o(.ARM.Collect$$libinit$$00000017)
    __rt_lib_init_lc_time_1                  0x08000133   Thumb Code     0  libinit2.o(.ARM.Collect$$libinit$$00000019)
    __rt_lib_init_preinit_1                  0x08000133   Thumb Code     0  libinit2.o(.ARM.Collect$$libinit$$00000004)
    __rt_lib_init_rand_1                     0x08000133   Thumb Code     0  libinit2.o(.ARM.Collect$$libinit$$0000000E)
    __rt_lib_init_return                     0x08000133   Thumb Code     0  libinit2.o(.ARM.Collect$$libinit$$00000033)
    __rt_lib_init_signal_1                   0x08000133   Thumb Code     0  libinit2.o(.ARM.Collect$$libinit$$0000001D)
    __rt_lib_init_stdio_1                    0x08000133   Thumb Code     0  libinit2.o(.ARM.Collect$$libinit$$00000025)
    __rt_lib_init_user_alloc_1               0x08000133   Thumb Code     0  libinit2.o(.ARM.Collect$$libinit$$0000000C)
    __rt_lib_shutdown                        0x08000135   Thumb Code     0  libshutdown.o(.ARM.Collect$$libshutdown$$00000000)
    __rt_lib_shutdown_cpp_1                  0x08000137   Thumb Code     0  libshutdown2.o(.ARM.Collect$$libshutdown$$00000002)
    __rt_lib_shutdown_fp_trap_1              0x08000137   Thumb Code     0  libshutdown2.o(.ARM.Collect$$libshutdown$$00000007)
    __rt_lib_shutdown_heap_1                 0x08000137   Thumb Code     0  libshutdown2.o(.ARM.Collect$$libshutdown$$0000000F)
    __rt_lib_shutdown_return                 0x08000137   Thumb Code     0  libshutdown2.o(.ARM.Collect$$libshutdown$$00000010)
    __rt_lib_shutdown_signal_1               0x08000137   Thumb Code     0  libshutdown2.o(.ARM.Collect$$libshutdown$$0000000A)
    __rt_lib_shutdown_stdio_1                0x08000137   Thumb Code     0  libshutdown2.o(.ARM.Collect$$libshutdown$$00000004)
    __rt_lib_shutdown_user_alloc_1           0x08000137   Thumb Code     0  libshutdown2.o(.ARM.Collect$$libshutdown$$0000000C)
    __rt_entry                               0x08000139   Thumb Code     0  __rtentry.o(.ARM.Collect$$rtentry$$00000000)
    __rt_entry_presh_1                       0x08000139   Thumb Code     0  __rtentry2.o(.ARM.Collect$$rtentry$$00000002)
    __rt_entry_sh                            0x08000139   Thumb Code     0  __rtentry4.o(.ARM.Collect$$rtentry$$00000004)
    __rt_entry_li                            0x0800013f   Thumb Code     0  __rtentry2.o(.ARM.Collect$$rtentry$$0000000A)
    __rt_entry_postsh_1                      0x0800013f   Thumb Code     0  __rtentry2.o(.ARM.Collect$$rtentry$$00000009)
    __rt_entry_main                          0x08000143   Thumb Code     0  __rtentry2.o(.ARM.Collect$$rtentry$$0000000D)
    __rt_entry_postli_1                      0x08000143   Thumb Code     0  __rtentry2.o(.ARM.Collect$$rtentry$$0000000C)
    __rt_exit                                0x0800014b   Thumb Code     0  rtexit.o(.ARM.Collect$$rtexit$$00000000)
    __rt_exit_ls                             0x0800014d   Thumb Code     0  rtexit2.o(.ARM.Collect$$rtexit$$00000003)
    __rt_exit_prels_1                        0x0800014d   Thumb Code     0  rtexit2.o(.ARM.Collect$$rtexit$$00000002)
    __rt_exit_exit                           0x08000151   Thumb Code     0  rtexit2.o(.ARM.Collect$$rtexit$$00000004)
    Reset_Handler                            0x08000159   Thumb Code    38  startup_stm32f030.o(.text)
    ADC1_IRQHandler                          0x08000189   Thumb Code     0  startup_stm32f030.o(.text)
    DMA1_Channel1_IRQHandler                 0x08000189   Thumb Code     0  startup_stm32f030.o(.text)
    DMA1_Channel2_3_IRQHandler               0x08000189   Thumb Code     0  startup_stm32f030.o(.text)
    DMA1_Channel4_5_IRQHandler               0x08000189   Thumb Code     0  startup_stm32f030.o(.text)
    EXTI0_1_IRQHandler                       0x08000189   Thumb Code     0  startup_stm32f030.o(.text)
    EXTI2_3_IRQHandler                       0x08000189   Thumb Code     0  startup_stm32f030.o(.text)
    EXTI4_15_IRQHandler                      0x08000189   Thumb Code     0  startup_stm32f030.o(.text)
    FLASH_IRQHandler                         0x08000189   Thumb Code     0  startup_stm32f030.o(.text)
    I2C1_IRQHandler                          0x08000189   Thumb Code     0  startup_stm32f030.o(.text)
    I2C2_IRQHandler                          0x08000189   Thumb Code     0  startup_stm32f030.o(.text)
    RCC_IRQHandler                           0x08000189   Thumb Code     0  startup_stm32f030.o(.text)
    RTC_IRQHandler                           0x08000189   Thumb Code     0  startup_stm32f030.o(.text)
    SPI1_IRQHandler                          0x08000189   Thumb Code     0  startup_stm32f030.o(.text)
    SPI2_IRQHandler                          0x08000189   Thumb Code     0  startup_stm32f030.o(.text)
    TIM14_IRQHandler                         0x08000189   Thumb Code     0  startup_stm32f030.o(.text)
    TIM15_IRQHandler                         0x08000189   Thumb Code     0  startup_stm32f030.o(.text)
    TIM16_IRQHandler                         0x08000189   Thumb Code     0  startup_stm32f030.o(.text)
    TIM17_IRQHandler                         0x08000189   Thumb Code     0  startup_stm32f030.o(.text)
    TIM1_BRK_UP_TRG_COM_IRQHandler           0x08000189   Thumb Code     0  startup_stm32f030.o(.text)
    TIM1_CC_IRQHandler                       0x08000189   Thumb Code     0  startup_stm32f030.o(.text)
    TIM3_IRQHandler                          0x08000189   Thumb Code     0  startup_stm32f030.o(.text)
    USART2_IRQHandler                        0x08000189   Thumb Code     0  startup_stm32f030.o(.text)
    WWDG_IRQHandler                          0x08000189   Thumb Code     0  startup_stm32f030.o(.text)
    __user_initial_stackheap                 0x0800018d   Thumb Code     0  startup_stm32f030.o(.text)
    __aeabi_uidiv                            0x080001cd   Thumb Code     0  aeabi_sdiv.o(.text)
    __aeabi_uidivmod                         0x080001cd   Thumb Code    20  aeabi_sdiv.o(.text)
    __aeabi_idiv                             0x080001e1   Thumb Code     0  aeabi_sdiv.o(.text)
    __aeabi_idivmod                          0x080001e1   Thumb Code   326  aeabi_sdiv.o(.text)
    __use_two_region_memory                  0x08000327   Thumb Code     2  heapauxi.o(.text)
    __rt_heap_escrow$2region                 0x08000329   Thumb Code     2  heapauxi.o(.text)
    __rt_heap_expand$2region                 0x0800032b   Thumb Code     2  heapauxi.o(.text)
    __aeabi_d2f                              0x0800032d   Thumb Code     0  d2f.o(.text)
    _d2f                                     0x0800032d   Thumb Code   120  d2f.o(.text)
    __aeabi_dadd                             0x080006a1   Thumb Code     0  daddsub.o(.text)
    _dadd                                    0x080006a1   Thumb Code    26  daddsub.o(.text)
    __aeabi_dsub                             0x080006bb   Thumb Code     0  daddsub.o(.text)
    _dsub                                    0x080006bb   Thumb Code    22  daddsub.o(.text)
    __aeabi_drsub                            0x080006d1   Thumb Code     0  daddsub.o(.text)
    _drsb                                    0x080006d1   Thumb Code    28  daddsub.o(.text)
    __aeabi_ddiv                             0x08000701   Thumb Code     0  ddiv.o(.text)
    _ddiv                                    0x08000701   Thumb Code  1072  ddiv.o(.text)
    _drdiv                                   0x08000b31   Thumb Code    20  ddiv.o(.text)
    __aeabi_i2d_normalise                    0x08000b49   Thumb Code    66  dflti.o(.text)
    __aeabi_i2d                              0x08000b8b   Thumb Code    16  dflti.o(.text)
    _dflt                                    0x08000b8b   Thumb Code     0  dflti.o(.text)
    __aeabi_ui2d                             0x08000b9b   Thumb Code     6  dflti.o(.text)
    _dfltu                                   0x08000b9b   Thumb Code     0  dflti.o(.text)
    __aeabi_dmul                             0x08000ba1   Thumb Code     0  dmul.o(.text)
    _dmul                                    0x08000ba1   Thumb Code   558  dmul.o(.text)
    __ARM_scalbn                             0x08000de9   Thumb Code    84  dscalbn.o(.text)
    __aeabi_f2d                              0x08000e49   Thumb Code     0  f2d.o(.text)
    _f2d                                     0x08000e49   Thumb Code    80  f2d.o(.text)
    __aeabi_fdiv                             0x08000e9d   Thumb Code     0  fdiv.o(.text)
    _fdiv                                    0x08000e9d   Thumb Code   334  fdiv.o(.text)
    _frdiv                                   0x08000feb   Thumb Code     8  fdiv.o(.text)
    __aeabi_f2iz                             0x08000ffd   Thumb Code     0  ffixi.o(.text)
    _ffix                                    0x08000ffd   Thumb Code    76  ffixi.o(.text)
    __aeabi_i2f_normalise                    0x08001049   Thumb Code    72  fflti.o(.text)
    __aeabi_i2f                              0x08001091   Thumb Code    16  fflti.o(.text)
    _fflt                                    0x08001091   Thumb Code     0  fflti.o(.text)
    __aeabi_ui2f                             0x080010a1   Thumb Code     6  fflti.o(.text)
    _ffltu                                   0x080010a1   Thumb Code     0  fflti.o(.text)
    __read_errno                             0x080010a7   Thumb Code    10  _rserrno.o(.text)
    __set_errno                              0x080010b1   Thumb Code    12  _rserrno.o(.text)
    __fpl_dcmp_InfNaN                        0x080010bd   Thumb Code   140  dcmpin.o(.text)
    _dsqrt                                   0x0800114d   Thumb Code   248  dsqrt.o(.text)
    __aeabi_errno_addr                       0x0800124d   Thumb Code     8  rt_errno_addr_intlibspace.o(.text)
    __errno$intlibspace                      0x0800124d   Thumb Code     0  rt_errno_addr_intlibspace.o(.text)
    __rt_errno_addr$intlibspace              0x0800124d   Thumb Code     0  rt_errno_addr_intlibspace.o(.text)
    __fpl_cmpreturn                          0x08001255   Thumb Code    46  cmpret.o(.text)
    __fpl_dcheck_NaN2                        0x08001285   Thumb Code    14  dnan2.o(.text)
    __user_libspace                          0x08001299   Thumb Code     8  libspace.o(.text)
    __user_perproc_libspace                  0x08001299   Thumb Code     0  libspace.o(.text)
    __user_perthread_libspace                0x08001299   Thumb Code     0  libspace.o(.text)
    __user_setup_stackheap                   0x080012a1   Thumb Code    62  sys_stackheap_outer.o(.text)
    exit                                     0x080012df   Thumb Code    16  exit.o(.text)
    __fpl_return_NaN                         0x080012ef   Thumb Code    94  retnan.o(.text)
    _sys_exit                                0x0800134d   Thumb Code     8  sys_exit.o(.text)
    __I$use$semihosting                      0x08001359   Thumb Code     0  use_no_semi.o(.text)
    __use_no_semihosting_swi                 0x08001359   Thumb Code     2  use_no_semi.o(.text)
    __semihosting_library_function           0x0800135b   Thumb Code     0  indicate_semi.o(.text)
    BMP180_calcTrueTemperature               0x0800135d   Thumb Code    72  my_bmp180_v2.o(i.BMP180_calcTrueTemperature)
    BMP180_getCalData                        0x080013a9   Thumb Code   230  my_bmp180_v2.o(i.BMP180_getCalData)
    BMP180_init                              0x08001495   Thumb Code   188  my_bmp180_v2.o(i.BMP180_init)
    BMP180_readmem                           0x08001575   Thumb Code    16  my_bmp180_v2.o(i.BMP180_readmem)
    BMP180_setMode                           0x08001585   Thumb Code     6  my_bmp180_v2.o(i.BMP180_setMode)
    BMP180_writemem                          0x08001591   Thumb Code    14  my_bmp180_v2.o(i.BMP180_writemem)
    BMP_init                                 0x0800159f   Thumb Code    20  my_bmp180_v2.o(i.BMP_init)
    GPIO_Init                                0x080015b3   Thumb Code   112  stm32f0xx_gpio.o(i.GPIO_Init)
    GPIO_PinAFConfig                         0x08001623   Thumb Code    32  stm32f0xx_gpio.o(i.GPIO_PinAFConfig)
    GPIO_ReadInputDataBit                    0x08001643   Thumb Code    14  stm32f0xx_gpio.o(i.GPIO_ReadInputDataBit)
    GPIO_ResetBits                           0x08001651   Thumb Code     4  stm32f0xx_gpio.o(i.GPIO_ResetBits)
    GPIO_SetBits                             0x08001655   Thumb Code     4  stm32f0xx_gpio.o(i.GPIO_SetBits)
    HW_msb_init_Sensor                       0x08001659   Thumb Code   144  msb.o(i.HW_msb_init_Sensor)
    HW_msb_send                              0x080016f1   Thumb Code    26  msb.o(i.HW_msb_send)
    HW_msb_send_IT                           0x08001711   Thumb Code    28  msb.o(i.HW_msb_send_IT)
    HardFault_Handler                        0x08001731   Thumb Code     2  stm32f0xx_it.o(i.HardFault_Handler)
    IIC_Ack                                  0x08001733   Thumb Code    56  i2c_soft.o(i.IIC_Ack)
    IIC_Init                                 0x0800176b   Thumb Code    54  i2c_soft.o(i.IIC_Init)
    IIC_NAck                                 0x080017a1   Thumb Code    56  i2c_soft.o(i.IIC_NAck)
    IIC_Read_Byte                            0x080017d9   Thumb Code    90  i2c_soft.o(i.IIC_Read_Byte)
    IIC_Send_Byte                            0x08001833   Thumb Code    94  i2c_soft.o(i.IIC_Send_Byte)
    IIC_Start                                0x08001891   Thumb Code    56  i2c_soft.o(i.IIC_Start)
    IIC_Stop                                 0x080018c9   Thumb Code    56  i2c_soft.o(i.IIC_Stop)
    IIC_Wait_Ack                             0x08001901   Thumb Code    88  i2c_soft.o(i.IIC_Wait_Ack)
    IICreadBytes                             0x08001959   Thumb Code    96  i2c_soft.o(i.IICreadBytes)
    IICwriteByte                             0x080019b9   Thumb Code    12  i2c_soft.o(i.IICwriteByte)
    IICwriteBytes                            0x080019c5   Thumb Code    66  i2c_soft.o(i.IICwriteBytes)
    LED_PWM                                  0x08001a09   Thumb Code    22  led.o(i.LED_PWM)
    MY_ALT_CAL                               0x08001a25   Thumb Code   120  my_bmp180_v2.o(i.MY_ALT_CAL)
    MY_BMP180_Routing                        0x08001ab5   Thumb Code   330  my_bmp180_v2.o(i.MY_BMP180_Routing)
    NMI_Handler                              0x08001c15   Thumb Code     2  stm32f0xx_it.o(i.NMI_Handler)
    NVIC_Init                                0x08001c19   Thumb Code    72  stm32f0xx_misc.o(i.NVIC_Init)
    PendSV_Handler                           0x08001c69   Thumb Code     2  stm32f0xx_it.o(i.PendSV_Handler)
    RCC_AHBPeriphClockCmd                    0x08001c6d   Thumb Code    22  stm32f0xx_rcc.o(i.RCC_AHBPeriphClockCmd)
    RCC_APB1PeriphClockCmd                   0x08001c89   Thumb Code    22  stm32f0xx_rcc.o(i.RCC_APB1PeriphClockCmd)
    RCC_APB1PeriphResetCmd                   0x08001ca5   Thumb Code    22  stm32f0xx_rcc.o(i.RCC_APB1PeriphResetCmd)
    RCC_APB2PeriphClockCmd                   0x08001cc1   Thumb Code    22  stm32f0xx_rcc.o(i.RCC_APB2PeriphClockCmd)
    RCC_APB2PeriphResetCmd                   0x08001cdd   Thumb Code    22  stm32f0xx_rcc.o(i.RCC_APB2PeriphResetCmd)
    RCC_GetClocksFreq                        0x08001cf9   Thumb Code   374  stm32f0xx_rcc.o(i.RCC_GetClocksFreq)
    SDA_IN                                   0x08001e8d   Thumb Code    26  i2c_soft.o(i.SDA_IN)
    SDA_OUT                                  0x08001ea7   Thumb Code    24  i2c_soft.o(i.SDA_OUT)
    SVC_Handler                              0x08001ebf   Thumb Code     2  stm32f0xx_it.o(i.SVC_Handler)
    SysTick_Handler                          0x08001f5d   Thumb Code     2  stm32f0xx_it.o(i.SysTick_Handler)
    SystemInit                               0x08001f61   Thumb Code    84  system_stm32f0xx.o(i.SystemInit)
    TIM_ARRPreloadConfig                     0x08001fc1   Thumb Code    22  stm32f0xx_tim.o(i.TIM_ARRPreloadConfig)
    TIM_Cmd                                  0x08001fd7   Thumb Code    24  stm32f0xx_tim.o(i.TIM_Cmd)
    TIM_OC4Init                              0x08001ff1   Thumb Code    82  stm32f0xx_tim.o(i.TIM_OC4Init)
    TIM_OC4PreloadConfig                     0x0800205d   Thumb Code    14  stm32f0xx_tim.o(i.TIM_OC4PreloadConfig)
    TIM_TimeBaseInit                         0x08002071   Thumb Code    88  stm32f0xx_tim.o(i.TIM_TimeBaseInit)
    USART1_IRQHandler                        0x080020e5   Thumb Code    28  stm32f0xx_it.o(i.USART1_IRQHandler)
    USART_Cmd                                0x0800210d   Thumb Code    24  stm32f0xx_usart.o(i.USART_Cmd)
    USART_DeInit                             0x08002125   Thumb Code   204  stm32f0xx_usart.o(i.USART_DeInit)
    USART_GetFlagStatus                      0x08002211   Thumb Code    14  stm32f0xx_usart.o(i.USART_GetFlagStatus)
    USART_GetITStatus                        0x0800221f   Thumb Code    60  stm32f0xx_usart.o(i.USART_GetITStatus)
    USART_HalfDuplexCmd                      0x0800225b   Thumb Code    22  stm32f0xx_usart.o(i.USART_HalfDuplexCmd)
    USART_ITConfig                           0x08002271   Thumb Code    46  stm32f0xx_usart.o(i.USART_ITConfig)
    USART_Init                               0x080022a1   Thumb Code   156  stm32f0xx_usart.o(i.USART_Init)
    USART_ReceiveData                        0x08002351   Thumb Code     8  stm32f0xx_usart.o(i.USART_ReceiveData)
    USART_SendData                           0x08002359   Thumb Code     8  stm32f0xx_usart.o(i.USART_SendData)
    __ARM_fpclassify                         0x08002361   Thumb Code    40  fpclassify.o(i.__ARM_fpclassify)
    __kernel_poly                            0x0800238d   Thumb Code   172  poly.o(i.__kernel_poly)
    __mathlib_dbl_divzero                    0x08002439   Thumb Code    16  dunder.o(i.__mathlib_dbl_divzero)
    __mathlib_dbl_infnan                     0x0800244d   Thumb Code    10  dunder.o(i.__mathlib_dbl_infnan)
    __mathlib_dbl_infnan2                    0x08002457   Thumb Code     8  dunder.o(i.__mathlib_dbl_infnan2)
    __mathlib_dbl_invalid                    0x0800245f   Thumb Code    16  dunder.o(i.__mathlib_dbl_invalid)
    __mathlib_dbl_overflow                   0x08002471   Thumb Code    16  dunder.o(i.__mathlib_dbl_overflow)
    __mathlib_dbl_underflow                  0x08002485   Thumb Code    14  dunder.o(i.__mathlib_dbl_underflow)
    delay_init                               0x08002499   Thumb Code    26  delay.o(i.delay_init)
    delay_ms                                 0x080024bd   Thumb Code    34  delay.o(i.delay_ms)
    delay_us                                 0x080024e9   Thumb Code    34  delay.o(i.delay_us)
    filter                                   0x08002515   Thumb Code   232  my_bmp180_v2.o(i.filter)
    led_init                                 0x08002615   Thumb Code   144  led.o(i.led_init)
    log                                      0x080026b1   Thumb Code   790  log.o(i.log)
    main                                     0x08002a05   Thumb Code   252  main.o(i.main)
    mb_update                                0x08002b19   Thumb Code    44  msb.o(i.mb_update)
    pow                                      0x08002b4d   Thumb Code  2548  pow.o(i.pow)
    sqrt                                     0x08003549   Thumb Code    66  sqrt.o(i.sqrt)
    __aeabi_cdcmpeq                          0x08003591   Thumb Code     0  deqf.o(x$fpl$deqf)
    _dcmpeq                                  0x08003591   Thumb Code    94  deqf.o(x$fpl$deqf)
    __aeabi_cdrcmple                         0x080035f5   Thumb Code     0  drlef.o(x$fpl$drleqf)
    _drcmple                                 0x080035f5   Thumb Code   100  drlef.o(x$fpl$drleqf)
    __aeabi_fadd                             0x0800365d   Thumb Code     0  faddsub.o(x$fpl$fadd)
    _fadd                                    0x0800365d   Thumb Code   134  faddsub.o(x$fpl$fadd)
    __aeabi_fmul                             0x080036e9   Thumb Code     0  fmul.o(x$fpl$fmul)
    _fmul                                    0x080036e9   Thumb Code   172  fmul.o(x$fpl$fmul)
    __aeabi_frsub                            0x08003799   Thumb Code     0  faddsub.o(x$fpl$frsb)
    _frsb                                    0x08003799   Thumb Code    24  faddsub.o(x$fpl$frsb)
    __aeabi_fsub                             0x080037b1   Thumb Code     0  faddsub.o(x$fpl$fsub)
    _fsub                                    0x080037b1   Thumb Code   204  faddsub.o(x$fpl$fsub)
    __I$use$fp                               0x08003880   Number         0  usenofp.o(x$fpl$usenofp)
    __mathlib_zero                           0x08003a00   Data           8  qnan.o(.constdata)
    Region$$Table$$Base                      0x08003a08   Number         0  anon$$obj.o(Region$$Table)
    Region$$Table$$Limit                     0x08003a28   Number         0  anon$$obj.o(Region$$Table)
    ALT                                      0x20000000   Data           2  main.o(.data)
    TEMP                                     0x20000002   Data           2  main.o(.data)
    MAX_ALT                                  0x20000004   Data           2  main.o(.data)
    temp1                                    0x20000008   Data           4  main.o(.data)
    HW_MSB_DATA                              0x2000000c   Data           1  stm32f0xx_it.o(.data)
    MB_DATA_Update_Status                    0x20000022   Data           1  msb.o(.data)
    ac1                                      0x20000024   Data           2  my_bmp180_v2.o(.data)
    ac2                                      0x20000026   Data           2  my_bmp180_v2.o(.data)
    ac3                                      0x20000028   Data           2  my_bmp180_v2.o(.data)
    b1                                       0x2000002a   Data           2  my_bmp180_v2.o(.data)
    b2                                       0x2000002c   Data           2  my_bmp180_v2.o(.data)
    mb                                       0x2000002e   Data           2  my_bmp180_v2.o(.data)
    mc                                       0x20000030   Data           2  my_bmp180_v2.o(.data)
    md                                       0x20000032   Data           2  my_bmp180_v2.o(.data)
    ac4                                      0x20000034   Data           2  my_bmp180_v2.o(.data)
    ac5                                      0x20000036   Data           2  my_bmp180_v2.o(.data)
    ac6                                      0x20000038   Data           2  my_bmp180_v2.o(.data)
    _oss                                     0x2000003a   Data           2  my_bmp180_v2.o(.data)
    _buff                                    0x2000003c   Data           3  my_bmp180_v2.o(.data)
    my_P0                                    0x20000040   Data           4  my_bmp180_v2.o(.data)
    K                                        0x20000044   Data           4  my_bmp180_v2.o(.data)
    K0                                       0x20000048   Data           4  my_bmp180_v2.o(.data)
    b5                                       0x2000004c   Data           4  my_bmp180_v2.o(.data)
    my_T                                     0x20000050   Data           4  my_bmp180_v2.o(.data)
    my_P                                     0x20000054   Data           4  my_bmp180_v2.o(.data)
    my_A                                     0x20000058   Data           4  my_bmp180_v2.o(.data)
    _cm_Offset                               0x2000005c   Data           4  my_bmp180_v2.o(.data)
    _Pa_Offset                               0x20000060   Data           4  my_bmp180_v2.o(.data)
    last_Temperature                         0x20000064   Data           4  my_bmp180_v2.o(.data)
    last_Pressure                            0x20000068   Data           4  my_bmp180_v2.o(.data)
    last_Alt                                 0x2000006c   Data           4  my_bmp180_v2.o(.data)
    E                                        0x20000070   Data           4  my_bmp180_v2.o(.data)
    Var                                      0x20000074   Data           4  my_bmp180_v2.o(.data)
    E_quad                                   0x20000078   Data           4  my_bmp180_v2.o(.data)
    K_filter                                 0x2000007c   Data           4  my_bmp180_v2.o(.data)
    mb_data                                  0x20000080   Data          64  msb.o(.bss)
    BMP180_DATA                              0x200000c0   Data          16  my_bmp180_v2.o(.bss)
    Pa                                       0x200000d0   Data          20  my_bmp180_v2.o(.bss)
    Ergibnis                                 0x200000e4   Data          12  my_bmp180_v2.o(.bss)
    __libspace_start                         0x200000f0   Data          96  libspace.o(.bss)
    __temporary_stack_top$libspace           0x20000150   Data           0  libspace.o(.bss)



==============================================================================

Memory Map of the image

  Image Entry point : 0x080000b5

  Load Region LR_IROM1 (Base: 0x08000000, Size: 0x00003aa8, Max: 0x00004000, ABSOLUTE)

    Execution Region ER_IROM1 (Base: 0x08000000, Size: 0x00003a28, Max: 0x00004000, ABSOLUTE)

    Base Addr    Size         Type   Attr      Idx    E Section Name        Object

    0x08000000   0x000000b4   Data   RO          211    RESET               startup_stm32f030.o
    0x080000b4   0x00000008   Code   RO         4318  * !!!main             c_p.l(__main.o)
    0x080000bc   0x0000003c   Code   RO         4596    !!!scatter          c_p.l(__scatter.o)
    0x080000f8   0x0000001a   Code   RO         4598    !!handler_copy      c_p.l(__scatter_copy.o)
    0x08000112   0x00000002   PAD
    0x08000114   0x0000001c   Code   RO         4600    !!handler_zi        c_p.l(__scatter_zi.o)
    0x08000130   0x00000002   Code   RO         4466    .ARM.Collect$$libinit$$00000000  c_p.l(libinit.o)
    0x08000132   0x00000000   Code   RO         4479    .ARM.Collect$$libinit$$00000002  c_p.l(libinit2.o)
    0x08000132   0x00000000   Code   RO         4481    .ARM.Collect$$libinit$$00000004  c_p.l(libinit2.o)
    0x08000132   0x00000000   Code   RO         4484    .ARM.Collect$$libinit$$0000000A  c_p.l(libinit2.o)
    0x08000132   0x00000000   Code   RO         4486    .ARM.Collect$$libinit$$0000000C  c_p.l(libinit2.o)
    0x08000132   0x00000000   Code   RO         4488    .ARM.Collect$$libinit$$0000000E  c_p.l(libinit2.o)
    0x08000132   0x00000000   Code   RO         4491    .ARM.Collect$$libinit$$00000011  c_p.l(libinit2.o)
    0x08000132   0x00000000   Code   RO         4493    .ARM.Collect$$libinit$$00000013  c_p.l(libinit2.o)
    0x08000132   0x00000000   Code   RO         4495    .ARM.Collect$$libinit$$00000015  c_p.l(libinit2.o)
    0x08000132   0x00000000   Code   RO         4497    .ARM.Collect$$libinit$$00000017  c_p.l(libinit2.o)
    0x08000132   0x00000000   Code   RO         4499    .ARM.Collect$$libinit$$00000019  c_p.l(libinit2.o)
    0x08000132   0x00000000   Code   RO         4501    .ARM.Collect$$libinit$$0000001B  c_p.l(libinit2.o)
    0x08000132   0x00000000   Code   RO         4503    .ARM.Collect$$libinit$$0000001D  c_p.l(libinit2.o)
    0x08000132   0x00000000   Code   RO         4505    .ARM.Collect$$libinit$$0000001F  c_p.l(libinit2.o)
    0x08000132   0x00000000   Code   RO         4507    .ARM.Collect$$libinit$$00000021  c_p.l(libinit2.o)
    0x08000132   0x00000000   Code   RO         4509    .ARM.Collect$$libinit$$00000023  c_p.l(libinit2.o)
    0x08000132   0x00000000   Code   RO         4511    .ARM.Collect$$libinit$$00000025  c_p.l(libinit2.o)
    0x08000132   0x00000000   Code   RO         4515    .ARM.Collect$$libinit$$0000002C  c_p.l(libinit2.o)
    0x08000132   0x00000000   Code   RO         4517    .ARM.Collect$$libinit$$0000002E  c_p.l(libinit2.o)
    0x08000132   0x00000000   Code   RO         4519    .ARM.Collect$$libinit$$00000030  c_p.l(libinit2.o)
    0x08000132   0x00000000   Code   RO         4521    .ARM.Collect$$libinit$$00000032  c_p.l(libinit2.o)
    0x08000132   0x00000002   Code   RO         4522    .ARM.Collect$$libinit$$00000033  c_p.l(libinit2.o)
    0x08000134   0x00000002   Code   RO         4553    .ARM.Collect$$libshutdown$$00000000  c_p.l(libshutdown.o)
    0x08000136   0x00000000   Code   RO         4579    .ARM.Collect$$libshutdown$$00000002  c_p.l(libshutdown2.o)
    0x08000136   0x00000000   Code   RO         4581    .ARM.Collect$$libshutdown$$00000004  c_p.l(libshutdown2.o)
    0x08000136   0x00000000   Code   RO         4584    .ARM.Collect$$libshutdown$$00000007  c_p.l(libshutdown2.o)
    0x08000136   0x00000000   Code   RO         4587    .ARM.Collect$$libshutdown$$0000000A  c_p.l(libshutdown2.o)
    0x08000136   0x00000000   Code   RO         4589    .ARM.Collect$$libshutdown$$0000000C  c_p.l(libshutdown2.o)
    0x08000136   0x00000000   Code   RO         4592    .ARM.Collect$$libshutdown$$0000000F  c_p.l(libshutdown2.o)
    0x08000136   0x00000002   Code   RO         4593    .ARM.Collect$$libshutdown$$00000010  c_p.l(libshutdown2.o)
    0x08000138   0x00000000   Code   RO         4384    .ARM.Collect$$rtentry$$00000000  c_p.l(__rtentry.o)
    0x08000138   0x00000000   Code   RO         4420    .ARM.Collect$$rtentry$$00000002  c_p.l(__rtentry2.o)
    0x08000138   0x00000006   Code   RO         4432    .ARM.Collect$$rtentry$$00000004  c_p.l(__rtentry4.o)
    0x0800013e   0x00000000   Code   RO         4422    .ARM.Collect$$rtentry$$00000009  c_p.l(__rtentry2.o)
    0x0800013e   0x00000004   Code   RO         4423    .ARM.Collect$$rtentry$$0000000A  c_p.l(__rtentry2.o)
    0x08000142   0x00000000   Code   RO         4425    .ARM.Collect$$rtentry$$0000000C  c_p.l(__rtentry2.o)
    0x08000142   0x00000008   Code   RO         4426    .ARM.Collect$$rtentry$$0000000D  c_p.l(__rtentry2.o)
    0x0800014a   0x00000002   Code   RO         4470    .ARM.Collect$$rtexit$$00000000  c_p.l(rtexit.o)
    0x0800014c   0x00000000   Code   RO         4526    .ARM.Collect$$rtexit$$00000002  c_p.l(rtexit2.o)
    0x0800014c   0x00000004   Code   RO         4527    .ARM.Collect$$rtexit$$00000003  c_p.l(rtexit2.o)
    0x08000150   0x00000006   Code   RO         4528    .ARM.Collect$$rtexit$$00000004  c_p.l(rtexit2.o)
    0x08000156   0x00000002   PAD
    0x08000158   0x00000074   Code   RO          212    .text               startup_stm32f030.o
    0x080001cc   0x0000015a   Code   RO         4312    .text               c_p.l(aeabi_sdiv.o)
    0x08000326   0x00000006   Code   RO         4316    .text               c_p.l(heapauxi.o)
    0x0800032c   0x0000007c   Code   RO         4320    .text               fz_ps.l(d2f.o)
    0x080003a8   0x00000358   Code   RO         4322    .text               fz_ps.l(daddsub.o)
    0x08000700   0x00000448   Code   RO         4324    .text               fz_ps.l(ddiv.o)
    0x08000b48   0x00000058   Code   RO         4331    .text               fz_ps.l(dflti.o)
    0x08000ba0   0x00000248   Code   RO         4335    .text               fz_ps.l(dmul.o)
    0x08000de8   0x00000060   Code   RO         4337    .text               fz_ps.l(dscalbn.o)
    0x08000e48   0x00000054   Code   RO         4339    .text               fz_ps.l(f2d.o)
    0x08000e9c   0x00000160   Code   RO         4347    .text               fz_ps.l(fdiv.o)
    0x08000ffc   0x0000004c   Code   RO         4350    .text               fz_ps.l(ffixi.o)
    0x08001048   0x0000005e   Code   RO         4352    .text               fz_ps.l(fflti.o)
    0x080010a6   0x00000016   Code   RO         4391    .text               c_p.l(_rserrno.o)
    0x080010bc   0x00000090   Code   RO         4393    .text               fz_ps.l(dcmpin.o)
    0x0800114c   0x00000100   Code   RO         4397    .text               fz_ps.l(dsqrt.o)
    0x0800124c   0x00000008   Code   RO         4443    .text               c_p.l(rt_errno_addr_intlibspace.o)
    0x08001254   0x0000002e   Code   RO         4445    .text               fz_ps.l(cmpret.o)
    0x08001282   0x00000002   PAD
    0x08001284   0x00000014   Code   RO         4447    .text               fz_ps.l(dnan2.o)
    0x08001298   0x00000008   Code   RO         4449    .text               c_p.l(libspace.o)
    0x080012a0   0x0000003e   Code   RO         4452    .text               c_p.l(sys_stackheap_outer.o)
    0x080012de   0x00000010   Code   RO         4455    .text               c_p.l(exit.o)
    0x080012ee   0x0000005e   Code   RO         4467    .text               fz_ps.l(retnan.o)
    0x0800134c   0x0000000c   Code   RO         4523    .text               c_p.l(sys_exit.o)
    0x08001358   0x00000002   Code   RO         4542    .text               c_p.l(use_no_semi.o)
    0x0800135a   0x00000000   Code   RO         4544    .text               c_p.l(indicate_semi.o)
    0x0800135a   0x00000002   PAD
    0x0800135c   0x0000004c   Code   RO         4123    i.BMP180_calcTrueTemperature  my_bmp180_v2.o
    0x080013a8   0x000000ec   Code   RO         4124    i.BMP180_getCalData  my_bmp180_v2.o
    0x08001494   0x000000e0   Code   RO         4125    i.BMP180_init       my_bmp180_v2.o
    0x08001574   0x00000010   Code   RO         4127    i.BMP180_readmem    my_bmp180_v2.o
    0x08001584   0x0000000c   Code   RO         4128    i.BMP180_setMode    my_bmp180_v2.o
    0x08001590   0x0000000e   Code   RO         4129    i.BMP180_writemem   my_bmp180_v2.o
    0x0800159e   0x00000014   Code   RO         4130    i.BMP_init          my_bmp180_v2.o
    0x080015b2   0x00000070   Code   RO         1356    i.GPIO_Init         stm32f0xx_gpio.o
    0x08001622   0x00000020   Code   RO         1357    i.GPIO_PinAFConfig  stm32f0xx_gpio.o
    0x08001642   0x0000000e   Code   RO         1360    i.GPIO_ReadInputDataBit  stm32f0xx_gpio.o
    0x08001650   0x00000004   Code   RO         1363    i.GPIO_ResetBits    stm32f0xx_gpio.o
    0x08001654   0x00000004   Code   RO         1364    i.GPIO_SetBits      stm32f0xx_gpio.o
    0x08001658   0x00000098   Code   RO         4072    i.HW_msb_init_Sensor  msb.o
    0x080016f0   0x00000020   Code   RO         4073    i.HW_msb_send       msb.o
    0x08001710   0x00000020   Code   RO         4074    i.HW_msb_send_IT    msb.o
    0x08001730   0x00000002   Code   RO          149    i.HardFault_Handler  stm32f0xx_it.o
    0x08001732   0x00000038   Code   RO         3919    i.IIC_Ack           i2c_soft.o
    0x0800176a   0x00000036   Code   RO         3920    i.IIC_Init          i2c_soft.o
    0x080017a0   0x00000038   Code   RO         3921    i.IIC_NAck          i2c_soft.o
    0x080017d8   0x0000005a   Code   RO         3922    i.IIC_Read_Byte     i2c_soft.o
    0x08001832   0x0000005e   Code   RO         3923    i.IIC_Send_Byte     i2c_soft.o
    0x08001890   0x00000038   Code   RO         3924    i.IIC_Start         i2c_soft.o
    0x080018c8   0x00000038   Code   RO         3925    i.IIC_Stop          i2c_soft.o
    0x08001900   0x00000058   Code   RO         3926    i.IIC_Wait_Ack      i2c_soft.o
    0x08001958   0x00000060   Code   RO         3928    i.IICreadBytes      i2c_soft.o
    0x080019b8   0x0000000c   Code   RO         3931    i.IICwriteByte      i2c_soft.o
    0x080019c4   0x00000042   Code   RO         3932    i.IICwriteBytes     i2c_soft.o
    0x08001a06   0x00000002   PAD
    0x08001a08   0x0000001c   Code   RO         4043    i.LED_PWM           led.o
    0x08001a24   0x00000090   Code   RO         4131    i.MY_ALT_CAL        my_bmp180_v2.o
    0x08001ab4   0x00000160   Code   RO         4132    i.MY_BMP180_Routing  my_bmp180_v2.o
    0x08001c14   0x00000002   Code   RO          150    i.NMI_Handler       stm32f0xx_it.o
    0x08001c16   0x00000002   PAD
    0x08001c18   0x00000050   Code   RO         1769    i.NVIC_Init         stm32f0xx_misc.o
    0x08001c68   0x00000002   Code   RO          151    i.PendSV_Handler    stm32f0xx_it.o
    0x08001c6a   0x00000002   PAD
    0x08001c6c   0x0000001c   Code   RO         1876    i.RCC_AHBPeriphClockCmd  stm32f0xx_rcc.o
    0x08001c88   0x0000001c   Code   RO         1878    i.RCC_APB1PeriphClockCmd  stm32f0xx_rcc.o
    0x08001ca4   0x0000001c   Code   RO         1879    i.RCC_APB1PeriphResetCmd  stm32f0xx_rcc.o
    0x08001cc0   0x0000001c   Code   RO         1880    i.RCC_APB2PeriphClockCmd  stm32f0xx_rcc.o
    0x08001cdc   0x0000001c   Code   RO         1881    i.RCC_APB2PeriphResetCmd  stm32f0xx_rcc.o
    0x08001cf8   0x00000194   Code   RO         1890    i.RCC_GetClocksFreq  stm32f0xx_rcc.o
    0x08001e8c   0x0000001a   Code   RO         3934    i.SDA_IN            i2c_soft.o
    0x08001ea6   0x00000018   Code   RO         3935    i.SDA_OUT           i2c_soft.o
    0x08001ebe   0x00000002   Code   RO          152    i.SVC_Handler       stm32f0xx_it.o
    0x08001ec0   0x0000009c   Code   RO          218    i.SetSysClock       system_stm32f0xx.o
    0x08001f5c   0x00000002   Code   RO          153    i.SysTick_Handler   stm32f0xx_it.o
    0x08001f5e   0x00000002   PAD
    0x08001f60   0x00000060   Code   RO          220    i.SystemInit        system_stm32f0xx.o
    0x08001fc0   0x00000016   Code   RO         2745    i.TIM_ARRPreloadConfig  stm32f0xx_tim.o
    0x08001fd6   0x00000018   Code   RO         2757    i.TIM_Cmd           stm32f0xx_tim.o
    0x08001fee   0x00000002   PAD
    0x08001ff0   0x0000006c   Code   RO         2801    i.TIM_OC4Init       stm32f0xx_tim.o
    0x0800205c   0x00000014   Code   RO         2803    i.TIM_OC4PreloadConfig  stm32f0xx_tim.o
    0x08002070   0x00000074   Code   RO         2830    i.TIM_TimeBaseInit  stm32f0xx_tim.o
    0x080020e4   0x00000028   Code   RO          154    i.USART1_IRQHandler  stm32f0xx_it.o
    0x0800210c   0x00000018   Code   RO         3316    i.USART_Cmd         stm32f0xx_usart.o
    0x08002124   0x000000ec   Code   RO         3322    i.USART_DeInit      stm32f0xx_usart.o
    0x08002210   0x0000000e   Code   RO         3324    i.USART_GetFlagStatus  stm32f0xx_usart.o
    0x0800221e   0x0000003c   Code   RO         3325    i.USART_GetITStatus  stm32f0xx_usart.o
    0x0800225a   0x00000016   Code   RO         3326    i.USART_HalfDuplexCmd  stm32f0xx_usart.o
    0x08002270   0x0000002e   Code   RO         3327    i.USART_ITConfig    stm32f0xx_usart.o
    0x0800229e   0x00000002   PAD
    0x080022a0   0x000000b0   Code   RO         3328    i.USART_Init        stm32f0xx_usart.o
    0x08002350   0x00000008   Code   RO         3340    i.USART_ReceiveData  stm32f0xx_usart.o
    0x08002358   0x00000008   Code   RO         3345    i.USART_SendData    stm32f0xx_usart.o
    0x08002360   0x0000002c   Code   RO         4414    i.__ARM_fpclassify  m_ps.l(fpclassify.o)
    0x0800238c   0x000000ac   Code   RO         4416    i.__kernel_poly     m_ps.l(poly.o)
    0x08002438   0x00000014   Code   RO         4400    i.__mathlib_dbl_divzero  m_ps.l(dunder.o)
    0x0800244c   0x0000000a   Code   RO         4401    i.__mathlib_dbl_infnan  m_ps.l(dunder.o)
    0x08002456   0x00000008   Code   RO         4402    i.__mathlib_dbl_infnan2  m_ps.l(dunder.o)
    0x0800245e   0x00000010   Code   RO         4403    i.__mathlib_dbl_invalid  m_ps.l(dunder.o)
    0x0800246e   0x00000002   PAD
    0x08002470   0x00000014   Code   RO         4404    i.__mathlib_dbl_overflow  m_ps.l(dunder.o)
    0x08002484   0x00000014   Code   RO         4406    i.__mathlib_dbl_underflow  m_ps.l(dunder.o)
    0x08002498   0x00000024   Code   RO         3881    i.delay_init        delay.o
    0x080024bc   0x0000002c   Code   RO         3882    i.delay_ms          delay.o
    0x080024e8   0x0000002c   Code   RO         3883    i.delay_us          delay.o
    0x08002514   0x00000100   Code   RO         4133    i.filter            my_bmp180_v2.o
    0x08002614   0x0000009c   Code   RO         4044    i.led_init          led.o
    0x080026b0   0x00000354   Code   RO         4357    i.log               m_ps.l(log.o)
    0x08002a04   0x00000114   Code   RO            3    i.main              main.o
    0x08002b18   0x00000034   Code   RO         4075    i.mb_update         msb.o
    0x08002b4c   0x000009fc   Code   RO         4367    i.pow               m_ps.l(pow.o)
    0x08003548   0x00000048   Code   RO         4377    i.sqrt              m_ps.l(sqrt.o)
    0x08003590   0x00000064   Code   RO         4327    x$fpl$deqf          fz_ps.l(deqf.o)
    0x080035f4   0x00000068   Code   RO         4395    x$fpl$drleqf        fz_ps.l(drlef.o)
    0x0800365c   0x0000008c   Code   RO         4341    x$fpl$fadd          fz_ps.l(faddsub.o)
    0x080036e8   0x000000b0   Code   RO         4354    x$fpl$fmul          fz_ps.l(fmul.o)
    0x08003798   0x00000018   Code   RO         4342    x$fpl$frsb          fz_ps.l(faddsub.o)
    0x080037b0   0x000000d0   Code   RO         4343    x$fpl$fsub          fz_ps.l(faddsub.o)
    0x08003880   0x00000000   Code   RO         4399    x$fpl$usenofp       fz_ps.l(usenofp.o)
    0x08003880   0x00000080   Data   RO         4325    .constdata          fz_ps.l(ddiv.o)
    0x08003900   0x00000040   Data   RO         4348    .constdata          fz_ps.l(fdiv.o)
    0x08003940   0x00000038   Data   RO         4358    .constdata          m_ps.l(log.o)
    0x08003978   0x00000088   Data   RO         4368    .constdata          m_ps.l(pow.o)
    0x08003a00   0x00000008   Data   RO         4418    .constdata          m_ps.l(qnan.o)
    0x08003a08   0x00000020   Data   RO         4594    Region$$Table       anon$$obj.o


    Execution Region RW_IRAM1 (Base: 0x20000000, Size: 0x00000750, Max: 0x00001000, ABSOLUTE)

    Base Addr    Size         Type   Attr      Idx    E Section Name        Object

    0x20000000   0x0000000c   Data   RW            4    .data               main.o
    0x2000000c   0x00000001   Data   RW          157    .data               stm32f0xx_it.o
    0x2000000d   0x00000010   Data   RW         1916    .data               stm32f0xx_rcc.o
    0x2000001d   0x00000001   PAD
    0x2000001e   0x00000004   Data   RW         3884    .data               delay.o
    0x20000022   0x00000001   Data   RW         4079    .data               msb.o
    0x20000023   0x00000001   PAD
    0x20000024   0x0000005c   Data   RW         4138    .data               my_bmp180_v2.o
    0x20000080   0x00000040   Zero   RW         4077    .bss                msb.o
    0x200000c0   0x00000030   Zero   RW         4136    .bss                my_bmp180_v2.o
    0x200000f0   0x00000060   Zero   RW         4450    .bss                c_p.l(libspace.o)
    0x20000150   0x00000200   Zero   RW          210    HEAP                startup_stm32f030.o
    0x20000350   0x00000400   Zero   RW          209    STACK               startup_stm32f030.o


==============================================================================

Image component sizes


      Code (inc. data)   RO Data    RW Data    ZI Data      Debug   Object Name

       124         30          0          4          0       1519   delay.o
       774          0          0          0          0       7159   i2c_soft.o
       184         18          0          0          0       1085   led.o
       276         24          0         12          0     211378   main.o
       268         26          0          1         64       4153   msb.o
      1350        122          0         92         48       7572   my_bmp180_v2.o
       116         56        180          0       1536        652   startup_stm32f030.o
       166          0          0          0          0       3879   stm32f0xx_gpio.o
        50         12          0          1          0       2959   stm32f0xx_it.o
        80          8          0          0          0       1156   stm32f0xx_misc.o
       544         60          0         16          0       5388   stm32f0xx_rcc.o
       290         60          0          0          0       4157   stm32f0xx_tim.o
       594         52          0          0          0       7642   stm32f0xx_usart.o
       252         20          0          0          0       1389   system_stm32f0xx.o

    ----------------------------------------------------------------------
      5080        488        212        128       1648     260088   Object Totals
         0          0         32          0          0          0   (incl. Generated)
        12          0          0          2          0          0   (incl. Padding)

    ----------------------------------------------------------------------

      Code (inc. data)   RO Data    RW Data    ZI Data      Debug   Library Member Name

         8          0          0          0          0         68   __main.o
         0          0          0          0          0          0   __rtentry.o
        12          0          0          0          0          0   __rtentry2.o
         6          0          0          0          0          0   __rtentry4.o
        60          8          0          0          0          0   __scatter.o
        26          0          0          0          0          0   __scatter_copy.o
        28          0          0          0          0          0   __scatter_zi.o
        22          0          0          0          0         92   _rserrno.o
       346          0          0          0          0         92   aeabi_sdiv.o
        16          0          0          0          0         68   exit.o
         6          0          0          0          0        136   heapauxi.o
         0          0          0          0          0          0   indicate_semi.o
         2          0          0          0          0          0   libinit.o
         2          0          0          0          0          0   libinit2.o
         2          0          0          0          0          0   libshutdown.o
         2          0          0          0          0          0   libshutdown2.o
         8          4          0          0         96         68   libspace.o
         8          4          0          0          0         68   rt_errno_addr_intlibspace.o
         2          0          0          0          0          0   rtexit.o
        10          0          0          0          0          0   rtexit2.o
        12          4          0          0          0         60   sys_exit.o
        62          0          0          0          0         80   sys_stackheap_outer.o
         2          0          0          0          0         68   use_no_semi.o
        46          0          0          0          0         60   cmpret.o
       124          4          0          0          0         72   d2f.o
       856         20          0          0          0        208   daddsub.o
       144          4          0          0          0         76   dcmpin.o
      1096         26        128          0          0        112   ddiv.o
       100          4          0          0          0         92   deqf.o
        88          0          0          0          0         92   dflti.o
       584         26          0          0          0         84   dmul.o
        20          6          0          0          0         68   dnan2.o
       104          4          0          0          0        104   drlef.o
        96         12          0          0          0         72   dscalbn.o
       256          8          0          0          0         76   dsqrt.o
        84          4          0          0          0         60   f2d.o
       372          8          0          0          0        240   faddsub.o
       352         10         64          0          0         92   fdiv.o
        76          0          0          0          0         68   ffixi.o
        94          0          0          0          0         92   fflti.o
       176          4          0          0          0         80   fmul.o
        94          0          0          0          0         68   retnan.o
         0          0          0          0          0          0   usenofp.o
        94         14          0          0          0        408   dunder.o
        44          4          0          0          0         60   fpclassify.o
       852         62         56          0          0        136   log.o
       172          0          0          0          0         76   poly.o
      2556        196        136          0          0        240   pow.o
         0          0          8          0          0          0   qnan.o
        72          6          0          0          0         76   sqrt.o

    ----------------------------------------------------------------------
      9204        442        392          0         96       3612   Library Totals
        10          0          0          0          0          0   (incl. Padding)

    ----------------------------------------------------------------------

      Code (inc. data)   RO Data    RW Data    ZI Data      Debug   Library Name

       642         20          0          0         96        800   c_p.l
      4762        140        192          0          0       1816   fz_ps.l
      3790        282        200          0          0        996   m_ps.l

    ----------------------------------------------------------------------
      9204        442        392          0         96       3612   Library Totals

    ----------------------------------------------------------------------

==============================================================================


      Code (inc. data)   RO Data    RW Data    ZI Data      Debug   

     14284        930        604        128       1744     259232   Grand Totals
     14284        930        604        128       1744     259232   ELF Image Totals
     14284        930        604        128          0          0   ROM Totals

==============================================================================

    Total RO  Size (Code + RO Data)                14888 (  14.54kB)
    Total RW  Size (RW Data + ZI Data)              1872 (   1.83kB)
    Total ROM Size (Code + RO Data + RW Data)      15016 (  14.66kB)

==============================================================================

