<html>
<body>
<pre>
<h1>µVision Build Log</h1>
<h2>Tool Versions:</h2>
IDE-Version: ¦ÌVision V5.16.0.0
Copyright (C) 2015 ARM Ltd and ARM Germany GmbH. All rights reserved.
License Information: kimi kimi, kimi, LIC=FQQ63-AK18H-PEBH1-CJ6EB-TF584-9TISY
 
Tool Versions:
Toolchain:       MDK-ARM Professional  Version: 5.16.0.0
Toolchain Path:  e:\Keil_v5\ARM\ARMCC\Bin
C Compiler:      Armcc.exe V5.06 (build 20)
Assembler:       Armasm.exe V5.06 (build 20)
Linker/Locator:  ArmLink.exe V5.06 (build 20)
Library Manager: ArmAr.exe V5.06 (build 20)
Hex Converter:   FromElf.exe V5.06 (build 20)
CPU DLL:         SARMCM3.DLL V5.16.0.0
Dialog DLL:      DARMCM1.DLL V1.12.0.0
Target DLL:      UL2CM3.DLL V1.155.12.0
Dialog DLL:      TARMCM1.DLL V1.9.0.0
 
<h2>Project:</h2>
C:\Users\nksta\Desktop\m0\git\m0.uvprojx
Project File Date:  11/05/2015

<h2>Output:</h2>
*** Using Compiler 'V5.06 (build 20)', folder: 'e:\Keil_v5\ARM\ARMCC\Bin'
Build target 'sensor_ARM_M0_BMP280'
assembling startup_stm32f030.s...
compiling main.c...
compiling stm32f0xx_it.c...
compiling system_stm32f0xx.c...
compiling stm32f0xx_comp.c...
compiling stm32f0xx_cec.c...
compiling stm32f0xx_adc.c...
compiling stm32f0xx_crc.c...
compiling stm32f0xx_can.c...
compiling stm32f0xx_crs.c...
compiling stm32f0xx_exti.c...
compiling stm32f0xx_dbgmcu.c...
compiling stm32f0xx_dma.c...
compiling stm32f0xx_flash.c...
compiling stm32f0xx_dac.c...
compiling stm32f0xx_gpio.c...
compiling stm32f0xx_iwdg.c...
compiling stm32f0xx_misc.c...
compiling stm32f0xx_pwr.c...
compiling stm32f0xx_i2c.c...
compiling stm32f0xx_spi.c...
compiling stm32f0xx_rcc.c...
compiling stm32f0xx_rtc.c...
compiling stm32f0xx_syscfg.c...
compiling stm32f0xx_wwdg.c...
compiling stm32f0xx_usart.c...
compiling stm32f0xx_tim.c...
linking...
Program Size: Code=716 RO-data=196 RW-data=0 ZI-data=1632  
FromELF: creating hex file...
".\Objects\m0.axf" - 0 Error(s), 0 Warning(s).

<h2>Collection of Component include folders:</h2>
  C:\Users\nksta\Desktop\m0\git\RTE
  e:\Keil_v5\ARM\PACK\Keil\STM32F0xx_DFP\1.4.0\Device\Include

<h2>Collection of Component Files used:</h2>
Build Time Elapsed:  00:00:04
</pre>
</body>
</html>
